07-25 14:43:44.872 E/OplusCustomizeRestrictionManagerService( 1923): isBiometricDisabled start
07-25 14:43:44.872 D/OplusPowerManagerHelper( 1923): [requestKeyguard]
07-25 14:43:44.872 I/PowerGroup( 1923): Waking up power group from Dozing (groupId=0, uid=10184, reason=WAKE_REASON_UNKNOWN, details=oplus.wakeup.gesture:LIFT_HAND)...
07-25 14:43:44.873 D/PowerManagerService( 1923): userActivityNoUpdateLocked: groupId=0, eventTime=2006979636, event=other, flags=0x0, uid=10184
07-25 14:43:44.873 I/PowerManagerService( 1923): Waking up from Dozing (uid=10184, reason=WAKE_REASON_UNKNOWN, details=oplus.wakeup.gesture:LIFT_HAND)...
07-25 14:43:44.879 E/ActivityManager( 1923): Cancel pending or running compactions as system is awake
07-25 14:43:44.882 D/OplusUserManagerServiceEnhance( 1923): getMultiSystemUserId  res = -10000
07-25 14:43:44.884 D/OplusUserManagerServiceEnhance( 1923): getMultiSystemUserId  res = -10000
07-25 14:43:44.887 D/OplusVFXScreenEffectFeature( 1923): notifySFUpdateVFXEffectState state VFX_SCREEN_POWER_ON NeedNotify true
07-25 14:43:44.890 D/OplusScreenOffTorchHelper( 1923): onWakeUp
07-25 14:43:44.891 D/DeviceStateProviderImpl( 1923): keyguard show or sleep: false mLastReportedState 0
07-25 14:43:44.892 D/DisplayPowerController[0]( 1923): requestPowerState: policy=BRIGHT, useProximitySensor=false, screenBrightnessOverride=-1.0, useAutoBrightness=false, screenAutoBrightnessAdjustmentOverride=NaN, screenLowPowerBrightnessFactor=1.0, blockScreenOn=false, lowPowerMode=false, boostScreenBrightness=false, dozeScreenBrightness=NaN, dozeScreenState=UNKNOWN, waitForNegativeProximity=false displayReady=false pendingRequest=true
07-25 14:43:44.893 D/DisplayManagerServiceExtImpl( 1923): request size(1,1),dpc=com.android.server.display.DisplayPowerController@65c876f size(0,1),flags=0X200F,id(0,0,local:4627039422300187648),enable=true,ready=false,waitForNegativeProximity=false policy=BRIGHT,useProximitySensor=false,dozeState=UNKNOWN,screenBrightnessOverride=-1.000000,useAuto=false,lowPower=false,lowPowerFactor=1.000000
07-25 14:43:44.893 I/OplusSmartBrightnessController( 1923): handleMessage MSG_UPDATE_BRIGHTNESS_NO_ANIMATION changed:true
07-25 14:43:44.900 D/OplusFeatureAOD( 1923): clearDozeStateMap
07-25 14:43:44.901 D/OplusSmartBrightnessController( 1923): onScreenEvent isScreenOn displayId[0]=true isFolding=false policy=BRIGHT
07-25 14:43:44.902 D/VRR [OPlusRefreshRateService]( 1923): handleScreenStateChange state: 2
07-25 14:43:44.903 W/ProcessStats( 1923): Tracking association SourceState{357f7b6 com.oplus.statistics.rom/10090 BFgs #10527507} whose proc state 4 is better than process ProcessState{d546e1a com.heytap.market/10336 pkg=com.heytap.market} proc state 8 (78 skipped)
07-25 14:43:44.905 W/ContextImpl( 1923): Calling a method in the system process without a qualified user: android.app.ContextImpl.sendBroadcast:1232 com.android.server.am.OplusAppStartupConfig.handleCountRestrictedList:1385 com.android.server.am.OplusAppStartupManager.updateScreenStatus:5102 com.android.server.OplusSysStateManager$LocalService.onWakefulnessChanged:417 com.android.server.power.NotifierExtImpl.onWakefulnessChanged:130 
07-25 14:43:44.905 D/WindowManager( 1923): BarWindow--setVisible: id=2, oldState=2, state=0 call: 
07-25 14:43:44.908 D/OplusInterceptLockScreenWindow( 1923): starting IOplusLockScreenCallbacks service...
07-25 14:43:44.908 V/UsbDeviceManager( 1923): onKeyguardStateChanged: isShowing:false secure:true user:0
07-25 14:43:44.908 D/DisplayPowerState[0]( 1923): setScreenState: state=2
07-25 14:43:44.908 D/BackLightStat( 1923): setScreenState: state changed:DOZE_SUSPEND->ON
07-25 14:43:44.910 I/DreamController( 1923): Stopping dream: name=ComponentInfo{com.android.systemui/com.android.systemui.doze.DozeService}, isPreviewMode=false, canDoze=true, userId=0, reason='requested stopDream from power'
07-25 14:43:44.913 W/VRI[OplusOSEdgeFloatBar](14625): handleResized abandoned!
07-25 14:43:44.913 D/NotifierExtImpl( 1923): notifyScreenOnOff: on = true
07-25 14:43:44.913 D/OplusPowerManagerServiceEnhance( 1923): notifyScreenOnOff on=true
07-25 14:43:44.924 D/NAS-CallIssueController[0]( 2870): ActionsExecuteStateMachine recv msg:5
07-25 14:43:44.924 D/NAS-CallIssueController[1]( 2870): ActionsExecuteStateMachine recv msg:5
07-25 14:43:44.925 D/NotificationService( 1923): on screen turned on, screen locked:false
07-25 14:43:44.941 W/VRI[NotificationShade](14113): updateBlastSurfaceIfNeeded, surfaceSize:Point(1080, 2412), lastSurfaceSize:Point(1080, 2412), format:-3, blastBufferQueue:android.graphics.BLASTBufferQueue@e04dcc7
07-25 14:43:44.951 D/OplusUserManagerServiceEnhance( 1923): getMultiSystemUserId  res = -10000
07-25 14:43:44.956 D/WindowManagerServiceExtImpl( 1923): extractConfigInfoAndRealFlags rotation=0, screenDp=720, win=Window{c31e6ba u0 NotificationShade}
07-25 14:43:44.956 V/WindowManager( 1923): Relayout Window{c31e6ba u0 NotificationShade}: viewVisibility=0, oldvis=0, req=1080x2412, vsysui=
07-25 14:43:44.963 V/WindowManager( 1923): Changing focus from Window{c31e6ba u0 NotificationShade} to null,diplayid=0
07-25 14:43:44.967 D/OplusUserManagerServiceEnhance( 1923): getMultiSystemUserId  res = -10000
07-25 14:43:44.972 D/OplusAlarmAdjustment( 1923): MSG_SCREEN_ON, mScreenOnElapsed=4077928151 ms
07-25 14:43:44.972 D/OplusAlarmAdjustMap( 1923): removeAlignUid, uid=0, requester=0
07-25 14:43:44.972 D/OplusUserManagerServiceEnhance( 1923): getMultiSystemUserId  res = -10000
07-25 14:43:44.976 W/VRI[StatusBar](14113): handleResized abandoned!
07-25 14:43:44.986 D/ActivityTaskManager( 1923): Top Process State changed to PROCESS_STATE_TOP
07-25 14:43:44.987 D/WindowManager( 1923):  setIsSleeping from  true to false this=Display{#0 state=DOZE_SUSPEND size=1080x2412 ROTATION_0}
07-25 14:43:44.987 I/OplusAccessController( 1923): enter isIgnoreAppSwitchActivity
07-25 14:43:44.987 I/OplusAccessController( 1923): enter isIgnoreAppSwitchActivity and intent != null
07-25 14:43:44.987 I/OplusAccessController( 1923): enter isIgnoreAppSwitchActivity and componentName != null
07-25 14:43:44.987 I/OplusAccessController( 1923): enter isIgnoreAppSwitchActivity and packageName&activity is not Empty
07-25 14:43:44.988 E/ActivityTaskManager( 1923): setVisibility=true while transition is not collecting or finishing ActivityRecord{ec4ad12 u0 com.Slack/slack.features.messagedetails.MessageDetailsActivity t15736} caller=com.android.server.wm.ActivityRecord.setVisibility:6171 com.android.server.wm.TaskFragment.resumeTopActivity:1661 com.android.server.wm.Task.resumeTopActivityInnerLocked:5672 com.android.server.wm.Task.resumeTopActivityUncheckedLocked:5597 com.android.server.wm.Task.resumeTopActivityUncheckedLocked:5648 com.android.server.wm.RootWindowContainer.lambda$applySleepTokens$21:2771 com.android.server.wm.RootWindowContainer.$r8$lambda$D_Wc-Lh4EGRMPIlHgz7Bs4GPU0o:0 com.android.server.wm.RootWindowContainer$$ExternalSyntheticLambda12.accept:0 
07-25 14:43:44.999 D/OplusBatteryServiceFeature( 1923): nightstandby: status = 0
07-25 14:43:45.016 I/TaskOrganizerController( 1923): onTaskInfoChanged taskid 15736 config { mBounds=Rect(0, 0 - 1080, 2412) mAppBounds=Rect(0, 96 - 1080, 2364) mMaxBounds=Rect(0, 0 - 1080, 2412) mDisplayRotation=ROTATION_0 mWindowingMode=fullscreen mDisplayWindowingMode=fullscreen mActivityType=standard mAlwaysOnTop=undefined mRotation=ROTATION_0}
07-25 14:43:45.016 D/FlexibleWindowManager( 1923): onFlexibleWindowTaskInfoChanged: mTaskId = 15736 oldIsTaskEmbedded = false   curIsTaskEmbedded = false  topActivity = ComponentInfo{com.Slack/slack.features.messagedetails.MessageDetailsActivity}
07-25 14:43:45.017 D/OplusFlexibleWindowMinimizedManagerHelper( 1923): onTaskInfoChanged taskInfo:TaskInfo{userId=0 taskId=15736 displayId=0 isRunning=true baseIntent=Intent { act=android.intent.action.MAIN cat=[android.intent.category.LAUNCHER] flg=0x10200000 cmp=com.Slack/slack.features.home.HomeActivity mCallingUid=10172 } baseActivity=ComponentInfo{com.Slack/slack.features.home.HomeActivity} topActivity=ComponentInfo{com.Slack/slack.features.messagedetails.MessageDetailsActivity} origActivity=null realActivity=ComponentInfo{com.Slack/slack.features.home.HomeActivity} numActivities=2 lastActiveTime=4077924841 supportsSplitScreenMultiWindow=true supportsMultiWindow=true supportsPocketStudioMultiWindow=true isInFlexibleEmbedded = false uid = 10363 pid = 10980 resizeMode=2 isResizeable=true minWidth=-1 minHeight=-1 defaultMinSize=220 token=WCT{RemoteToken{f01315 Task{15d71c5 #15736 type=standard A=10363:com.Slack}}} topActivityType=1 pictureInPictureParams=null shouldDockBigOverlays=false launchIntoPipHostTaskId=-1 lastParentTaskIdBeforePip=-1 displayCutoutSafeInsets=Rect(0, 96 - 0, 0) topActivityInfo=ActivityInfo{8f1749d slack.features.messagedetails.MessageDetailsActivity} launchCookies=[android.os.BinderProxy@ce2d289, android.os.BinderProxy@6f7325c] positionInParent=Point(0, 0) parentTaskId=-1 isFocused=true isVisible=true isVisibleRequested=true isSleeping=false topActivityInSizeCompat=false topActivityInOplusCompatMode=false topActivityEligibleForLetterboxEducation= false topActivityLetterboxed= false isFromDoubleTap= false topActivityLetterboxVerticalPosition= -1 topActivityLetterboxHorizontalPosition= -1 topActivityLetterboxWidth=-1 topActivityLetterboxHeight=-1 locusId=null displayAreaFeatureId=1 cameraCompatControlState=hidden locusId= null topActivityLetterboxInsets=Rect(0, 0 - 0, 0)} task:Task{15d71c5 #15736 type=standard A=10363:com.Slack}
07-25 14:43:45.024 D/ShellTaskOrganizer(14113): dispatchTaskEventToClientIfNeed, eventType:2, taskInfo:TaskInfo{userId=0 taskId=15736 displayId=0 isRunning=true baseIntent=Intent { act=android.intent.action.MAIN cat=[android.intent.category.LAUNCHER] flg=0x10200000 cmp=com.Slack/slack.features.home.HomeActivity mCallingUid=10172 } baseActivity=ComponentInfo{com.Slack/slack.features.home.HomeActivity} topActivity=ComponentInfo{com.Slack/slack.features.messagedetails.MessageDetailsActivity} origActivity=null realActivity=ComponentInfo{com.Slack/slack.features.home.HomeActivity} numActivities=2 lastActiveTime=4077924841 supportsSplitScreenMultiWindow=true supportsMultiWindow=true supportsPocketStudioMultiWindow=true isInFlexibleEmbedded = false uid = 10363 pid = 10980 resizeMode=2 isResizeable=true minWidth=-1 minHeight=-1 defaultMinSize=220 token=WCT{android.window.IWindowContainerToken$Stub$Proxy@1cafc} topActivityType=1 pictureInPictureParams=null shouldDockBigOverlays=false launchIntoPipHostTaskId=-1 lastParentTaskIdBeforePip=-1 displayCutoutSafeInsets=Rect(0, 96 - 0, 0) topActivityInfo=ActivityInfo{7846585 slack.features.messagedetails.MessageDetailsActivity} launchCookies=[android.os.BinderProxy@b07e2df, android.os.BinderProxy@d5d9e2d] positionInParent=Point(0, 0) parentTaskId=-1 isFocused=true isVisible=true isVisibleRequested=true isSleeping=false topActivityInSizeCompat=false topActivityInOplusCompatMode=false topActivityEligibleForLetterboxEducation= false topActivityLetterboxed= false isFromDoubleTap= false topActivityLetterboxVerticalPosition= -1 topActivityLetterboxHorizontalPosition= -1 topActivityLetterboxWidth=-1 topActivityLetterboxHeight=-1 locusId=null displayAreaFeatureId=1 cameraCompatControlState=hidden locusId= null topActivityLetterboxInsets=Rect(0, 0 - 0, 0)}, leash:null
07-25 14:43:45.041 E/OplusCustomizeRestrictionManagerService( 1923): getMobileDataMode error :s == null
07-25 14:43:45.042 D/ActivityTaskManager( 1923): NFW_setLastResumedActivityUncheckLocked:false r:ActivityRecord{ec4ad12 u0 com.Slack/slack.features.messagedetails.MessageDetailsActivity t15736} currentFocus:null
07-25 14:43:45.046 E/ActivityTaskManager( 1923): setVisibility=true while transition is not collecting or finishing ActivityRecord{d962310 u0 com.Slack/slack.features.home.HomeActivity t15736} caller=com.android.server.wm.ActivityRecord.setVisibility:6171 com.android.server.wm.ActivityRecord.makeVisibleIfNeeded:7131 com.android.server.wm.EnsureActivitiesVisibleHelper.setActivityVisibilityState:231 com.android.server.wm.EnsureActivitiesVisibleHelper.process:162 com.android.server.wm.TaskFragment.updateActivityVisibilities:1307 com.android.server.wm.Task.lambda$ensureActivitiesVisible$22:5493 com.android.server.wm.Task.$r8$lambda$34NaRD_fRQ_51Mpf0rzQJkOOx-Q:0 com.android.server.wm.Task$$ExternalSyntheticLambda30.accept:0 
07-25 14:43:45.051 W/VRI[NotificationShade](14113): handleResized abandoned!
07-25 14:43:45.055 W/VRI[OplusOSEdgeFloatBar](14625): handleResized abandoned!
07-25 14:43:45.056 W/VRI[MessageDetailsActivity](10980): handleResized abandoned!
07-25 14:43:45.056 D/WindowManager( 1923): updateOrientation: mLastOrientation = SCREEN_ORIENTATION_NOSENSOR(5) newOrientation = SCREEN_ORIENTATION_UNSPECIFIED(-1) forceUpdate = true LastOrientationSource = ActivityRecord{d962310 u0 com.Slack/slack.features.home.HomeActivity t15736}
07-25 14:43:45.059 D/WindowManager( 1923): rotation(ROTATION_0) no changed.
07-25 14:43:45.060 I/TaskOrganizerController( 1923): onTaskInfoChanged taskid 15736 config { mBounds=Rect(0, 0 - 1080, 2412) mAppBounds=Rect(0, 96 - 1080, 2364) mMaxBounds=Rect(0, 0 - 1080, 2412) mDisplayRotation=ROTATION_0 mWindowingMode=fullscreen mDisplayWindowingMode=fullscreen mActivityType=standard mAlwaysOnTop=undefined mRotation=ROTATION_0}
07-25 14:43:45.060 D/FlexibleWindowManager( 1923): onFlexibleWindowTaskInfoChanged: mTaskId = 15736 oldIsTaskEmbedded = false   curIsTaskEmbedded = false  topActivity = ComponentInfo{com.Slack/slack.features.messagedetails.MessageDetailsActivity}
07-25 14:43:45.060 D/OplusFlexibleWindowMinimizedManagerHelper( 1923): onTaskInfoChanged taskInfo:TaskInfo{userId=0 taskId=15736 displayId=0 isRunning=true baseIntent=Intent { act=android.intent.action.MAIN cat=[android.intent.category.LAUNCHER] flg=0x10200000 cmp=com.Slack/slack.features.home.HomeActivity mCallingUid=10172 } baseActivity=ComponentInfo{com.Slack/slack.features.home.HomeActivity} topActivity=ComponentInfo{com.Slack/slack.features.messagedetails.MessageDetailsActivity} origActivity=null realActivity=ComponentInfo{com.Slack/slack.features.home.HomeActivity} numActivities=2 lastActiveTime=4077928222 supportsSplitScreenMultiWindow=true supportsMultiWindow=true supportsPocketStudioMultiWindow=true isInFlexibleEmbedded = false uid = 10363 pid = 10980 resizeMode=2 isResizeable=true minWidth=-1 minHeight=-1 defaultMinSize=220 token=WCT{RemoteToken{f01315 Task{15d71c5 #15736 type=standard A=10363:com.Slack}}} topActivityType=1 pictureInPictureParams=null shouldDockBigOverlays=false launchIntoPipHostTaskId=-1 lastParentTaskIdBeforePip=-1 displayCutoutSafeInsets=Rect(0, 96 - 0, 0) topActivityInfo=ActivityInfo{8f1749d slack.features.messagedetails.MessageDetailsActivity} launchCookies=[android.os.BinderProxy@ce2d289, android.os.BinderProxy@6f7325c] positionInParent=Point(0, 0) parentTaskId=-1 isFocused=true isVisible=true isVisibleRequested=true isSleeping=false topActivityInSizeCompat=false topActivityInOplusCompatMode=false topActivityEligibleForLetterboxEducation= false topActivityLetterboxed= false isFromDoubleTap= false topActivityLetterboxVerticalPosition= -1 topActivityLetterboxHorizontalPosition= -1 topActivityLetterboxWidth=-1 topActivityLetterboxHeight=-1 locusId=null displayAreaFeatureId=1 cameraCompatControlState=hidden locusId= null topActivityLetterboxInsets=Rect(0, 0 - 0, 0)} task:Task{15d71c5 #15736 type=standard A=10363:com.Slack}
07-25 14:43:45.062 D/TaskFragmentExtImpl( 1923): addColorModeOnResume resume=true pkg = com.Slack
07-25 14:43:45.065 D/ShellTaskOrganizer(14113): dispatchTaskEventToClientIfNeed, eventType:2, taskInfo:TaskInfo{userId=0 taskId=15736 displayId=0 isRunning=true baseIntent=Intent { act=android.intent.action.MAIN cat=[android.intent.category.LAUNCHER] flg=0x10200000 cmp=com.Slack/slack.features.home.HomeActivity mCallingUid=10172 } baseActivity=ComponentInfo{com.Slack/slack.features.home.HomeActivity} topActivity=ComponentInfo{com.Slack/slack.features.messagedetails.MessageDetailsActivity} origActivity=null realActivity=ComponentInfo{com.Slack/slack.features.home.HomeActivity} numActivities=2 lastActiveTime=4077928222 supportsSplitScreenMultiWindow=true supportsMultiWindow=true supportsPocketStudioMultiWindow=true isInFlexibleEmbedded = false uid = 10363 pid = 10980 resizeMode=2 isResizeable=true minWidth=-1 minHeight=-1 defaultMinSize=220 token=WCT{android.window.IWindowContainerToken$Stub$Proxy@ccbeb2c} topActivityType=1 pictureInPictureParams=null shouldDockBigOverlays=false launchIntoPipHostTaskId=-1 lastParentTaskIdBeforePip=-1 displayCutoutSafeInsets=Rect(0, 96 - 0, 0) topActivityInfo=ActivityInfo{482b9f5 slack.features.messagedetails.MessageDetailsActivity} launchCookies=[android.os.BinderProxy@b07e2df, android.os.BinderProxy@d5d9e2d] positionInParent=Point(0, 0) parentTaskId=-1 isFocused=true isVisible=true isVisibleRequested=true isSleeping=false topActivityInSizeCompat=false topActivityInOplusCompatMode=false topActivityEligibleForLetterboxEducation= false topActivityLetterboxed= false isFromDoubleTap= false topActivityLetterboxVerticalPosition= -1 topActivityLetterboxHorizontalPosition= -1 topActivityLetterboxWidth=-1 topActivityLetterboxHeight=-1 locusId=null displayAreaFeatureId=1 cameraCompatControlState=hidden locusId= null topActivityLetterboxInsets=Rect(0, 0 - 0, 0)}, leash:null
07-25 14:43:45.068 D/WindowManager( 1923): screenTurnedOn  Display{#0 state=DOZE_SUSPEND size=1080x2412 ROTATION_0}
07-25 14:43:45.069 D/OplusVFXScreenEffectFeature( 1923):  setColorFadeLevel 1.0
07-25 14:43:45.069 D/OplusVFXScreenEffectFeature( 1923): notifySFUpdateVFXEffectState state BRIGHTNESS_CHANGED NeedNotify false
07-25 14:43:45.070 I/ColorAutomaticBrightnessController( 1923): updateAutoBrightness: Auto, sendUpdate = false adjustment=16060.784180,changed:12->4488,modified:4488->4488->4488,changed=true,cameraMode=-1,ProximityNear=false
07-25 14:43:45.070 D/OplusSmartBrightnessController( 1923): wakeup displayId[0]=6400 -> 0
07-25 14:43:45.070 I/OplusSmartBrightnessController( 1923): setPowerOnRealTimeBrightness 2131.0
07-25 14:43:45.071 I/OplusSmartBrightnessController( 1923): handleMessage MSG_SET_SETTINGS_MIN_BRI_PREVIEW false
07-25 14:43:45.071 D/OplusFeatureHDREnhanceBrightness( 1923): setAnimating : displayId[0]=false
07-25 14:43:45.071 D/OplusFeatureReduceBrightness( 1923): setAnimating : animating = false
07-25 14:43:45.071 D/OplusFeatureEdrEnhanceBrightness( 1923): setAnimating: false
07-25 14:43:45.071 D/OplusFeaturePwEdrEnhanceBrightness( 1923): setAnimating: false
07-25 14:43:45.072 D/DpcExtImpl[0]( 1923): Animating brightness: target=0->2131,rate=6400->0,type=manual,byUse=false local:4627039422300187648
07-25 14:43:45.072 D/DisplayPowerController[0]( 1923): updatePowerStateInternal policy:DOZE->BRIGHT,state:DOZE_SUSPEND->ON policy=BRIGHT, useProximitySensor=false, screenBrightnessOverride=-1.0, useAutoBrightness=false, screenAutoBrightnessAdjustmentOverride=NaN, screenLowPowerBrightnessFactor=1.0, blockScreenOn=false, lowPowerMode=false, boostScreenBrightness=false, dozeScreenBrightness=NaN, dozeScreenState=UNKNOWN
07-25 14:43:45.073 D/DisplayPowerState[0]( 1923): Updating screen state: id=0, state=ON, backlight=2131.0, sdrBacklight=2131.0
07-25 14:43:45.075 E/OplusCustomizeRestrictionManagerService( 1923): getMobileDataMode error :s == null
07-25 14:43:45.075 D/OplusSmartBrightnessController( 1923): requestDisplayState isFirstDisplay=true state=2 globalDisplayState=0x7
07-25 14:43:45.076 D/LocalDisplayAdapter( 1923): setDisplayState(id=4627039422300187648 isFirstDisplay=true state changed:DOZE_SUSPEND->ON) t-Name=PhotonicModulator
07-25 14:43:45.077 I/DisplayDeviceRepository( 1923): Display device changed state: "Built-in screen", ON
07-25 14:43:45.077 D/LogicalDisplayExt( 1923): set displayInfo flag FLAG_ROTATES_WITH_CONTENT
07-25 14:43:45.083 D/DisplayManagerServiceExtImpl( 1923): scheduleTraversalLocked intraversal=false
07-25 14:43:45.083 I/DisplayManagerServiceExtImpl( 1923): handle logical display changed logicalDisplay=id=0,stack=0,content=true,displayInfo{stack=0,type=1,id=0,uId=local:4627039422300187648,state=ON,pkg=null}
07-25 14:43:45.084 D/WindowManagerServiceExtImpl( 1923): extractConfigInfoAndRealFlags rotation=0, screenDp=720, win=Window{c31e6ba u0 NotificationShade}
07-25 14:43:45.084 W/ContextImpl( 1923): Calling a method in the system process without a qualified user: android.app.ContextImpl.sendBroadcast:1247 com.android.server.policy.PhoneWindowManagerExtImpl$4.run:1373 java.lang.Thread.run:1012 <bottom of call stack> <bottom of call stack> 
07-25 14:43:45.085 V/WindowManager( 1923): Relayout Window{c31e6ba u0 NotificationShade}: viewVisibility=4, oldvis=0, req=1080x2412, vsysui=
07-25 14:43:45.085 I/WindowManager( 1923): Window{c31e6ba u0 NotificationShade} state from HAS_DRAWN to NO_SURFACE; reason: destroySurface
07-25 14:43:45.093 D/OplusFeatureMEMCGame_PW( 1923): OnNotificationChange enable=false mLastIrisIMVACT=false mLastIrisIMVPKG=false mLastIrisEMVMANUAL=false mLastIrisEMVAUTO=false mLastIrisSR=false mLastIrisSdr2hdr=false mLastIrisEdr=false mLastIrisHESR=false
07-25 14:43:45.093 D/DisplayManagerService( 1923): performTraversalInternal pendingTraversal
07-25 14:43:45.093 D/DisplayDevice( 1923): setLayerStackLocked id=local:4627039422300187648 token=android.os.BinderProxy@dde947c stack=0->0
07-25 14:43:45.099 D/DisplayManagerService( 1923): Delivering display event: displayId=0, event=2
07-25 14:43:45.100 E/OplusCustomizeRestrictionManagerService( 1923): getMobileDataMode error :s == null
07-25 14:43:45.100 I/WallpaperManagerServiceExt( 1923): removeDisplayData. displayId = 0
07-25 14:43:45.101 D/DisplayManagerService( 1923): Ignore redundant display event 0/2 to 10121/11151
07-25 14:43:45.102 D/DisplayManagerService( 1923): Ignore redundant display event 0/2 to 10249/15193
07-25 14:43:45.102 D/DisplayManagerService( 1923): Ignore redundant display event 0/2 to 10136/15605
07-25 14:43:45.103 D/DisplayManagerService( 1923): Ignore redundant display event 0/2 to 10439/18436
07-25 14:43:45.103 D/DisplayManagerService( 1923): Ignore redundant display event 0/2 to 10449/20483
07-25 14:43:45.103 D/DisplayManagerService( 1923): Ignore redundant display event 0/2 to 10093/21333
07-25 14:43:45.103 D/DisplayManagerService( 1923): Ignore redundant display event 0/2 to 10219/21859
07-25 14:43:45.103 D/OplusFeatureMEMCGame_PW( 1923): isScreenLock: false
07-25 14:43:45.103 D/DisplayManagerService( 1923): MSG_REQUEST_TRAVERSAL pendingCompleted=false
07-25 14:43:45.103 D/OplusFeatureMEMCGame_PW( 1923): mEdrEnable get from settings: false
07-25 14:43:45.103 D/OplusFeatureMEMCGame_PW( 1923): screen on
07-25 14:43:45.104 D/OplusFeatureMEMCGame_PW( 1923): checkTopActivity topActivityName: slack.features.messagedetails.MessageDetailsActivity topPackageName: com.Slack
07-25 14:43:45.105 D/OplusFeatureMEMCGame_PW( 1923): checkTopActivity no function
07-25 14:43:45.108 D/OplusVFXScreenEffectFeature( 1923): notifySFCompatWindowStateChange entered false
07-25 14:43:45.108 D/FlexibleWindowManager( 1923): physicalDisplayChangedForFlexibleWindow displayId 0, current display info 1080 x 2412, new display info 1080 x 2412
07-25 14:43:45.108 D/FlexibleTaskController( 1923): onDisplayChanged displayId#0 ,cur:1080x2412 ,new:1080x2412
07-25 14:43:45.108 D/FlexibleTaskController( 1923): onDisplayChanged displayId not support flexible.
07-25 14:43:45.108 D/FlexibleWindowManager( 1923): physicalDisplayChangedForFlexibleWindow return for unsupported devices
07-25 14:43:45.108 D/FSS_FoldScreenBlackCoverController( 1923): displayChangeToOn, dc:Display{#0 state=ON size=1080x2412 ROTATION_0}
07-25 14:43:45.112 I/OplusAppSwitchManagerService( 1923): appswitch registerAppSwitchObserver pName = com@@heytap@@accessory observer = com.oplus.app.IOplusAppSwitchObserver$Stub$Proxy@9f1b577 config = OplusAppSwitchConfig = {  mConfigs = {1=[TOM@@NM@@wirelesssettings@@bluetooth@@DevicePickerActivity, TOM@@android@@internal@@app@@ChooserActivity, TOM@@NM@@melody@@TOMponent@@discovery@@DiscoveryDialogActivity, TOM@@heytap@@smarthome@@webview@@PolicyWebviewActivityHalfScreen, TOM@@heytap@@smarthome@@ipc@@halfcreen@@HalfScreenDeviceFindActivity], 2=[]} observerFingerPrint = 27051057}
07-25 14:43:45.112 I/OplusAppSwitchStateDispatcher( 1923): registerAppSwitchObserver addDynamicListener OK, info = OplusAppSwitchRuleInfo = {  observer = com.oplus.app.IOplusAppSwitchObserver$Stub$Proxy@9f1b577 observerFingerPrint = 27051057} rule size =0
07-25 14:43:45.113 I/OplusSmartBrightnessController( 1923): setPowerOnRealTimeBrightness -1.0
07-25 14:43:45.114 I/OplusSmartBrightnessController( 1923): handleMessage MSG_UPDATE_BRIGHTNESS_NO_ANIMATION changed:false
07-25 14:43:45.114 I/DisplayDeviceRepository( 1923): Display device changed state: "Built-in screen", ON
07-25 14:43:45.114 D/LogicalDisplayExt( 1923): set displayInfo flag FLAG_ROTATES_WITH_CONTENT
07-25 14:43:45.117 D/DisplayManagerServiceExtImpl( 1923): scheduleTraversalLocked intraversal=false
07-25 14:43:45.117 I/DisplayManagerServiceExtImpl( 1923): handle logical display changed logicalDisplay=id=0,stack=0,content=true,displayInfo{stack=0,type=1,id=0,uId=local:4627039422300187648,state=ON,pkg=null}
07-25 14:43:45.117 D/DisplayManagerService( 1923): Delivering display event: displayId=0, event=2
07-25 14:43:45.119 D/OplusFeatureDCBacklight( 1923): notifySfRepaintEverything begin mCurrentDCMode:0brightness=2131threshold=260
07-25 14:43:45.120 I/WallpaperManagerServiceExt( 1923): removeDisplayData. displayId = 0
07-25 14:43:45.121 D/DisplayManagerService( 1923): Ignore redundant display event 0/2 to 10121/11151
07-25 14:43:45.121 D/DisplayManagerService( 1923): Ignore redundant display event 0/2 to 10249/15193
07-25 14:43:45.121 D/DisplayManagerService( 1923): Ignore redundant display event 0/2 to 10136/15605
07-25 14:43:45.121 D/DisplayManagerService( 1923): Ignore redundant display event 0/2 to 10439/18436
07-25 14:43:45.121 D/DisplayManagerService( 1923): Ignore redundant display event 0/2 to 10449/20483
07-25 14:43:45.121 D/DisplayManagerService( 1923): Ignore redundant display event 0/2 to 10093/21333
07-25 14:43:45.121 D/DisplayManagerService( 1923): Ignore redundant display event 0/2 to 10219/21859
07-25 14:43:45.121 D/DisplayManagerService( 1923): MSG_REQUEST_TRAVERSAL pendingCompleted=false
07-25 14:43:45.123 D/OplusVFXScreenEffectFeature( 1923): notifySFCompatWindowStateChange entered false
07-25 14:43:45.123 D/FlexibleWindowManager( 1923): physicalDisplayChangedForFlexibleWindow displayId 0, current display info 1080 x 2412, new display info 1080 x 2412
07-25 14:43:45.123 D/FlexibleTaskController( 1923): onDisplayChanged displayId#0 ,cur:1080x2412 ,new:1080x2412
07-25 14:43:45.123 D/FlexibleTaskController( 1923): onDisplayChanged displayId not support flexible.
07-25 14:43:45.123 D/FlexibleWindowManager( 1923): physicalDisplayChangedForFlexibleWindow return for unsupported devices
07-25 14:43:45.123 D/FSS_FoldScreenBlackCoverController( 1923): displayChangeToOn, dc:Display{#0 state=ON size=1080x2412 ROTATION_0}
07-25 14:43:45.124 D/ActivityThread(10980): ComponentInfo{com.Slack/slack.features.messagedetails.MessageDetailsActivity} checkFinished=false 2
07-25 14:43:45.124 D/DisplayManagerService( 1923): performTraversalInternal pendingTraversal
07-25 14:43:45.124 D/DisplayDevice( 1923): setLayerStackLocked id=local:4627039422300187648 token=android.os.BinderProxy@dde947c stack=0->0
07-25 14:43:45.125 D/ResourcesManagerExtImpl(10980): applyConfigurationToAppResourcesLocked app.getDisplayId() return callback.displayId:-1
07-25 14:43:45.150 I/Quality (10980): Skipped: false 1 cost 26.389 refreshRate 16666667 bit true processName com.Slack
07-25 14:43:45.155 E/OplusCustomizeRestrictionManagerService( 1923): getMobileDataMode error :s == null
07-25 14:43:45.157 D/WindowManagerServiceExtImpl( 1923): extractConfigInfoAndRealFlags rotation=0, screenDp=360, win=Window{c8b9190 u0 com.Slack/slack.features.home.HomeActivity}
07-25 14:43:45.157 V/WindowManager( 1923): Relayout Window{c8b9190 u0 com.Slack/slack.features.home.HomeActivity}: viewVisibility=0, oldvis=8, req=1080x2412, vsysui=LAYOUT_STABLE
07-25 14:43:45.158 I/WindowManager( 1923): Window{c8b9190 u0 com.Slack/slack.features.home.HomeActivity} state from NO_SURFACE to DRAW_PENDING; reason: resetDrawState
07-25 14:43:45.162 D/VRI[HomeActivity](10980): relayoutWindow result, sizeChanged:false, surfaceControlChanged:true, transformHintChanged:false, mSurfaceSize:Point(1080, 2412), mLastSurfaceSize:Point(1080, 2412), mWidth:1080, mHeight:2412, requestedWidth:1080, requestedHeight:2412, transformHint:0, lastTransformHint:0, installOrientation:0, displayRotation:0, isSurfaceValid:true, attr.flag:-2122252032, useBlast:true, tmpFrames:ClientWindowFrames{frame=[0,0][1080,2412] display=[0,0][1080,2412] parentFrame=[0,0][0,0]}
07-25 14:43:45.162 W/VRI[HomeActivity](10980): updateBlastSurfaceIfNeeded, surfaceSize:Point(1080, 2412), lastSurfaceSize:Point(1080, 2412), format:-1, blastBufferQueue:null
07-25 14:43:45.193 I/WindowManager( 1923): Window{c8b9190 u0 com.Slack/slack.features.home.HomeActivity} state from DRAW_PENDING to COMMIT_DRAW_PENDING; reason: finishDrawingLocked
07-25 14:43:45.193 D/OplusTransitionAnimationManager( 1923): skipFinishDrawingIfNeed clientRotation=0, currentRotation=0, hasFixedRotationApp=false, requestedOrientation=-1, win=Window{c8b9190 u0 com.Slack/slack.features.home.HomeActivity}, activity=ActivityRecord{d962310 u0 com.Slack/slack.features.home.HomeActivity t15736}, currentConfig={0.9 ??mcc??mnc [en_IN,en_US] ldltr sw360dp w360dp h756dp 480dpi nrml long widecg port night finger -keyb/v/h -nav/h winConfig={ mBounds=Rect(0, 0 - 1080, 2412) mAppBounds=Rect(0, 96 - 1080, 2364) mMaxBounds=Rect(0, 0 - 1080, 2412) mDisplayRotation=ROTATION_0 mWindowingMode=fullscreen mDisplayWindowingMode=fullscreen mActivityType=standard mAlwaysOnTop=undefined mRotation=ROTATION_0} s.5 fontWeightAdjustment=0mThemeChanged= 0, mThemeChangedFlags= 0, mFlipFont= 0, mScenario= -1, mAccessibleChanged= -1, mUxIconConfig= 3468921665126662177, mMaterialColor= 0, mUserId= 0, mFontUserId= 0, mFontVariationSettings= 226, mFoldingAngle = -1.0, mIconPackName= , mDarkModeBackgroundMaxL= 8.0, mDarkModeDialogBgMaxL= 27.0, mDarkModeForegroundMinL= 100.0, mOplusConfigType= 1, mOplusChangedConfigs= 0, OpSans= -1, mBurmeseFontFlag= 2, mFlag= 0, mFlexibleActivitySuitable= -1, mPuttDisplayFlag= -1}
07-25 14:43:45.195 D/DisplayPowerController[0]( 1923): screenTurnedOn state=2 brightnessState=2131.0 mustNotify=true
07-25 14:43:45.195 D/DpcExtImpl[0]( 1923): RECORD:onUpdatePowerState policy:3 state:2 brightness:2131
07-25 14:43:45.196 W/PowerManagerService( 1923): Screen on took 334 ms. groupId = 0
07-25 14:43:45.196 D/OplusPowerManagerHelper( 1923): [onWakeUpFinish]
07-25 14:43:45.196 E/OplusCustomizeRestrictionManagerService( 1923): isBiometricDisabled start
07-25 14:43:45.196 D/OplusPowerManagerHelper( 1923): scheduleNotifyStopDream
07-25 14:43:45.196 D/OplusFeatureAOD( 1923): notifySfUnBlockScreenOn
07-25 14:43:45.197 I/WindowManager( 1923): Window{c8b9190 u0 com.Slack/slack.features.home.HomeActivity} state from COMMIT_DRAW_PENDING to READY_TO_SHOW; reason: commitFinishDrawingLocked
07-25 14:43:45.197 D/OplusPowerManagerHelper( 1923): handleMessage:102
07-25 14:43:45.197 D/OplusPowerManagerHelper( 1923): MSG_STOP_DEAM
07-25 14:43:45.197 D/ActivityTaskManager( 1923): Clearing startingData for token=null
07-25 14:43:45.197 I/WindowManager( 1923): Window{c8b9190 u0 com.Slack/slack.features.home.HomeActivity} state from READY_TO_SHOW to HAS_DRAWN; reason: performShowLocked
07-25 14:43:45.198 E/Biometrics/Fingerprint21/Fingerprint21ServiceProviderExtImpl( 1923): mFingerprintCommandCallback is null
07-25 14:43:45.206 D/ActivityTaskManager( 1923): Clearing startingData for token=null
07-25 14:43:45.210 V/MonthTrafficAlert( 2870): getWarningNotification subId:1 numWarningNotificaion:0
07-25 14:43:45.210 V/TrafficAlert( 2870): getLimitNotification subId:1 ,numLimitNotificaion:0
07-25 14:43:45.219 D/WindowManagerServiceExtImpl( 1923): extractConfigInfoAndRealFlags rotation=0, screenDp=360, win=Window{b5ea154 u0 com.Slack/slack.features.messagedetails.MessageDetailsActivity}
07-25 14:43:45.219 V/WindowManager( 1923): Relayout Window{b5ea154 u0 com.Slack/slack.features.messagedetails.MessageDetailsActivity}: viewVisibility=0, oldvis=8, req=1080x2412, vsysui=LAYOUT_STABLE
07-25 14:43:45.220 I/WindowManager( 1923): Window{b5ea154 u0 com.Slack/slack.features.messagedetails.MessageDetailsActivity} state from NO_SURFACE to DRAW_PENDING; reason: resetDrawState
07-25 14:43:45.224 V/MonthTrafficAlert( 2870): getWarningNotification subId:1 numWarningNotificaion:0
07-25 14:43:45.224 V/TrafficAlert( 2870): getLimitNotification subId:1 ,numLimitNotificaion:0
07-25 14:43:45.226 V/WindowManager( 1923): Changing focus from null to Window{b5ea154 u0 com.Slack/slack.features.messagedetails.MessageDetailsActivity},diplayid=0
07-25 14:43:45.227 D/VRI[MessageDetailsActivity](10980): relayoutWindow result, sizeChanged:false, surfaceControlChanged:true, transformHintChanged:false, mSurfaceSize:Point(1080, 2412), mLastSurfaceSize:Point(1080, 2412), mWidth:1080, mHeight:2412, requestedWidth:1080, requestedHeight:2412, transformHint:0, lastTransformHint:0, installOrientation:0, displayRotation:0, isSurfaceValid:true, attr.flag:-2122252030, useBlast:true, tmpFrames:ClientWindowFrames{frame=[0,0][1080,2412] display=[0,0][1080,2412] parentFrame=[0,0][0,0]}
07-25 14:43:45.227 W/VRI[MessageDetailsActivity](10980): updateBlastSurfaceIfNeeded, surfaceSize:Point(1080, 2412), lastSurfaceSize:Point(1080, 2412), format:-2, blastBufferQueue:null
07-25 14:43:45.238 I/keystore2(  702): system/security/keystore2/src/watchdog.rs:319 - Watchdog thread idle -> terminating. Have a great day.
07-25 14:43:45.241 W/VRI[NavigationBar_displayId_0](14113): handleResized abandoned!
07-25 14:43:45.242 D/OplusUserManagerServiceEnhance( 1923): getMultiSystemUserId  res = -10000
07-25 14:43:45.243 D/OplusUserManagerServiceEnhance( 1923): getMultiSystemUserId  res = -10000
07-25 14:43:45.247 W/VRI[NavigationBar_displayId_0](14113): handleResized abandoned!
07-25 14:43:45.247 W/VRI[StatusBar](14113): handleResized abandoned!
07-25 14:43:45.247 W/VRI[NotificationShade](14113): handleResized abandoned!
07-25 14:43:45.271 I/WindowManager( 1923): Window{b5ea154 u0 com.Slack/slack.features.messagedetails.MessageDetailsActivity} state from DRAW_PENDING to COMMIT_DRAW_PENDING; reason: finishDrawingLocked
07-25 14:43:45.272 D/OplusTransitionAnimationManager( 1923): skipFinishDrawingIfNeed clientRotation=0, currentRotation=0, hasFixedRotationApp=false, requestedOrientation=-1, win=Window{b5ea154 u0 com.Slack/slack.features.messagedetails.MessageDetailsActivity}, activity=ActivityRecord{ec4ad12 u0 com.Slack/slack.features.messagedetails.MessageDetailsActivity t15736}, currentConfig={0.9 ??mcc??mnc [en_IN,en_US] ldltr sw360dp w360dp h756dp 480dpi nrml long widecg port night finger -keyb/v/h -nav/h winConfig={ mBounds=Rect(0, 0 - 1080, 2412) mAppBounds=Rect(0, 96 - 1080, 2364) mMaxBounds=Rect(0, 0 - 1080, 2412) mDisplayRotation=ROTATION_0 mWindowingMode=fullscreen mDisplayWindowingMode=fullscreen mActivityType=standard mAlwaysOnTop=undefined mRotation=ROTATION_0} s.1 fontWeightAdjustment=0mThemeChanged= 0, mThemeChangedFlags= 0, mFlipFont= 0, mScenario= -1, mAccessibleChanged= -1, mUxIconConfig= 3468921665126662177, mMaterialColor= 0, mUserId= 0, mFontUserId= 0, mFontVariationSettings= 226, mFoldingAngle = -1.0, mIconPackName= , mDarkModeBackgroundMaxL= 8.0, mDarkModeDialogBgMaxL= 27.0, mDarkModeForegroundMinL= 100.0, mOplusConfigType= 1, mOplusChangedConfigs= 0, OpSans= -1, mBurmeseFontFlag= 2, mFlag= 0, mFlexibleActivitySuitable= -1, mPuttDisplayFlag= -1}
07-25 14:43:45.272 D/AlarmWakeupCheck( 1923): SCREEN_ON: CntAlarmWakeup = 0
07-25 14:43:45.275 D/ActivityTaskManager( 1923): Requested Orientation r = ActivityRecord{ec4ad12 u0 com.Slack/slack.features.messagedetails.MessageDetailsActivity t15736}, requestedOrientation = SCREEN_ORIENTATION_UNSPECIFIED (-1)
07-25 14:43:45.278 I/Quality (10980): Skipped: false 6 cost 112.48141 refreshRate 16666667 bit true processName com.Slack
07-25 14:43:45.292 D/OplusFeatureBrightnessBarController( 1923): screen state:true
07-25 14:43:45.294 I/WindowManager( 1923): Window{b5ea154 u0 com.Slack/slack.features.messagedetails.MessageDetailsActivity} state from COMMIT_DRAW_PENDING to READY_TO_SHOW; reason: commitFinishDrawingLocked
07-25 14:43:45.294 D/ActivityTaskManager( 1923): Clearing startingData for token=null
07-25 14:43:45.294 I/WindowManager( 1923): Window{b5ea154 u0 com.Slack/slack.features.messagedetails.MessageDetailsActivity} state from READY_TO_SHOW to HAS_DRAWN; reason: performShowLocked
07-25 14:43:45.298 D/WindowManager( 1923): mKeyguardDelegate.ShowListener.onDrawn.
07-25 14:43:45.298 W/WindowManager( 1923): Setting mKeyguardDrawComplete
07-25 14:43:45.299 I/SurfaceAnimationRunner( 1923): startAnimation requiresEdgeExtension=false, animationLeash=Surface(name=Surface(name=Dim Layer for - Task=15736)/@0xbebc603 - animation-leash of dimmer)/@0x30a6980, runningAnim=com.android.server.wm.SurfaceAnimationRunner$RunningAnimation@941bb9, mPreProcessingAnimations={}
07-25 14:43:45.302 D/SurfaceAnimationRunner( 1923): onAnimationStart:Surface(name=Surface(name=Dim Layer for - Task=15736)/@0xbebc603 - animation-leash of dimmer)/@0x30a6980
07-25 14:43:45.303 D/ActivityTaskManager( 1923): Requested Orientation r = ActivityRecord{ec4ad12 u0 com.Slack/slack.features.messagedetails.MessageDetailsActivity t15736}, requestedOrientation = SCREEN_ORIENTATION_UNSPECIFIED (-1)
07-25 14:43:45.303 D/WindowManager( 1923): waitForAllWindowsDrawn displayId=-1,true,message={ when=-23d5h29m40s77ms what=7 arg1=-1 target=com.android.server.policy.PhoneWindowManager$PolicyHandler }
07-25 14:43:45.303 W/WindowManager( 1923): All windows drawn on display -1
07-25 14:43:45.303 D/FSS_FoldScreenBlackCoverController( 1923): finishWindowsDrawn, displayId:-1
07-25 14:43:45.303 I/WindowManager( 1923): Finished screen turning on...0
07-25 14:43:45.305 D/ActivityTaskManager( 1923): Clearing startingData for token=null
07-25 14:43:45.306 I/Quality (10980): Skipped: false 1 cost 21.864443 refreshRate 16574933 bit true processName com.Slack
07-25 14:43:45.314 D/OplusBatteryManager( 1923): getPsyBatteryRm: 2638
07-25 14:43:45.318 E/OplusCustomizeRestrictionManagerService( 1923): getMobileDataMode error :s == null
07-25 14:43:45.322 D/ActivityTaskManager( 1923): Requested Orientation r = ActivityRecord{ec4ad12 u0 com.Slack/slack.features.messagedetails.MessageDetailsActivity t15736}, requestedOrientation = SCREEN_ORIENTATION_UNSPECIFIED (-1)
07-25 14:43:45.327 W/OplusStorageManagerFeature( 1923): turn screenOn, maintPrepared:false
07-25 14:43:45.328 D/vold    (  593): idle maintenance stopped
07-25 14:43:45.331 D/OneHandedController(14113): setLockedDisabled locked = false, enabled = false ,FeatureEnabled = false
07-25 14:43:45.337 W/OplusStorageManagerFeature( 1923): turn screenOn, maintPrepared:false
07-25 14:43:45.337 D/vold    (  593): idle maintenance stopped
07-25 14:43:45.360 E/OplusCustomizeRestrictionManagerService( 1923): isBiometricDisabled start
07-25 14:43:45.378 D/InputMethodManagerService( 1923): isSecurity: attribute.packageName = com.Slack mCurMethodId = com.google.android.inputmethod.latin/com.android.inputmethod.latin.LatinIME isSecurity = false ( enable = false needShow = false inBlackList = false isExist = true )
07-25 14:43:45.380 V/AutofillInlineSuggestionsRequestSession( 1923): onInputMethodStartInput() received on 0
07-25 14:43:45.381 I/Quality (10980): Skipped: false 2 cost 47.49341 refreshRate 16575320 bit true processName com.Slack
07-25 14:43:45.384 W/PackageConfigPersister( 1923): App-specific configuration not found for packageName: com.Slack and userId: 0
07-25 14:43:45.387 D/WindowManager( 1923): rotation(ROTATION_0) no changed.
07-25 14:43:45.517 D/SurfaceAnimationRunner( 1923): onAnimationEnd:Surface(name=Surface(name=Dim Layer for - Task=15736)/@0xbebc603 - animation-leash of dimmer)/@0x30a6980
07-25 14:43:45.586 I/OplusStatusBarManagerServiceEnhance( 1923):  getTopIsFullscreen mTopIsFullscreen: false
07-25 14:43:45.586 D/NotificationService--OplusNotificationManagerServiceExtImpl( 1923): isForwardToAssistants: false, case : Is in mMcsNotInterceptPkgList or is isSystemApp
07-25 14:43:45.586 D/NotificationService( 1923): This application enqueue notifications is not need postDelayed
07-25 14:43:45.772 W/JobScheduler( 1923): Job didn't exist in JobStore: #com.Slack/14986
07-25 14:43:46.089 D/TelephonyManagerProxy( 2870): onTelephonyEventReport,cb list: 3
07-25 14:43:46.089 D/TelephonyManagerProxy( 2870): onTelephonyEventReport,cb: m8.a$a@98249c5
07-25 14:43:46.089 D/TelephonyManagerProxy( 2870): onTelephonyEventReport,cb: e8.d$a@b4f18be
07-25 14:43:46.089 D/TelephonyManagerProxy( 2870): onTelephonyEventReport,cb: e8.d$a@b2b9d1f
07-25 14:43:46.206 V/MonthTrafficAlert( 2870): getWarningNotification subId:1 numWarningNotificaion:0
07-25 14:43:46.206 V/TrafficAlert( 2870): getLimitNotification subId:1 ,numLimitNotificaion:0
07-25 14:43:46.334 V/AlarmManager( 1923): sending alarm Alarm{3765c0d type 2 origWhen 4077929505 whenElapsed 4077929514 com.android.systemui} uid 10175 whenElapsed 4077929514 windowLength 0 maxWhenElapsed 4077929514 repeatInterval 0 action com.android.internal.policy.impl.PhoneWindowManager.DELAYED_KEYGUARD component null flags 0x9 procName com.android.systemui
07-25 14:43:46.903 D/OplusProxyWakeLock( 1923): add uid: 10249 wakelock: lock:194464761 PARTIAL_WAKE_LOCK              'Metri' DISABLED (uid=10249 pid=15193)to FroceReleaseWakeLock list
07-25 14:43:46.904 D/DisplayPowerController[0]( 1923): requestPowerState: policy=BRIGHT, useProximitySensor=false, screenBrightnessOverride=-1.0, useAutoBrightness=false, screenAutoBrightnessAdjustmentOverride=NaN, screenLowPowerBrightnessFactor=1.0, blockScreenOn=false, lowPowerMode=false, boostScreenBrightness=false, dozeScreenBrightness=NaN, dozeScreenState=UNKNOWN, waitForNegativeProximity=true displayReady=false pendingRequest=true
07-25 14:43:46.904 D/DisplayManagerServiceExtImpl( 1923): request size(1,1),dpc=com.android.server.display.DisplayPowerController@65c876f size(0,1),flags=0X200F,id(0,0,local:4627039422300187648),enable=true,ready=false,waitForNegativeProximity=true policy=BRIGHT,useProximitySensor=false,dozeState=UNKNOWN,screenBrightnessOverride=-1.000000,useAuto=false,lowPower=false,lowPowerFactor=1.000000
07-25 14:43:46.904 D/DpcExtImpl[0]( 1923): RECORD:onUpdatePowerState policy:3 state:2 brightness:2131
07-25 14:43:46.905 D/DisplayManagerServiceExtImpl( 1923): request size(1,1),dpc=com.android.server.display.DisplayPowerController@65c876f size(0,1),flags=0X200F,id(0,0,local:4627039422300187648),enable=true,ready=true,waitForNegativeProximity=false policy=BRIGHT,useProximitySensor=false,dozeState=UNKNOWN,screenBrightnessOverride=-1.000000,useAuto=false,lowPower=false,lowPowerFactor=1.000000
07-25 14:43:47.335 V/AlarmManager( 1923): sending alarm Alarm{b56e4ed type 3 origWhen 4077930515 whenElapsed 4077930515 android} uid 1000 whenElapsed 4077930515 windowLength 0 maxWhenElapsed 4077930515 repeatInterval 0 action null component null tag *job.delay* flags 0x0 procName system_server
07-25 14:43:48.616 I/OplusStatusBarManagerServiceEnhance( 1923):  getTopIsFullscreen mTopIsFullscreen: false
07-25 14:43:48.616 D/NotificationService--OplusNotificationManagerServiceExtImpl( 1923): isForwardToAssistants: false, case : Is in mMcsNotInterceptPkgList or is isSystemApp
07-25 14:43:48.616 D/NotificationService( 1923): This application enqueue notifications is not need postDelayed
07-25 14:43:48.692 V/MonthTrafficAlert( 2870): getWarningNotification subId:1 numWarningNotificaion:0
07-25 14:43:48.692 V/TrafficAlert( 2870): getLimitNotification subId:1 ,numLimitNotificaion:0
07-25 14:43:48.771 V/WindowOrientationListener( 1923): onSensorChanged mDesiredRotation = 4
07-25 14:43:49.284 W/ContextImpl( 1923): Calling a method in the system process without a qualified user: android.app.ContextImpl.sendBroadcastMultiplePermissions:1282 android.content.Context.sendBroadcastMultiplePermissions:2476 com.android.server.TelephonyRegistry.broadcastServiceStateChanged:3594 com.android.server.TelephonyRegistry.notifyServiceStateForPhoneId:1759 com.android.internal.telephony.ITelephonyRegistry$Stub.onTransact:534 
07-25 14:43:49.285 W/ContextImpl( 1923): Calling a method in the system process without a qualified user: android.app.ContextImpl.sendBroadcastMultiplePermissions:1315 com.android.server.TelephonyRegistry.broadcastServiceStateChanged:3599 com.android.server.TelephonyRegistry.notifyServiceStateForPhoneId:1759 com.android.internal.telephony.ITelephonyRegistry$Stub.onTransact:534 android.os.Binder.execTransactInternal:1392 
07-25 14:43:49.286 W/ContextImpl( 1923): Calling a method in the system process without a qualified user: android.app.ContextImpl.sendBroadcastMultiplePermissions:1315 com.android.server.TelephonyRegistry.broadcastServiceStateChanged:3608 com.android.server.TelephonyRegistry.notifyServiceStateForPhoneId:1759 com.android.internal.telephony.ITelephonyRegistry$Stub.onTransact:534 android.os.Binder.execTransactInternal:1392 
07-25 14:43:49.286 W/ContextImpl( 1923): Calling a method in the system process without a qualified user: android.app.ContextImpl.sendBroadcastMultiplePermissions:1315 com.android.server.TelephonyRegistry.broadcastServiceStateChanged:3614 com.android.server.TelephonyRegistry.notifyServiceStateForPhoneId:1759 com.android.internal.telephony.ITelephonyRegistry$Stub.onTransact:534 android.os.Binder.execTransactInternal:1392 
07-25 14:43:49.290 D/CompatibilityChangeReporter( 1923): Compat change id reported: 135634846; UID 10227; state: DISABLED
07-25 14:43:49.290 D/CompatibilityChangeReporter( 1923): Compat change id reported: 177438394; UID 10227; state: DISABLED
07-25 14:43:49.290 D/CompatibilityChangeReporter( 1923): Compat change id reported: 135772972; UID 10227; state: DISABLED
07-25 14:43:49.290 D/CompatibilityChangeReporter( 1923): Compat change id reported: 135754954; UID 10227; state: ENABLED
07-25 14:43:49.291 D/CompatibilityChangeReporter( 1923): Compat change id reported: 143937733; UID 10227; state: ENABLED
07-25 14:43:49.309 I/ActivityManager( 1923): Start proc 22020:com.google.android.cellbroadcastreceiver/u0a227 for broadcast {com.google.android.cellbroadcastreceiver/com.android.cellbroadcastreceiver.CellBroadcastReceiver}
07-25 14:43:49.341 D/CompatibilityChangeReporter( 1923): Compat change id reported: 168419799; UID 10227; state: DISABLED
07-25 14:43:49.341 D/CompatibilityChangeReporter( 1923): Compat change id reported: 273564678; UID 10227; state: DISABLED
07-25 14:43:49.341 D/ActivityTaskManagerServiceExtImpl( 1923): preBindApplication record is null
07-25 14:43:49.347 D/OplusInterceptLockScreenWindow( 1923): starting IOplusLockScreenCallbacks service...
07-25 14:43:49.347 W/ContextImpl( 1923): Calling a method in the system process without a qualified user: android.app.ContextImpl.sendBroadcastMultiplePermissions:1282 android.content.Context.sendBroadcastMultiplePermissions:2476 com.android.server.TelephonyRegistry.broadcastServiceStateChanged:3594 com.android.server.TelephonyRegistry.notifyServiceStateForPhoneId:1759 com.android.internal.telephony.ITelephonyRegistry$Stub.onTransact:534 
07-25 14:43:49.348 W/ContextImpl( 1923): Calling a method in the system process without a qualified user: android.app.ContextImpl.sendBroadcastMultiplePermissions:1315 com.android.server.TelephonyRegistry.broadcastServiceStateChanged:3599 com.android.server.TelephonyRegistry.notifyServiceStateForPhoneId:1759 com.android.internal.telephony.ITelephonyRegistry$Stub.onTransact:534 android.os.Binder.execTransactInternal:1392 
07-25 14:43:49.349 D/CompatibilityChangeReporter( 1923): Compat change id reported: 265195908; UID 10227; state: ENABLED
07-25 14:43:49.351 W/ContextImpl( 1923): Calling a method in the system process without a qualified user: android.app.ContextImpl.sendBroadcastMultiplePermissions:1315 com.android.server.TelephonyRegistry.broadcastServiceStateChanged:3608 com.android.server.TelephonyRegistry.notifyServiceStateForPhoneId:1759 com.android.internal.telephony.ITelephonyRegistry$Stub.onTransact:534 android.os.Binder.execTransactInternal:1392 
07-25 14:43:49.352 W/ContextImpl( 1923): Calling a method in the system process without a qualified user: android.app.ContextImpl.sendBroadcastMultiplePermissions:1315 com.android.server.TelephonyRegistry.broadcastServiceStateChanged:3614 com.android.server.TelephonyRegistry.notifyServiceStateForPhoneId:1759 com.android.internal.telephony.ITelephonyRegistry$Stub.onTransact:534 android.os.Binder.execTransactInternal:1392 
07-25 14:43:49.365 D/OplusCustomizeRestrictionManagerService( 1923): ismmsreceiveDisabled null
07-25 14:43:49.366 E/OplusCustomizeRestrictionManagerService( 1923): getMobileDataMode error :s == null
07-25 14:43:49.372 D/OplusCustomizeRestrictionManagerService( 1923): ismmsreceiveDisabled null
07-25 14:43:49.372 E/OplusCustomizeRestrictionManagerService( 1923): getMobileDataMode error :s == null
07-25 14:43:49.379 D/CompatibilityChangeReporter( 1923): Compat change id reported: 170503758; UID 10227; state: ENABLED
07-25 14:43:49.491 D/ResourcesManagerExtImpl(22020): applyConfigurationToAppResourcesLocked app.getDisplayId() return callback.displayId:-1
07-25 14:43:49.516 I/ActivityManager( 1923): Flag disabled. Ignoring finishAttachApplication from uid: 10227. pid: 22020
07-25 14:43:49.619 V/MonthTrafficAlert( 2870): getWarningNotification subId:1 numWarningNotificaion:0
07-25 14:43:49.619 V/TrafficAlert( 2870): getLimitNotification subId:1 ,numLimitNotificaion:0
