07-25 14:43:50.562 W/ContextImpl( 1923): Calling a method in the system process without a qualified user: android.app.ContextImpl.sendBroadcastMultiplePermissions:1282 android.content.Context.sendBroadcastMultiplePermissions:2476 com.android.server.TelephonyRegistry.broadcastServiceStateChanged:3594 com.android.server.TelephonyRegistry.notifyServiceStateForPhoneId:1759 com.android.internal.telephony.ITelephonyRegistry$Stub.onTransact:534 
07-25 14:43:50.563 W/ContextImpl( 1923): Calling a method in the system process without a qualified user: android.app.ContextImpl.sendBroadcastMultiplePermissions:1315 com.android.server.TelephonyRegistry.broadcastServiceStateChanged:3599 com.android.server.TelephonyRegistry.notifyServiceStateForPhoneId:1759 com.android.internal.telephony.ITelephonyRegistry$Stub.onTransact:534 android.os.Binder.execTransactInternal:1392 
07-25 14:43:50.563 W/ContextImpl( 1923): Calling a method in the system process without a qualified user: android.app.ContextImpl.sendBroadcastMultiplePermissions:1315 com.android.server.TelephonyRegistry.broadcastServiceStateChanged:3608 com.android.server.TelephonyRegistry.notifyServiceStateForPhoneId:1759 com.android.internal.telephony.ITelephonyRegistry$Stub.onTransact:534 android.os.Binder.execTransactInternal:1392 
07-25 14:43:50.566 W/ContextImpl( 1923): Calling a method in the system process without a qualified user: android.app.ContextImpl.sendBroadcastMultiplePermissions:1315 com.android.server.TelephonyRegistry.broadcastServiceStateChanged:3614 com.android.server.TelephonyRegistry.notifyServiceStateForPhoneId:1759 com.android.internal.telephony.ITelephonyRegistry$Stub.onTransact:534 android.os.Binder.execTransactInternal:1392 
07-25 14:43:50.640 W/ContextImpl( 1923): Calling a method in the system process without a qualified user: android.app.ContextImpl.sendBroadcastMultiplePermissions:1282 android.content.Context.sendBroadcastMultiplePermissions:2476 com.android.server.TelephonyRegistry.broadcastServiceStateChanged:3594 com.android.server.TelephonyRegistry.notifyServiceStateForPhoneId:1759 com.android.internal.telephony.ITelephonyRegistry$Stub.onTransact:534 
07-25 14:43:50.641 W/ContextImpl( 1923): Calling a method in the system process without a qualified user: android.app.ContextImpl.sendBroadcastMultiplePermissions:1315 com.android.server.TelephonyRegistry.broadcastServiceStateChanged:3599 com.android.server.TelephonyRegistry.notifyServiceStateForPhoneId:1759 com.android.internal.telephony.ITelephonyRegistry$Stub.onTransact:534 android.os.Binder.execTransactInternal:1392 
07-25 14:43:50.644 W/ContextImpl( 1923): Calling a method in the system process without a qualified user: android.app.ContextImpl.sendBroadcastMultiplePermissions:1315 com.android.server.TelephonyRegistry.broadcastServiceStateChanged:3608 com.android.server.TelephonyRegistry.notifyServiceStateForPhoneId:1759 com.android.internal.telephony.ITelephonyRegistry$Stub.onTransact:534 android.os.Binder.execTransactInternal:1392 
07-25 14:43:50.646 W/ContextImpl( 1923): Calling a method in the system process without a qualified user: android.app.ContextImpl.sendBroadcastMultiplePermissions:1315 com.android.server.TelephonyRegistry.broadcastServiceStateChanged:3614 com.android.server.TelephonyRegistry.notifyServiceStateForPhoneId:1759 com.android.internal.telephony.ITelephonyRegistry$Stub.onTransact:534 android.os.Binder.execTransactInternal:1392 
07-25 14:43:50.664 D/OplusCustomizeRestrictionManagerService( 1923): ismmsreceiveDisabled null
07-25 14:43:50.665 E/OplusCustomizeRestrictionManagerService( 1923): getMobileDataMode error :s == null
07-25 14:43:50.673 D/OplusCustomizeRestrictionManagerService( 1923): ismmsreceiveDisabled null
07-25 14:43:50.674 E/OplusCustomizeRestrictionManagerService( 1923): getMobileDataMode error :s == null
07-25 14:43:50.821 D/TextToSpeechManagerPerUserService( 1923): Unbinding TTS engine: com.google.android.tts. Reason: client process death is reported
07-25 14:43:50.821 I/WindowManager( 1923): WIN DEATH: Window{4486cc8 u0 com.android.chrome/org.chromium.chrome.browser.app.download.home.DownloadActivity}
07-25 14:43:50.822 D/SnapshotCache( 1923): removeRunningEntry id: 15760, callers=com.android.server.wm.SnapshotCache.onAppDied:79 com.android.server.wm.AbsAppSnapshotController.onAppDied:618 com.android.server.wm.SnapshotController.onAppDied:210 
07-25 14:43:50.822 W/TextToSpeechManagerPerUserService( 1923): Disconnected from TTS engine
07-25 14:43:50.822 I/ActivityManager( 1923): Process com.android.chrome (pid 11151) has died: cch+20 CAC 
07-25 14:43:50.822 I/TextToSpeechManagerPerUserService( 1923): Failed running callback method: android.os.DeadObjectException
07-25 14:43:50.830 I/WindowManager( 1923): WIN DEATH: Window{e63867f u0 com.android.chrome/com.google.android.apps.chrome.Main}
07-25 14:43:50.831 E/ProcessStats( 1923): Executing service ServiceState{a006ad5 org.chromium.content.app.SandboxedProcessService0 pkg=com.android.chrome proc=2b4fd43} without owner
07-25 14:43:50.843 E/ProcessStats( 1923): Binding service ServiceState{a006ad5 org.chromium.content.app.SandboxedProcessService0 pkg=com.android.chrome proc=2b4fd43} without owner
07-25 14:43:50.843 E/ProcessStats( 1923): Starting service ServiceState{a006ad5 org.chromium.content.app.SandboxedProcessService0 pkg=com.android.chrome proc=2b4fd43} without owner
07-25 14:43:50.843 E/ProcessStats( 1923): Binding service ServiceState{a006ad5 org.chromium.content.app.SandboxedProcessService0 pkg=com.android.chrome proc=2b4fd43} without owner
07-25 14:43:50.844 E/ProcessStats( 1923): Executing service ServiceState{a006ad5 org.chromium.content.app.SandboxedProcessService0 pkg=com.android.chrome proc=2b4fd43} without owner
07-25 14:43:50.844 I/ActivityManager( 1923): Killing 11404:com.android.chrome:sandboxed_process0:org.chromium.content.app.SandboxedProcessService0:0/u0a121i-9000 (adj 0): isolated not needed
07-25 14:43:50.845 E/ProcessStats( 1923): Binding service ServiceState{a006ad5 org.chromium.content.app.SandboxedProcessService0 pkg=com.android.chrome proc=2b4fd43} without owner
07-25 14:43:50.846 E/ProcessStats( 1923): Starting service ServiceState{a006ad5 org.chromium.content.app.SandboxedProcessService0 pkg=com.android.chrome proc=2b4fd43} without owner
07-25 14:43:50.846 E/ProcessStats( 1923): Binding service ServiceState{a006ad5 org.chromium.content.app.SandboxedProcessService0 pkg=com.android.chrome proc=2b4fd43} without owner
07-25 14:43:50.846 E/ProcessStats( 1923): Executing service ServiceState{a006ad5 org.chromium.content.app.SandboxedProcessService0 pkg=com.android.chrome proc=2b4fd43} without owner
07-25 14:43:50.846 I/ActivityManager( 1923): Killing 13024:com.android.chrome:sandboxed_process0:org.chromium.content.app.SandboxedProcessService0:5/u0a121i-8995 (adj 0): isolated not needed
07-25 14:43:50.847 E/ProcessStats( 1923): Binding service ServiceState{a006ad5 org.chromium.content.app.SandboxedProcessService0 pkg=com.android.chrome proc=2b4fd43} without owner
07-25 14:43:50.847 E/ProcessStats( 1923): Starting service ServiceState{a006ad5 org.chromium.content.app.SandboxedProcessService0 pkg=com.android.chrome proc=2b4fd43} without owner
07-25 14:43:50.847 E/ProcessStats( 1923): Binding service ServiceState{a006ad5 org.chromium.content.app.SandboxedProcessService0 pkg=com.android.chrome proc=2b4fd43} without owner
07-25 14:43:50.847 I/ActivityManager( 1923): Killing 12848:com.android.chrome:sandboxed_process0:org.chromium.content.app.SandboxedProcessService0:4/u0a121i-8996 (adj 0): isolated not needed
07-25 14:43:50.850 D/DisplayManagerService( 1923): Drop pending events for gone uid 10121
07-25 14:43:50.851 E/OAPM    ( 1923): activity preload is not enabled
07-25 14:43:50.860 W/ActivityManager( 1923): setHasOverlayUi called on unknown pid: 11151
07-25 14:43:50.861 W/UsageStatsService( 1923): Unexpected activity event reported! (com.android.chrome/org.chromium.chrome.browser.app.download.home.DownloadActivity event : 23 instanceId : 258500431)
07-25 14:43:50.861 W/UsageStatsService( 1923): Unexpected activity event reported! (com.android.chrome/org.chromium.chrome.browser.ChromeTabbedActivity event : 23 instanceId : 147918220)
07-25 14:43:50.861 D/DisplayManagerService( 1923): Drop pending events for gone uid 90005
07-25 14:43:50.862 E/OAPM    ( 1923): activity preload is not enabled
07-25 14:43:50.894 D/DisplayManagerService( 1923): Drop pending events for gone uid 90000
07-25 14:43:50.898 E/OAPM    ( 1923): activity preload is not enabled
07-25 14:43:50.912 D/DisplayManagerService( 1923): Drop pending events for gone uid 90004
07-25 14:43:50.913 E/OAPM    ( 1923): activity preload is not enabled
07-25 14:43:51.700 I/OplusStatusBarManagerServiceEnhance( 1923):  getTopIsFullscreen mTopIsFullscreen: false
07-25 14:43:51.700 D/NotificationService--OplusNotificationManagerServiceExtImpl( 1923): isForwardToAssistants: false, case : Is in mMcsNotInterceptPkgList or is isSystemApp
07-25 14:43:51.701 D/NotificationService( 1923): This application enqueue notifications is not need postDelayed
07-25 14:43:51.767 V/MonthTrafficAlert( 2870): getWarningNotification subId:1 numWarningNotificaion:0
07-25 14:43:51.767 V/TrafficAlert( 2870): getLimitNotification subId:1 ,numLimitNotificaion:0
07-25 14:43:51.851 D/CompatibilityChangeReporter( 1923): Compat change id reported: 135634846; UID 10121; state: DISABLED
07-25 14:43:51.852 D/CompatibilityChangeReporter( 1923): Compat change id reported: 143937733; UID 10121; state: ENABLED
07-25 14:43:51.869 I/ActivityManager( 1923): Start proc 22037:com.android.chrome/u0a121 for service {com.android.chrome/org.chromium.chrome.browser.customtabs.CustomTabsConnectionService}
07-25 14:43:51.919 D/CompatibilityChangeReporter( 1923): Compat change id reported: 168419799; UID 10121; state: DISABLED
07-25 14:43:51.919 D/CompatibilityChangeReporter( 1923): Compat change id reported: 273564678; UID 10121; state: DISABLED
07-25 14:43:51.920 D/ActivityTaskManagerServiceExtImpl( 1923): preBindApplication record is null
07-25 14:43:51.927 D/CompatibilityChangeReporter( 1923): Compat change id reported: 265195908; UID 10121; state: ENABLED
07-25 14:43:51.928 D/OplusInterceptLockScreenWindow( 1923): starting IOplusLockScreenCallbacks service...
07-25 14:43:51.954 D/CompatibilityChangeReporter( 1923): Compat change id reported: 170503758; UID 10121; state: ENABLED
07-25 14:43:52.096 D/ResourcesManagerExtImpl(22037): applyConfigurationToAppResourcesLocked app.getDisplayId() return callback.displayId:-1
07-25 14:43:52.117 D/CompatibilityChangeReporter( 1923): Compat change id reported: 161145287; UID 10121; state: ENABLED
07-25 14:43:52.122 I/ActivityManager( 1923): Flag disabled. Ignoring finishAttachApplication from uid: 10121. pid: 22037
07-25 14:43:52.493 D/CompatibilityChangeReporter( 1923): Compat change id reported: 135634846; UID 10121; state: DISABLED
07-25 14:43:52.494 D/CompatibilityChangeReporter( 1923): Compat change id reported: 143937733; UID 10121; state: ENABLED
07-25 14:43:52.507 I/ActivityManager( 1923): Start proc 22095:com.android.chrome:privileged_process0/u0a121 for service {com.android.chrome/org.chromium.content.app.PrivilegedProcessService0}
07-25 14:43:52.549 D/ActivityTaskManagerServiceExtImpl( 1923): preBindApplication record is null
07-25 14:43:52.687 V/MonthTrafficAlert( 2870): getWarningNotification subId:1 numWarningNotificaion:0
07-25 14:43:52.687 V/TrafficAlert( 2870): getLimitNotification subId:1 ,numLimitNotificaion:0
07-25 14:43:52.699 D/ResourcesManagerExtImpl(22095): applyConfigurationToAppResourcesLocked app.getDisplayId() return callback.displayId:-1
07-25 14:43:52.701 I/ActivityManager( 1923): Flag disabled. Ignoring finishAttachApplication from uid: 10121. pid: 22095
07-25 14:43:52.905 W/PackageManager( 1923): package com.android.chrome uid 10121 pid 22037 call SetEnabledSetting(com.android.chrome component = org.chromium.chrome.browser.quickactionsearchwidget.QuickActionSearchWidgetProvider$QuickActionSearchWidgetProviderSearch, 1, 0)
07-25 14:43:52.906 W/PackageManager( 1923): package com.android.chrome uid 10121 pid 22037 call SetEnabledSetting(com.android.chrome component = org.chromium.chrome.browser.quickactionsearchwidget.QuickActionSearchWidgetProvider$QuickActionSearchWidgetProviderDino, 1, 0)
07-25 14:43:52.930 D/CompatibilityChangeReporter( 1923): Compat change id reported: 143937733; UID 10121; state: ENABLED
07-25 14:43:52.951 D/CompatibilityChangeReporter( 1923): Compat change id reported: 319212206; UID 10121; state: ENABLED
07-25 14:43:52.954 I/ActivityManager( 1923): Start proc 22134:com.android.chrome:sandboxed_process0:org.chromium.content.app.SandboxedProcessService0:0/u0ai9 for  {com.android.chrome/org.chromium.content.app.SandboxedProcessService0:0}
07-25 14:43:52.978 D/ActivityTaskManagerServiceExtImpl( 1923): preBindApplication record is null
07-25 14:43:53.072 D/ResourcesManagerExtImpl(22134): applyConfigurationToAppResourcesLocked app.getDisplayId() return callback.displayId:-1
07-25 14:43:53.072 I/ActivityManager( 1923): Flag disabled. Ignoring finishAttachApplication from uid: 90009. pid: 22134
07-25 14:43:53.395 V/ActivityManager( 1923): Has totaly same connectionRecord, just reuse it!
07-25 14:43:53.531 D/CompatibilityChangeReporter( 1923): Compat change id reported: 182734110; UID 10121; state: ENABLED
07-25 14:43:53.535 D/CompatibilityChangeReporter( 1923): Compat change id reported: 149924527; UID 10121; state: ENABLED
07-25 14:43:53.535 D/CompatibilityChangeReporter( 1923): Compat change id reported: 132649864; UID 10121; state: DISABLED
07-25 14:43:53.647 E/OplusCustomizeRestrictionManager(22037): sInstance is null, start a new sInstance
07-25 14:43:53.655 D/OplusInputMethodUtil(22037): init sDebug to false, init sDebugIme to false, init sAlwaysOn to false
07-25 14:43:53.655 D/OplusInputMethodUtil(22037): updateDebugToClass InputMethodManager.DEBUG = false
07-25 14:43:53.655 D/OplusInputMethodUtil(22037): updateDebugToClass ImeFocusController.DEBUG = false
07-25 14:43:53.655 D/OplusInputMethodUtil(22037): updateDebugToClass BaseInputConnection.DEBUG = false
07-25 14:43:53.729 D/CompatibilityChangeReporter( 1923): Compat change id reported: 261072174; UID 10204; state: ENABLED
07-25 14:43:54.334 D/OplusProxyWakeLock( 1923): restore uid :10249  pid : 0 wakelock: lock:194464761 PARTIAL_WAKE_LOCK              'Metri' (uid=10249 pid=15193)
07-25 14:43:54.764 I/OplusStatusBarManagerServiceEnhance( 1923):  getTopIsFullscreen mTopIsFullscreen: false
07-25 14:43:54.765 D/NotificationService--OplusNotificationManagerServiceExtImpl( 1923): isForwardToAssistants: false, case : Is in mMcsNotInterceptPkgList or is isSystemApp
07-25 14:43:54.765 D/NotificationService( 1923): This application enqueue notifications is not need postDelayed
07-25 14:43:54.818 V/MonthTrafficAlert( 2870): getWarningNotification subId:1 numWarningNotificaion:0
07-25 14:43:54.818 V/TrafficAlert( 2870): getLimitNotification subId:1 ,numLimitNotificaion:0
07-25 14:43:55.755 V/MonthTrafficAlert( 2870): getWarningNotification subId:1 numWarningNotificaion:0
07-25 14:43:55.755 V/TrafficAlert( 2870): getLimitNotification subId:1 ,numLimitNotificaion:0
07-25 14:43:57.352 D/OplusProxyWakeLock( 1923): add uid: 10249 wakelock: lock:194464761 PARTIAL_WAKE_LOCK              'Metri' DISABLED (uid=10249 pid=15193)to FroceReleaseWakeLock list
07-25 14:43:57.353 D/DisplayPowerController[0]( 1923): requestPowerState: policy=BRIGHT, useProximitySensor=false, screenBrightnessOverride=-1.0, useAutoBrightness=false, screenAutoBrightnessAdjustmentOverride=NaN, screenLowPowerBrightnessFactor=1.0, blockScreenOn=false, lowPowerMode=false, boostScreenBrightness=false, dozeScreenBrightness=NaN, dozeScreenState=UNKNOWN, waitForNegativeProximity=true displayReady=false pendingRequest=true
07-25 14:43:57.353 D/DisplayManagerServiceExtImpl( 1923): request size(1,1),dpc=com.android.server.display.DisplayPowerController@65c876f size(0,1),flags=0X200F,id(0,0,local:4627039422300187648),enable=true,ready=false,waitForNegativeProximity=true policy=BRIGHT,useProximitySensor=false,dozeState=UNKNOWN,screenBrightnessOverride=-1.000000,useAuto=false,lowPower=false,lowPowerFactor=1.000000
07-25 14:43:57.355 D/DpcExtImpl[0]( 1923): RECORD:onUpdatePowerState policy:3 state:2 brightness:2131
07-25 14:43:57.355 D/DisplayManagerServiceExtImpl( 1923): request size(1,1),dpc=com.android.server.display.DisplayPowerController@65c876f size(0,1),flags=0X200F,id(0,0,local:4627039422300187648),enable=true,ready=true,waitForNegativeProximity=false policy=BRIGHT,useProximitySensor=false,dozeState=UNKNOWN,screenBrightnessOverride=-1.000000,useAuto=false,lowPower=false,lowPowerFactor=1.000000
07-25 14:43:57.841 I/OplusStatusBarManagerServiceEnhance( 1923):  getTopIsFullscreen mTopIsFullscreen: false
07-25 14:43:57.842 D/NotificationService--OplusNotificationManagerServiceExtImpl( 1923): isForwardToAssistants: false, case : Is in mMcsNotInterceptPkgList or is isSystemApp
07-25 14:43:57.842 D/NotificationService( 1923): This application enqueue notifications is not need postDelayed
07-25 14:43:57.905 V/MonthTrafficAlert( 2870): getWarningNotification subId:1 numWarningNotificaion:0
07-25 14:43:57.905 V/TrafficAlert( 2870): getLimitNotification subId:1 ,numLimitNotificaion:0
07-25 14:43:58.753 W/ProcessStats( 1923): Tracking association SourceState{fdfb81d com.google.android.googlequicksearchbox:search/10104 BFgs #10527683} whose proc state 4 is better than process ProcessState{fbc83bc com.google.android.gms/10097 pkg=com.google.android.gms (sub)} proc state 6 (45 skipped)
07-25 14:43:58.832 V/MonthTrafficAlert( 2870): getWarningNotification subId:1 numWarningNotificaion:0
07-25 14:43:58.832 V/TrafficAlert( 2870): getLimitNotification subId:1 ,numLimitNotificaion:0
07-25 14:43:59.468 E/AppOps  ( 1923): attributionTag  not declared in manifest of com.oplus.healthservice
07-25 14:43:59.472 E/AppOps  ( 1923): attributionTag  not declared in manifest of com.oplus.healthservice
07-25 14:43:59.716 W/BatteryExternalStatsWorker( 1923): error reading Bluetooth stats: 9
07-25 14:44:00.001 V/AlarmManager( 1923): sending alarm Alarm{5fa42f4 type 3 origWhen 4077943181 whenElapsed 4077943181 android} uid 1000 whenElapsed 4077943181 windowLength 0 maxWhenElapsed 4077943181 repeatInterval 0 action null component null tag TIME_TICK flags 0x9 procName system_server
07-25 14:44:00.023 E/OplusCustomizeRestrictionManagerService( 1923): isBiometricDisabled start
07-25 14:44:00.384 D/OplusProxyWakeLock( 1923): restore uid :10249  pid : 0 wakelock: lock:194464761 PARTIAL_WAKE_LOCK              'Metri' (uid=10249 pid=15193)
07-25 14:44:00.921 I/OplusStatusBarManagerServiceEnhance( 1923):  getTopIsFullscreen mTopIsFullscreen: false
07-25 14:44:00.921 D/NotificationService--OplusNotificationManagerServiceExtImpl( 1923): isForwardToAssistants: false, case : Is in mMcsNotInterceptPkgList or is isSystemApp
07-25 14:44:00.921 D/NotificationService( 1923): This application enqueue notifications is not need postDelayed
07-25 14:44:00.985 V/MonthTrafficAlert( 2870): getWarningNotification subId:1 numWarningNotificaion:0
07-25 14:44:00.985 V/TrafficAlert( 2870): getLimitNotification subId:1 ,numLimitNotificaion:0
07-25 14:44:01.906 V/MonthTrafficAlert( 2870): getWarningNotification subId:1 numWarningNotificaion:0
07-25 14:44:01.906 V/TrafficAlert( 2870): getLimitNotification subId:1 ,numLimitNotificaion:0
07-25 14:44:03.406 D/OplusProxyWakeLock( 1923): add uid: 10249 wakelock: lock:194464761 PARTIAL_WAKE_LOCK              'Metri' DISABLED (uid=10249 pid=15193)to FroceReleaseWakeLock list
07-25 14:44:03.407 D/DisplayPowerController[0]( 1923): requestPowerState: policy=BRIGHT, useProximitySensor=false, screenBrightnessOverride=-1.0, useAutoBrightness=false, screenAutoBrightnessAdjustmentOverride=NaN, screenLowPowerBrightnessFactor=1.0, blockScreenOn=false, lowPowerMode=false, boostScreenBrightness=false, dozeScreenBrightness=NaN, dozeScreenState=UNKNOWN, waitForNegativeProximity=true displayReady=false pendingRequest=true
07-25 14:44:03.407 D/DisplayManagerServiceExtImpl( 1923): request size(1,1),dpc=com.android.server.display.DisplayPowerController@65c876f size(0,1),flags=0X200F,id(0,0,local:4627039422300187648),enable=true,ready=false,waitForNegativeProximity=true policy=BRIGHT,useProximitySensor=false,dozeState=UNKNOWN,screenBrightnessOverride=-1.000000,useAuto=false,lowPower=false,lowPowerFactor=1.000000
07-25 14:44:03.407 D/DpcExtImpl[0]( 1923): RECORD:onUpdatePowerState policy:3 state:2 brightness:2131
07-25 14:44:03.408 D/DisplayManagerServiceExtImpl( 1923): request size(1,1),dpc=com.android.server.display.DisplayPowerController@65c876f size(0,1),flags=0X200F,id(0,0,local:4627039422300187648),enable=true,ready=true,waitForNegativeProximity=false policy=BRIGHT,useProximitySensor=false,dozeState=UNKNOWN,screenBrightnessOverride=-1.000000,useAuto=false,lowPower=false,lowPowerFactor=1.000000
07-25 14:44:03.437 D/UsageStatsService( 1923): User[0] type=0 b=1753434672536 e=1753434843436 cb=1753366481953 ce=1753434842753 disk=0 all=27
07-25 14:44:03.998 W/ActivityManager( 1923): Foreground service started from background can not have location/camera/microphone access: service com.noisefit/.receiver.service.ConnectionService
07-25 14:44:04.005 W/ActivityManager( 1923): Foreground service started from background can not have location/camera/microphone access: service com.noisefit/.receiver.service.ConnectionService
07-25 14:44:04.010 W/ActivityManager( 1923): Foreground service started from background can not have location/camera/microphone access: service com.noisefit/.receiver.service.ConnectionService
07-25 14:44:04.047 I/OplusStatusBarManagerServiceEnhance( 1923):  getTopIsFullscreen mTopIsFullscreen: false
07-25 14:44:04.048 D/NotificationService--OplusNotificationManagerServiceExtImpl( 1923): isForwardToAssistants: false, case : Is in mMcsNotInterceptPkgList or is isSystemApp
07-25 14:44:04.048 D/NotificationService( 1923): This application enqueue notifications is not need postDelayed
07-25 14:44:04.048 V/MonthTrafficAlert( 2870): getWarningNotification subId:1 numWarningNotificaion:0
07-25 14:44:04.048 V/TrafficAlert( 2870): getLimitNotification subId:1 ,numLimitNotificaion:0
07-25 14:44:04.980 V/MonthTrafficAlert( 2870): getWarningNotification subId:1 numWarningNotificaion:0
07-25 14:44:04.981 V/TrafficAlert( 2870): getLimitNotification subId:1 ,numLimitNotificaion:0
07-25 14:44:07.126 I/OplusStatusBarManagerServiceEnhance( 1923):  getTopIsFullscreen mTopIsFullscreen: false
07-25 14:44:07.127 D/NotificationService--OplusNotificationManagerServiceExtImpl( 1923): isForwardToAssistants: false, case : Is in mMcsNotInterceptPkgList or is isSystemApp
07-25 14:44:07.127 D/NotificationService( 1923): This application enqueue notifications is not need postDelayed
07-25 14:44:07.187 V/MonthTrafficAlert( 2870): getWarningNotification subId:1 numWarningNotificaion:0
07-25 14:44:07.187 V/TrafficAlert( 2870): getLimitNotification subId:1 ,numLimitNotificaion:0
07-25 14:44:08.116 V/MonthTrafficAlert( 2870): getWarningNotification subId:1 numWarningNotificaion:0
07-25 14:44:08.116 V/TrafficAlert( 2870): getLimitNotification subId:1 ,numLimitNotificaion:0
07-25 14:44:08.757 W/ProcessStats( 1923): Tracking association SourceState{fdfb81d com.google.android.googlequicksearchbox:search/10104 BFgs #10527702} whose proc state 4 is better than process ProcessState{fbc83bc com.google.android.gms/10097 pkg=com.google.android.gms (sub)} proc state 6 (4 skipped)
07-25 14:44:09.510 D/OplusProxyWakeLock( 1923): restore uid :10249  pid : 0 wakelock: lock:194464761 PARTIAL_WAKE_LOCK              'Metri' (uid=10249 pid=15193)
07-25 14:44:10.207 I/OplusStatusBarManagerServiceEnhance( 1923):  getTopIsFullscreen mTopIsFullscreen: false
07-25 14:44:10.207 D/NotificationService--OplusNotificationManagerServiceExtImpl( 1923): isForwardToAssistants: false, case : Is in mMcsNotInterceptPkgList or is isSystemApp
07-25 14:44:10.207 D/NotificationService( 1923): This application enqueue notifications is not need postDelayed
07-25 14:44:10.272 V/MonthTrafficAlert( 2870): getWarningNotification subId:1 numWarningNotificaion:0
07-25 14:44:10.272 V/TrafficAlert( 2870): getLimitNotification subId:1 ,numLimitNotificaion:0
07-25 14:44:11.191 V/MonthTrafficAlert( 2870): getWarningNotification subId:1 numWarningNotificaion:0
07-25 14:44:11.191 V/TrafficAlert( 2870): getLimitNotification subId:1 ,numLimitNotificaion:0
07-25 14:44:12.537 D/OplusProxyWakeLock( 1923): add uid: 10249 wakelock: lock:194464761 PARTIAL_WAKE_LOCK              'Metri' DISABLED (uid=10249 pid=15193)to FroceReleaseWakeLock list
07-25 14:44:12.538 D/DisplayPowerController[0]( 1923): requestPowerState: policy=BRIGHT, useProximitySensor=false, screenBrightnessOverride=-1.0, useAutoBrightness=false, screenAutoBrightnessAdjustmentOverride=NaN, screenLowPowerBrightnessFactor=1.0, blockScreenOn=false, lowPowerMode=false, boostScreenBrightness=false, dozeScreenBrightness=NaN, dozeScreenState=UNKNOWN, waitForNegativeProximity=true displayReady=false pendingRequest=true
07-25 14:44:12.538 D/DisplayManagerServiceExtImpl( 1923): request size(1,1),dpc=com.android.server.display.DisplayPowerController@65c876f size(0,1),flags=0X200F,id(0,0,local:4627039422300187648),enable=true,ready=false,waitForNegativeProximity=true policy=BRIGHT,useProximitySensor=false,dozeState=UNKNOWN,screenBrightnessOverride=-1.000000,useAuto=false,lowPower=false,lowPowerFactor=1.000000
07-25 14:44:12.538 D/DpcExtImpl[0]( 1923): RECORD:onUpdatePowerState policy:3 state:2 brightness:2131
07-25 14:44:12.539 D/DisplayManagerServiceExtImpl( 1923): request size(1,1),dpc=com.android.server.display.DisplayPowerController@65c876f size(0,1),flags=0X200F,id(0,0,local:4627039422300187648),enable=true,ready=true,waitForNegativeProximity=false policy=BRIGHT,useProximitySensor=false,dozeState=UNKNOWN,screenBrightnessOverride=-1.000000,useAuto=false,lowPower=false,lowPowerFactor=1.000000
07-25 14:44:13.289 I/OplusStatusBarManagerServiceEnhance( 1923):  getTopIsFullscreen mTopIsFullscreen: false
07-25 14:44:13.289 D/NotificationService--OplusNotificationManagerServiceExtImpl( 1923): isForwardToAssistants: false, case : Is in mMcsNotInterceptPkgList or is isSystemApp
07-25 14:44:13.289 D/NotificationService( 1923): This application enqueue notifications is not need postDelayed
07-25 14:44:13.361 V/MonthTrafficAlert( 2870): getWarningNotification subId:1 numWarningNotificaion:0
07-25 14:44:13.361 V/TrafficAlert( 2870): getLimitNotification subId:1 ,numLimitNotificaion:0
07-25 14:44:14.276 V/MonthTrafficAlert( 2870): getWarningNotification subId:1 numWarningNotificaion:0
07-25 14:44:14.276 V/TrafficAlert( 2870): getLimitNotification subId:1 ,numLimitNotificaion:0
07-25 14:44:16.367 I/OplusStatusBarManagerServiceEnhance( 1923):  getTopIsFullscreen mTopIsFullscreen: false
07-25 14:44:16.367 D/NotificationService--OplusNotificationManagerServiceExtImpl( 1923): isForwardToAssistants: false, case : Is in mMcsNotInterceptPkgList or is isSystemApp
07-25 14:44:16.367 D/NotificationService( 1923): This application enqueue notifications is not need postDelayed
07-25 14:44:16.442 V/MonthTrafficAlert( 2870): getWarningNotification subId:1 numWarningNotificaion:0
07-25 14:44:16.442 V/TrafficAlert( 2870): getLimitNotification subId:1 ,numLimitNotificaion:0
07-25 14:44:16.449 W/ContextImpl( 1923): Calling a method in the system process without a qualified user: android.app.ContextImpl.sendBroadcastMultiplePermissions:1282 android.content.Context.sendBroadcastMultiplePermissions:2476 com.android.server.TelephonyRegistry.broadcastServiceStateChanged:3594 com.android.server.TelephonyRegistry.notifyServiceStateForPhoneId:1759 com.android.internal.telephony.ITelephonyRegistry$Stub.onTransact:534 
07-25 14:44:16.450 W/ContextImpl( 1923): Calling a method in the system process without a qualified user: android.app.ContextImpl.sendBroadcastMultiplePermissions:1315 com.android.server.TelephonyRegistry.broadcastServiceStateChanged:3599 com.android.server.TelephonyRegistry.notifyServiceStateForPhoneId:1759 com.android.internal.telephony.ITelephonyRegistry$Stub.onTransact:534 android.os.Binder.execTransactInternal:1392 
07-25 14:44:16.450 W/ContextImpl( 1923): Calling a method in the system process without a qualified user: android.app.ContextImpl.sendBroadcastMultiplePermissions:1315 com.android.server.TelephonyRegistry.broadcastServiceStateChanged:3608 com.android.server.TelephonyRegistry.notifyServiceStateForPhoneId:1759 com.android.internal.telephony.ITelephonyRegistry$Stub.onTransact:534 android.os.Binder.execTransactInternal:1392 
07-25 14:44:16.451 W/ContextImpl( 1923): Calling a method in the system process without a qualified user: android.app.ContextImpl.sendBroadcastMultiplePermissions:1315 com.android.server.TelephonyRegistry.broadcastServiceStateChanged:3614 com.android.server.TelephonyRegistry.notifyServiceStateForPhoneId:1759 com.android.internal.telephony.ITelephonyRegistry$Stub.onTransact:534 android.os.Binder.execTransactInternal:1392 
07-25 14:44:16.516 D/OplusCustomizeRestrictionManagerService( 1923): ismmsreceiveDisabled null
07-25 14:44:16.518 E/OplusCustomizeRestrictionManagerService( 1923): getMobileDataMode error :s == null
07-25 14:44:16.546 D/OplusProxyWakeLock( 1923): restore uid :10249  pid : 0 wakelock: lock:194464761 PARTIAL_WAKE_LOCK              'Metri' (uid=10249 pid=15193)
07-25 14:44:16.598 D/CompatibilityChangeReporter( 1923): Compat change id reported: 271850009; UID 1000; state: ENABLED
07-25 14:44:16.598 D/CompatibilityChangeReporter( 1923): Compat change id reported: 271850009; UID 1000; state: DISABLED
07-25 14:44:16.709 W/ContextImpl( 1923): Calling a method in the system process without a qualified user: android.app.ContextImpl.sendBroadcastMultiplePermissions:1282 android.content.Context.sendBroadcastMultiplePermissions:2476 com.android.server.TelephonyRegistry.broadcastServiceStateChanged:3594 com.android.server.TelephonyRegistry.notifyServiceStateForPhoneId:1759 com.android.internal.telephony.ITelephonyRegistry$Stub.onTransact:534 
07-25 14:44:16.710 W/ContextImpl( 1923): Calling a method in the system process without a qualified user: android.app.ContextImpl.sendBroadcastMultiplePermissions:1315 com.android.server.TelephonyRegistry.broadcastServiceStateChanged:3599 com.android.server.TelephonyRegistry.notifyServiceStateForPhoneId:1759 com.android.internal.telephony.ITelephonyRegistry$Stub.onTransact:534 android.os.Binder.execTransactInternal:1392 
07-25 14:44:16.713 W/ContextImpl( 1923): Calling a method in the system process without a qualified user: android.app.ContextImpl.sendBroadcastMultiplePermissions:1315 com.android.server.TelephonyRegistry.broadcastServiceStateChanged:3608 com.android.server.TelephonyRegistry.notifyServiceStateForPhoneId:1759 com.android.internal.telephony.ITelephonyRegistry$Stub.onTransact:534 android.os.Binder.execTransactInternal:1392 
07-25 14:44:16.714 W/ContextImpl( 1923): Calling a method in the system process without a qualified user: android.app.ContextImpl.sendBroadcastMultiplePermissions:1315 com.android.server.TelephonyRegistry.broadcastServiceStateChanged:3614 com.android.server.TelephonyRegistry.notifyServiceStateForPhoneId:1759 com.android.internal.telephony.ITelephonyRegistry$Stub.onTransact:534 android.os.Binder.execTransactInternal:1392 
07-25 14:44:16.728 D/OplusCustomizeRestrictionManagerService( 1923): ismmsreceiveDisabled null
07-25 14:44:16.728 E/OplusCustomizeRestrictionManagerService( 1923): getMobileDataMode error :s == null
07-25 14:44:16.809 D/TelephonyManagerProxy( 2870): onTelephonyEventReport,cb list: 3
07-25 14:44:16.809 D/TelephonyManagerProxy( 2870): onTelephonyEventReport,cb: m8.a$a@98249c5
07-25 14:44:16.809 D/TelephonyManagerProxy( 2870): onTelephonyEventReport,cb: e8.d$a@b4f18be
07-25 14:44:16.810 D/TelephonyManagerProxy( 2870): onTelephonyEventReport,cb: e8.d$a@b2b9d1f
07-25 14:44:17.351 I/ActivityManager( 1923): Process com.google.android.cellbroadcastreceiver (pid 22020) has died: cch+5 CEM 
07-25 14:44:17.353 D/DisplayManagerService( 1923): Drop pending events for gone uid 10227
07-25 14:44:17.355 E/OAPM    ( 1923): activity preload is not enabled
07-25 14:44:17.358 V/MonthTrafficAlert( 2870): getWarningNotification subId:1 numWarningNotificaion:0
07-25 14:44:17.358 V/TrafficAlert( 2870): getLimitNotification subId:1 ,numLimitNotificaion:0
07-25 14:44:17.358 I/ActivityManager( 1923): Process com.oplus.stdid (pid 18892) has died: cch+5 CEM 
07-25 14:44:17.371 I/ActivityManager( 1923): Process com.android.vending:background (pid 21474) has died: cch+35 CEM 
07-25 14:44:17.382 I/ActivityManager( 1923): Process com.android.vending (pid 21333) has died: cch+5 CEM 
07-25 14:44:17.383 D/DisplayManagerService( 1923): Drop pending events for gone uid 10093
07-25 14:44:17.384 E/OAPM    ( 1923): activity preload is not enabled
07-25 14:44:18.424 V/MonthTrafficAlert( 2870): getWarningNotification subId:1 numWarningNotificaion:0
07-25 14:44:18.424 V/TrafficAlert( 2870): getLimitNotification subId:1 ,numLimitNotificaion:0
07-25 14:44:19.355 V/MonthTrafficAlert( 2870): getWarningNotification subId:1 numWarningNotificaion:0
07-25 14:44:19.355 V/TrafficAlert( 2870): getLimitNotification subId:1 ,numLimitNotificaion:0
07-25 14:44:19.446 I/OplusStatusBarManagerServiceEnhance( 1923):  getTopIsFullscreen mTopIsFullscreen: false
07-25 14:44:19.447 D/NotificationService--OplusNotificationManagerServiceExtImpl( 1923): isForwardToAssistants: false, case : Is in mMcsNotInterceptPkgList or is isSystemApp
07-25 14:44:19.447 D/NotificationService( 1923): This application enqueue notifications is not need postDelayed
07-25 14:44:19.558 D/OplusProxyWakeLock( 1923): add uid: 10249 wakelock: lock:194464761 PARTIAL_WAKE_LOCK              'Metri' DISABLED (uid=10249 pid=15193)to FroceReleaseWakeLock list
07-25 14:44:19.558 D/DisplayPowerController[0]( 1923): requestPowerState: policy=BRIGHT, useProximitySensor=false, screenBrightnessOverride=-1.0, useAutoBrightness=false, screenAutoBrightnessAdjustmentOverride=NaN, screenLowPowerBrightnessFactor=1.0, blockScreenOn=false, lowPowerMode=false, boostScreenBrightness=false, dozeScreenBrightness=NaN, dozeScreenState=UNKNOWN, waitForNegativeProximity=true displayReady=false pendingRequest=true
07-25 14:44:19.558 D/DisplayManagerServiceExtImpl( 1923): request size(1,1),dpc=com.android.server.display.DisplayPowerController@65c876f size(0,1),flags=0X200F,id(0,0,local:4627039422300187648),enable=true,ready=false,waitForNegativeProximity=true policy=BRIGHT,useProximitySensor=false,dozeState=UNKNOWN,screenBrightnessOverride=-1.000000,useAuto=false,lowPower=false,lowPowerFactor=1.000000
07-25 14:44:19.559 D/DpcExtImpl[0]( 1923): RECORD:onUpdatePowerState policy:3 state:2 brightness:2131
07-25 14:44:19.560 D/DisplayManagerServiceExtImpl( 1923): request size(1,1),dpc=com.android.server.display.DisplayPowerController@65c876f size(0,1),flags=0X200F,id(0,0,local:4627039422300187648),enable=true,ready=true,waitForNegativeProximity=false policy=BRIGHT,useProximitySensor=false,dozeState=UNKNOWN,screenBrightnessOverride=-1.000000,useAuto=false,lowPower=false,lowPowerFactor=1.000000
07-25 14:44:20.427 V/MonthTrafficAlert( 2870): getWarningNotification subId:1 numWarningNotificaion:0
07-25 14:44:20.427 V/TrafficAlert( 2870): getLimitNotification subId:1 ,numLimitNotificaion:0
07-25 14:44:20.746 W/ProcessStats( 1923): Tracking association SourceState{fdfb81d com.google.android.googlequicksearchbox:search/10104 BFgs #10527764} whose proc state 4 is better than process ProcessState{fbc83bc com.google.android.gms/10097 pkg=com.google.android.gms (sub)} proc state 6 (23 skipped)
07-25 14:44:20.760 D/CompatibilityChangeReporter( 1923): Compat change id reported: 135634846; UID 10097; state: DISABLED
07-25 14:44:20.760 D/CompatibilityChangeReporter( 1923): Compat change id reported: 177438394; UID 10097; state: DISABLED
07-25 14:44:20.760 D/CompatibilityChangeReporter( 1923): Compat change id reported: 135772972; UID 10097; state: DISABLED
07-25 14:44:20.761 D/CompatibilityChangeReporter( 1923): Compat change id reported: 135754954; UID 10097; state: ENABLED
07-25 14:44:20.761 D/CompatibilityChangeReporter( 1923): Compat change id reported: 143937733; UID 10097; state: ENABLED
07-25 14:44:20.781 I/ActivityManager( 1923): Start proc 22238:com.google.process.gservices/u0a97 for content provider {com.google.android.gsf/com.google.android.gsf.gservices.GservicesProvider}
07-25 14:44:20.838 D/CompatibilityChangeReporter( 1923): Compat change id reported: 168419799; UID 10097; state: DISABLED
07-25 14:44:20.838 D/CompatibilityChangeReporter( 1923): Compat change id reported: 273564678; UID 10097; state: DISABLED
07-25 14:44:20.838 D/ActivityTaskManagerServiceExtImpl( 1923): preBindApplication record is null
07-25 14:44:20.848 D/OplusInterceptLockScreenWindow( 1923): starting IOplusLockScreenCallbacks service...
07-25 14:44:20.853 D/CompatibilityChangeReporter( 1923): Compat change id reported: 170503758; UID 10097; state: ENABLED
07-25 14:44:20.903 D/ResourcesManagerExtImpl(22238): applyConfigurationToAppResourcesLocked app.getDisplayId() return callback.displayId:-1
07-25 14:44:20.920 W/ActivityManager( 1923): Unable to start service Intent { act=com.google.android.gms.gservices.START pkg=com.google.android.gms mCallingUid=10097 } U=0: not found
07-25 14:44:20.920 W/ActivityManager( 1923): Unbind failed: could not find connection for android.os.BinderProxy@1c5f4
07-25 14:44:20.941 I/ActivityManager( 1923): Flag disabled. Ignoring finishAttachApplication from uid: 10097. pid: 22238
07-25 14:44:21.354 V/MonthTrafficAlert( 2870): getWarningNotification subId:1 numWarningNotificaion:0
07-25 14:44:21.354 V/TrafficAlert( 2870): getLimitNotification subId:1 ,numLimitNotificaion:0
07-25 14:44:22.040 V/AlarmManager( 1923): sending alarm Alarm{dc84d63 type 3 origWhen 4077960516 whenElapsed 4077960516 android} uid 1000 whenElapsed 4077960516 windowLength 22495 maxWhenElapsed 4077983011 repeatInterval 0 action null component null tag *job.delay* flags 0x0 procName system_server
07-25 14:44:22.060 D/CompatibilityChangeReporter( 1923): Compat change id reported: 135634846; UID 10192; state: DISABLED
07-25 14:44:22.061 D/CompatibilityChangeReporter( 1923): Compat change id reported: 177438394; UID 10192; state: DISABLED
07-25 14:44:22.061 D/CompatibilityChangeReporter( 1923): Compat change id reported: 135772972; UID 10192; state: DISABLED
07-25 14:44:22.061 D/CompatibilityChangeReporter( 1923): Compat change id reported: 135754954; UID 10192; state: ENABLED
07-25 14:44:22.062 D/CompatibilityChangeReporter( 1923): Compat change id reported: 143937733; UID 10192; state: ENABLED
07-25 14:44:22.079 I/ActivityManager( 1923): Start proc 22254:com.google.android.setupwizard/u0a192 for service {com.google.android.setupwizard/com.google.android.setupwizard.deferred.DeferredSetupScheduler}
07-25 14:44:22.147 D/CompatibilityChangeReporter( 1923): Compat change id reported: 168419799; UID 10192; state: DISABLED
07-25 14:44:22.147 D/CompatibilityChangeReporter( 1923): Compat change id reported: 273564678; UID 10192; state: DISABLED
07-25 14:44:22.148 D/ActivityTaskManagerServiceExtImpl( 1923): preBindApplication record is null
07-25 14:44:22.152 D/CompatibilityChangeReporter( 1923): Compat change id reported: 265195908; UID 10192; state: ENABLED
07-25 14:44:22.161 D/CompatibilityChangeReporter( 1923): Compat change id reported: 170503758; UID 10192; state: ENABLED
07-25 14:44:22.273 D/ResourcesManagerExtImpl(22254): applyConfigurationToAppResourcesLocked app.getDisplayId() return callback.displayId:-1
07-25 14:44:22.428 I/ActivityManager( 1923): Flag disabled. Ignoring finishAttachApplication from uid: 10192. pid: 22254
07-25 14:44:22.579 I/OplusStatusBarManagerServiceEnhance( 1923):  getTopIsFullscreen mTopIsFullscreen: false
07-25 14:44:22.580 D/NotificationService--OplusNotificationManagerServiceExtImpl( 1923): isForwardToAssistants: false, case : Is in mMcsNotInterceptPkgList or is isSystemApp
07-25 14:44:22.580 D/NotificationService( 1923): This application enqueue notifications is not need postDelayed
07-25 14:44:22.580 V/MonthTrafficAlert( 2870): getWarningNotification subId:1 numWarningNotificaion:0
07-25 14:44:22.580 V/TrafficAlert( 2870): getLimitNotification subId:1 ,numLimitNotificaion:0
07-25 14:44:23.198 D/ProcessCpuTrackerExtImpl( 1923): mContext is already set, return now! 
07-25 14:44:23.201 W/BatteryExternalStatsWorker( 1923): error reading Bluetooth stats: 9
07-25 14:44:23.392 D/KernelCpuUidUserSysTimeReader( 1923): Removing uids 10430-10430
07-25 14:44:23.514 V/MonthTrafficAlert( 2870): getWarningNotification subId:1 numWarningNotificaion:0
07-25 14:44:23.514 V/TrafficAlert( 2870): getLimitNotification subId:1 ,numLimitNotificaion:0
07-25 14:44:24.003 W/ActivityManager( 1923): Foreground service started from background can not have location/camera/microphone access: service com.noisefit/.receiver.service.ConnectionService
07-25 14:44:24.008 W/ActivityManager( 1923): Foreground service started from background can not have location/camera/microphone access: service com.noisefit/.receiver.service.ConnectionService
07-25 14:44:24.012 W/ActivityManager( 1923): Foreground service started from background can not have location/camera/microphone access: service com.noisefit/.receiver.service.ConnectionService
07-25 14:44:25.661 I/OplusStatusBarManagerServiceEnhance( 1923):  getTopIsFullscreen mTopIsFullscreen: false
07-25 14:44:25.661 D/NotificationService--OplusNotificationManagerServiceExtImpl( 1923): isForwardToAssistants: false, case : Is in mMcsNotInterceptPkgList or is isSystemApp
07-25 14:44:25.661 D/NotificationService( 1923): This application enqueue notifications is not need postDelayed
07-25 14:44:25.718 V/MonthTrafficAlert( 2870): getWarningNotification subId:1 numWarningNotificaion:0
07-25 14:44:25.718 V/TrafficAlert( 2870): getLimitNotification subId:1 ,numLimitNotificaion:0
07-25 14:44:26.644 V/MonthTrafficAlert( 2870): getWarningNotification subId:1 numWarningNotificaion:0
07-25 14:44:26.644 V/TrafficAlert( 2870): getLimitNotification subId:1 ,numLimitNotificaion:0
07-25 14:44:28.736 I/OplusStatusBarManagerServiceEnhance( 1923):  getTopIsFullscreen mTopIsFullscreen: false
07-25 14:44:28.737 D/NotificationService--OplusNotificationManagerServiceExtImpl( 1923): isForwardToAssistants: false, case : Is in mMcsNotInterceptPkgList or is isSystemApp
07-25 14:44:28.737 D/NotificationService( 1923): This application enqueue notifications is not need postDelayed
07-25 14:44:28.802 V/MonthTrafficAlert( 2870): getWarningNotification subId:1 numWarningNotificaion:0
07-25 14:44:28.802 V/TrafficAlert( 2870): getLimitNotification subId:1 ,numLimitNotificaion:0
07-25 14:44:29.406 D/CompatibilityChangeReporter( 1923): Compat change id reported: 161145287; UID 10192; state: ENABLED
07-25 14:44:29.445 D/CompatibilityChangeReporter( 1923): Compat change id reported: 261072174; UID 10192; state: ENABLED
07-25 14:44:29.719 V/MonthTrafficAlert( 2870): getWarningNotification subId:1 numWarningNotificaion:0
07-25 14:44:29.719 V/TrafficAlert( 2870): getLimitNotification subId:1 ,numLimitNotificaion:0
07-25 14:44:30.210 W/ActivityManager( 1923): Foreground service started from background can not have location/camera/microphone access: service com.noisefit/.receiver.service.ConnectionService
07-25 14:44:31.855 I/OplusStatusBarManagerServiceEnhance( 1923):  getTopIsFullscreen mTopIsFullscreen: false
07-25 14:44:31.855 D/NotificationService--OplusNotificationManagerServiceExtImpl( 1923): isForwardToAssistants: false, case : Is in mMcsNotInterceptPkgList or is isSystemApp
07-25 14:44:31.855 D/NotificationService( 1923): This application enqueue notifications is not need postDelayed
07-25 14:44:31.856 V/MonthTrafficAlert( 2870): getWarningNotification subId:1 numWarningNotificaion:0
07-25 14:44:31.856 V/TrafficAlert( 2870): getLimitNotification subId:1 ,numLimitNotificaion:0
07-25 14:44:31.969 W/ProcessStats( 1923): Tracking association SourceState{fdfb81d com.google.android.googlequicksearchbox:search/10104 BFgs #10527810} whose proc state 4 is better than process ProcessState{fbc83bc com.google.android.gms/10097 pkg=com.google.android.gms (sub)} proc state 6 (15 skipped)
07-25 14:44:32.434 W/ContextImpl( 1923): Calling a method in the system process without a qualified user: android.app.ContextImpl.sendBroadcastMultiplePermissions:1282 android.content.Context.sendBroadcastMultiplePermissions:2476 com.android.server.TelephonyRegistry.broadcastServiceStateChanged:3594 com.android.server.TelephonyRegistry.notifyServiceStateForPhoneId:1759 com.android.internal.telephony.ITelephonyRegistry$Stub.onTransact:534 
07-25 14:44:32.436 W/ContextImpl( 1923): Calling a method in the system process without a qualified user: android.app.ContextImpl.sendBroadcastMultiplePermissions:1315 com.android.server.TelephonyRegistry.broadcastServiceStateChanged:3599 com.android.server.TelephonyRegistry.notifyServiceStateForPhoneId:1759 com.android.internal.telephony.ITelephonyRegistry$Stub.onTransact:534 android.os.Binder.execTransactInternal:1392 
07-25 14:44:32.437 W/ContextImpl( 1923): Calling a method in the system process without a qualified user: android.app.ContextImpl.sendBroadcastMultiplePermissions:1315 com.android.server.TelephonyRegistry.broadcastServiceStateChanged:3608 com.android.server.TelephonyRegistry.notifyServiceStateForPhoneId:1759 com.android.internal.telephony.ITelephonyRegistry$Stub.onTransact:534 android.os.Binder.execTransactInternal:1392 
07-25 14:44:32.440 W/ContextImpl( 1923): Calling a method in the system process without a qualified user: android.app.ContextImpl.sendBroadcastMultiplePermissions:1315 com.android.server.TelephonyRegistry.broadcastServiceStateChanged:3614 com.android.server.TelephonyRegistry.notifyServiceStateForPhoneId:1759 com.android.internal.telephony.ITelephonyRegistry$Stub.onTransact:534 android.os.Binder.execTransactInternal:1392 
07-25 14:44:32.444 D/CompatibilityChangeReporter( 1923): Compat change id reported: 135634846; UID 10227; state: DISABLED
07-25 14:44:32.444 D/CompatibilityChangeReporter( 1923): Compat change id reported: 177438394; UID 10227; state: DISABLED
07-25 14:44:32.444 D/CompatibilityChangeReporter( 1923): Compat change id reported: 135772972; UID 10227; state: DISABLED
07-25 14:44:32.444 D/CompatibilityChangeReporter( 1923): Compat change id reported: 135754954; UID 10227; state: ENABLED
07-25 14:44:32.445 D/CompatibilityChangeReporter( 1923): Compat change id reported: 143937733; UID 10227; state: ENABLED
07-25 14:44:32.459 I/ActivityManager( 1923): Start proc 22282:com.google.android.cellbroadcastreceiver/u0a227 for broadcast {com.google.android.cellbroadcastreceiver/com.android.cellbroadcastreceiver.CellBroadcastReceiver}
07-25 14:44:32.487 D/ProcessCpuTrackerExtImpl( 1923): mContext is already set, return now! 
07-25 14:44:32.507 D/ActivityTaskManagerServiceExtImpl( 1923): preBindApplication record is null
07-25 14:44:32.512 D/OplusInterceptLockScreenWindow( 1923): starting IOplusLockScreenCallbacks service...
07-25 14:44:32.524 D/OplusCustomizeRestrictionManagerService( 1923): ismmsreceiveDisabled null
07-25 14:44:32.525 E/OplusCustomizeRestrictionManagerService( 1923): getMobileDataMode error :s == null
07-25 14:44:32.552 D/OplusProxyWakeLock( 1923): restore uid :10249  pid : 0 wakelock: lock:194464761 PARTIAL_WAKE_LOCK              'Metri' (uid=10249 pid=15193)
07-25 14:44:32.667 D/ResourcesManagerExtImpl(22282): applyConfigurationToAppResourcesLocked app.getDisplayId() return callback.displayId:-1
07-25 14:44:32.686 W/ContextImpl( 1923): Calling a method in the system process without a qualified user: android.app.ContextImpl.sendBroadcastMultiplePermissions:1282 android.content.Context.sendBroadcastMultiplePermissions:2476 com.android.server.TelephonyRegistry.broadcastServiceStateChanged:3594 com.android.server.TelephonyRegistry.notifyServiceStateForPhoneId:1759 com.android.internal.telephony.ITelephonyRegistry$Stub.onTransact:534 
07-25 14:44:32.687 W/ContextImpl( 1923): Calling a method in the system process without a qualified user: android.app.ContextImpl.sendBroadcastMultiplePermissions:1315 com.android.server.TelephonyRegistry.broadcastServiceStateChanged:3599 com.android.server.TelephonyRegistry.notifyServiceStateForPhoneId:1759 com.android.internal.telephony.ITelephonyRegistry$Stub.onTransact:534 android.os.Binder.execTransactInternal:1392 
07-25 14:44:32.688 W/ContextImpl( 1923): Calling a method in the system process without a qualified user: android.app.ContextImpl.sendBroadcastMultiplePermissions:1315 com.android.server.TelephonyRegistry.broadcastServiceStateChanged:3608 com.android.server.TelephonyRegistry.notifyServiceStateForPhoneId:1759 com.android.internal.telephony.ITelephonyRegistry$Stub.onTransact:534 android.os.Binder.execTransactInternal:1392 
07-25 14:44:32.691 W/ContextImpl( 1923): Calling a method in the system process without a qualified user: android.app.ContextImpl.sendBroadcastMultiplePermissions:1315 com.android.server.TelephonyRegistry.broadcastServiceStateChanged:3614 com.android.server.TelephonyRegistry.notifyServiceStateForPhoneId:1759 com.android.internal.telephony.ITelephonyRegistry$Stub.onTransact:534 android.os.Binder.execTransactInternal:1392 
07-25 14:44:32.694 I/ActivityManager( 1923): Flag disabled. Ignoring finishAttachApplication from uid: 10227. pid: 22282
07-25 14:44:32.699 D/OplusCustomizeRestrictionManagerService( 1923): ismmsreceiveDisabled null
07-25 14:44:32.700 E/OplusCustomizeRestrictionManagerService( 1923): getMobileDataMode error :s == null
07-25 14:44:32.798 V/MonthTrafficAlert( 2870): getWarningNotification subId:1 numWarningNotificaion:0
