07-25 14:44:32.799 V/TrafficAlert( 2870): getLimitNotification subId:1 ,numLimitNotificaion:0
07-25 14:44:33.865 V/MonthTrafficAlert( 2870): getWarningNotification subId:1 numWarningNotificaion:0
07-25 14:44:33.865 V/TrafficAlert( 2870): getLimitNotification subId:1 ,numLimitNotificaion:0
07-25 14:44:34.229 V/AlarmManager( 1923): sending alarm Alarm{c5ec57d type 0 origWhen 1753434824225 whenElapsed 4077932405 com.noisefit} uid 10426 whenElapsed 4077932405 windowLength 45000 maxWhenElapsed 4077977405 repeatInterval 60000 action null component ComponentInfo{com.noisefit/com.noisefit.receiver.service.ConnectionService} flags 0x0 procName com.noisefit
07-25 14:44:34.234 V/AlarmManager( 1923): sending alarm Alarm{345c72 type 2 origWhen 4077969401 whenElapsed 4077969401 com.facebook.katana} uid 10240 whenElapsed 4077969401 windowLength 89991 maxWhenElapsed 4078059392 repeatInterval 0 action WakingExecutorService.ACTION_ALARM.com.facebook.katana.Mqtt_Wakeup component null flags 0x8 procName com.facebook.katana
07-25 14:44:34.241 W/ActivityManager( 1923): Foreground service started from background can not have location/camera/microphone access: service com.noisefit/.receiver.service.ConnectionService
07-25 14:44:34.247 W/PackageManager( 1923): package com.noisefit uid 10426 pid 1692 call SetEnabledSetting(com.noisefit component = com.noisefit.receiver.service.NotificationAlertService, 0, 0)
07-25 14:44:34.252 W/PackageManager( 1923): package com.noisefit uid 10426 pid 1692 call SetEnabledSetting(com.noisefit component = com.noisefit.receiver.service.NotificationAlertService, 1, 0)
07-25 14:44:34.260 W/ActivityManager( 1923): Foreground service started from background can not have location/camera/microphone access: service com.noisefit/.receiver.service.ConnectionService
07-25 14:44:34.798 V/MonthTrafficAlert( 2870): getWarningNotification subId:1 numWarningNotificaion:0
07-25 14:44:34.798 V/TrafficAlert( 2870): getLimitNotification subId:1 ,numLimitNotificaion:0
07-25 14:44:34.938 I/OplusStatusBarManagerServiceEnhance( 1923):  getTopIsFullscreen mTopIsFullscreen: false
07-25 14:44:34.939 D/NotificationService--OplusNotificationManagerServiceExtImpl( 1923): isForwardToAssistants: false, case : Is in mMcsNotInterceptPkgList or is isSystemApp
07-25 14:44:34.939 D/NotificationService( 1923): This application enqueue notifications is not need postDelayed
07-25 14:44:35.250 I/AppsFilter( 1923): interaction: PackageSetting{f3aa887 com.android.microdroid.empty_payload/10342} -> PackageSetting{91107ed com.noisefit/10426} BLOCKED
07-25 14:44:35.250 I/AppsFilter( 1923): interaction: PackageSetting{fba6bdd app.netmirror.netmirror/10451} -> PackageSetting{91107ed com.noisefit/10426} BLOCKED
07-25 14:44:35.250 I/AppsFilter( 1923): interaction: PackageSetting{92b7352 com.oplus.locationproxy/10142} -> PackageSetting{91107ed com.noisefit/10426} BLOCKED
07-25 14:44:35.250 I/AppsFilter( 1923): interaction: PackageSetting{80f4623 com.oplus.securitykeyboard/10145} -> PackageSetting{91107ed com.noisefit/10426} BLOCKED
07-25 14:44:35.260 V/NotificationListeners( 1923): enabling notification listener for 0: ComponentInfo{com.noisefit/com.noisefit.receiver.service.NotificationAlertService}
07-25 14:44:35.261 V/NotificationListeners( 1923): Not registering ComponentInfo{com.noisefit/com.noisefit.receiver.service.NotificationAlertService} is already bound
07-25 14:44:35.262 V/ConditionProviders( 1923): enabling condition provider for 0: ComponentInfo{com.google.android.apps.wellbeing/com.google.android.apps.wellbeing.azr.impl.AzrConditionProviderService}
07-25 14:44:35.262 V/ConditionProviders( 1923): Not registering ComponentInfo{com.google.android.apps.wellbeing/com.google.android.apps.wellbeing.azr.impl.AzrConditionProviderService} is already bound
07-25 14:44:35.268 V/AutofillManagerService( 1923): onPackageModified(): com.noisefit
07-25 14:44:35.573 D/OplusProxyWakeLock( 1923): add uid: 10249 wakelock: lock:194464761 PARTIAL_WAKE_LOCK              'Metri' DISABLED (uid=10249 pid=15193)to FroceReleaseWakeLock list
07-25 14:44:35.574 D/DisplayPowerController[0]( 1923): requestPowerState: policy=BRIGHT, useProximitySensor=false, screenBrightnessOverride=-1.0, useAutoBrightness=false, screenAutoBrightnessAdjustmentOverride=NaN, screenLowPowerBrightnessFactor=1.0, blockScreenOn=false, lowPowerMode=false, boostScreenBrightness=false, dozeScreenBrightness=NaN, dozeScreenState=UNKNOWN, waitForNegativeProximity=true displayReady=false pendingRequest=true
07-25 14:44:35.574 D/DisplayManagerServiceExtImpl( 1923): request size(1,1),dpc=com.android.server.display.DisplayPowerController@65c876f size(0,1),flags=0X200F,id(0,0,local:4627039422300187648),enable=true,ready=false,waitForNegativeProximity=true policy=BRIGHT,useProximitySensor=false,dozeState=UNKNOWN,screenBrightnessOverride=-1.000000,useAuto=false,lowPower=false,lowPowerFactor=1.000000
07-25 14:44:35.574 D/DpcExtImpl[0]( 1923): RECORD:onUpdatePowerState policy:3 state:2 brightness:2131
07-25 14:44:35.575 D/DisplayManagerServiceExtImpl( 1923): request size(1,1),dpc=com.android.server.display.DisplayPowerController@65c876f size(0,1),flags=0X200F,id(0,0,local:4627039422300187648),enable=true,ready=true,waitForNegativeProximity=false policy=BRIGHT,useProximitySensor=false,dozeState=UNKNOWN,screenBrightnessOverride=-1.000000,useAuto=false,lowPower=false,lowPowerFactor=1.000000
07-25 14:44:35.853 V/MonthTrafficAlert( 2870): getWarningNotification subId:1 numWarningNotificaion:0
07-25 14:44:35.853 V/TrafficAlert( 2870): getLimitNotification subId:1 ,numLimitNotificaion:0
07-25 14:44:36.798 V/MonthTrafficAlert( 2870): getWarningNotification subId:1 numWarningNotificaion:0
07-25 14:44:36.798 V/TrafficAlert( 2870): getLimitNotification subId:1 ,numLimitNotificaion:0
07-25 14:44:37.862 D/DisplayPowerController[0]( 1923): requestPowerState: policy=DIM, useProximitySensor=false, screenBrightnessOverride=-1.0, useAutoBrightness=false, screenAutoBrightnessAdjustmentOverride=NaN, screenLowPowerBrightnessFactor=1.0, blockScreenOn=false, lowPowerMode=false, boostScreenBrightness=false, dozeScreenBrightness=NaN, dozeScreenState=UNKNOWN, waitForNegativeProximity=false displayReady=false pendingRequest=true
07-25 14:44:37.863 D/DisplayManagerServiceExtImpl( 1923): request size(1,1),dpc=com.android.server.display.DisplayPowerController@65c876f size(0,1),flags=0X200F,id(0,0,local:4627039422300187648),enable=true,ready=false,waitForNegativeProximity=false policy=DIM,useProximitySensor=false,dozeState=UNKNOWN,screenBrightnessOverride=-1.000000,useAuto=false,lowPower=false,lowPowerFactor=1.000000
07-25 14:44:37.863 I/OplusSmartBrightnessController( 1923): handleBrightnessTotalRateType displayId[0]=manual->dim
07-25 14:44:37.864 D/OplusFeatureHDREnhanceBrightness( 1923): setAnimating : displayId[0]=true
07-25 14:44:37.864 D/OplusFeatureReduceBrightness( 1923): setAnimating : animating = true
07-25 14:44:37.864 D/OplusFeatureEdrEnhanceBrightness( 1923): setAnimating: true
07-25 14:44:37.864 D/OplusFeaturePwEdrEnhanceBrightness( 1923): setAnimating: true
07-25 14:44:37.865 D/DpcExtImpl[0]( 1923): Animating brightness: target=2131->12,rate=6400->6400,type=dim,byUse=false local:4627039422300187648
07-25 14:44:37.866 D/DpcExtImpl[0]( 1923): RECORD:onUpdatePowerState policy:2 state:2 brightness:12
07-25 14:44:37.866 D/DisplayPowerController[0]( 1923): updatePowerStateInternal policy:BRIGHT->DIM,state:ON->ON policy=DIM, useProximitySensor=false, screenBrightnessOverride=-1.0, useAutoBrightness=false, screenAutoBrightnessAdjustmentOverride=NaN, screenLowPowerBrightnessFactor=1.0, blockScreenOn=false, lowPowerMode=false, boostScreenBrightness=false, dozeScreenBrightness=NaN, dozeScreenState=UNKNOWN
07-25 14:44:37.882 D/OplusFeatureDCBacklight( 1923): notifySfRepaintEverything begin mCurrentDCMode:0brightness=2120threshold=260
07-25 14:44:37.886 D/OplusFeatureDCBacklight( 1923): notifySfRepaintEverything begin mCurrentDCMode:0brightness=2014threshold=260
07-25 14:44:37.911 D/OplusFeatureDCBacklight( 1923): notifySfRepaintEverything begin mCurrentDCMode:0brightness=1908threshold=260
07-25 14:44:37.928 D/OplusFeatureDCBacklight( 1923): notifySfRepaintEverything begin mCurrentDCMode:0brightness=1802threshold=260
07-25 14:44:37.946 D/OplusFeatureDCBacklight( 1923): notifySfRepaintEverything begin mCurrentDCMode:0brightness=1694threshold=260
07-25 14:44:37.959 D/OplusFeatureDCBacklight( 1923): notifySfRepaintEverything begin mCurrentDCMode:0brightness=1587threshold=260
07-25 14:44:37.974 D/OplusFeatureDCBacklight( 1923): notifySfRepaintEverything begin mCurrentDCMode:0brightness=1480threshold=260
07-25 14:44:37.995 D/OplusFeatureDCBacklight( 1923): notifySfRepaintEverything begin mCurrentDCMode:0brightness=1374threshold=260
07-25 14:44:38.011 D/OplusFeatureDCBacklight( 1923): notifySfRepaintEverything begin mCurrentDCMode:0brightness=1268threshold=260
07-25 14:44:38.024 D/OplusFeatureDCBacklight( 1923): notifySfRepaintEverything begin mCurrentDCMode:0brightness=1162threshold=260
07-25 14:44:38.041 D/OplusFeatureDCBacklight( 1923): notifySfRepaintEverything begin mCurrentDCMode:0brightness=1055threshold=260
07-25 14:44:38.047 V/MonthTrafficAlert( 2870): getWarningNotification subId:1 numWarningNotificaion:0
07-25 14:44:38.047 V/TrafficAlert( 2870): getLimitNotification subId:1 ,numLimitNotificaion:0
07-25 14:44:38.051 I/OplusStatusBarManagerServiceEnhance( 1923):  getTopIsFullscreen mTopIsFullscreen: false
07-25 14:44:38.051 D/NotificationService--OplusNotificationManagerServiceExtImpl( 1923): isForwardToAssistants: false, case : Is in mMcsNotInterceptPkgList or is isSystemApp
07-25 14:44:38.051 D/NotificationService( 1923): This application enqueue notifications is not need postDelayed
07-25 14:44:38.057 D/OplusFeatureDCBacklight( 1923): notifySfRepaintEverything begin mCurrentDCMode:0brightness=949threshold=260
07-25 14:44:38.074 D/OplusFeatureDCBacklight( 1923): notifySfRepaintEverything begin mCurrentDCMode:0brightness=843threshold=260
07-25 14:44:38.090 D/OplusFeatureDCBacklight( 1923): notifySfRepaintEverything begin mCurrentDCMode:0brightness=737threshold=260
07-25 14:44:38.109 D/OplusFeatureDCBacklight( 1923): notifySfRepaintEverything begin mCurrentDCMode:0brightness=631threshold=260
07-25 14:44:38.123 D/OplusFeatureDCBacklight( 1923): notifySfRepaintEverything begin mCurrentDCMode:0brightness=524threshold=260
07-25 14:44:38.141 D/OplusFeatureDCBacklight( 1923): notifySfRepaintEverything begin mCurrentDCMode:0brightness=418threshold=260
07-25 14:44:38.155 D/OplusFeatureDCBacklight( 1923): notifySfRepaintEverything begin mCurrentDCMode:0brightness=312threshold=260
07-25 14:44:38.172 D/OplusFeatureDCBacklight( 1923): notifySfRepaintEverything begin mCurrentDCMode:0brightness=206threshold=260
07-25 14:44:38.189 D/OplusFeatureDCBacklight( 1923): notifySfRepaintEverything begin mCurrentDCMode:0brightness=99threshold=260
07-25 14:44:38.199 D/OplusFeatureHDREnhanceBrightness( 1923): setAnimating : displayId[0]=false
07-25 14:44:38.199 D/OplusFeatureReduceBrightness( 1923): setAnimating : animating = false
07-25 14:44:38.199 D/OplusFeatureEdrEnhanceBrightness( 1923): setAnimating: false
07-25 14:44:38.200 I/OplusSmartBrightnessController( 1923): handleMessage MSG_SET_SETTINGS_MIN_BRI_PREVIEW false
07-25 14:44:38.200 D/OplusFeaturePwEdrEnhanceBrightness( 1923): setAnimating: false
07-25 14:44:38.207 D/OplusFeatureDCBacklight( 1923): notifySfRepaintEverything begin mCurrentDCMode:0brightness=12threshold=260
07-25 14:44:39.010 V/MonthTrafficAlert( 2870): getWarningNotification subId:1 numWarningNotificaion:0
07-25 14:44:39.010 V/TrafficAlert( 2870): getLimitNotification subId:1 ,numLimitNotificaion:0
07-25 14:44:41.179 I/OplusStatusBarManagerServiceEnhance( 1923):  getTopIsFullscreen mTopIsFullscreen: false
07-25 14:44:41.180 D/NotificationService--OplusNotificationManagerServiceExtImpl( 1923): isForwardToAssistants: false, case : Is in mMcsNotInterceptPkgList or is isSystemApp
07-25 14:44:41.180 D/NotificationService( 1923): This application enqueue notifications is not need postDelayed
07-25 14:44:41.182 V/MonthTrafficAlert( 2870): getWarningNotification subId:1 numWarningNotificaion:0
07-25 14:44:41.182 V/TrafficAlert( 2870): getLimitNotification subId:1 ,numLimitNotificaion:0
07-25 14:44:42.114 V/MonthTrafficAlert( 2870): getWarningNotification subId:1 numWarningNotificaion:0
07-25 14:44:42.114 V/TrafficAlert( 2870): getLimitNotification subId:1 ,numLimitNotificaion:0
07-25 14:44:42.133 D/PowerMonitorNotifier( 2548): handleMessage: 20/0
07-25 14:44:42.192 W/ProcessStats( 1923): Tracking association SourceState{fdfb81d com.google.android.googlequicksearchbox:search/10104 BFgs #10527850} whose proc state 4 is better than process ProcessState{fbc83bc com.google.android.gms/10097 pkg=com.google.android.gms (sub)} proc state 6 (12 skipped)
07-25 14:44:43.995 W/ActivityManager( 1923): Foreground service started from background can not have location/camera/microphone access: service com.noisefit/.receiver.service.ConnectionService
07-25 14:44:43.999 W/ActivityManager( 1923): Foreground service started from background can not have location/camera/microphone access: service com.noisefit/.receiver.service.ConnectionService
07-25 14:44:44.002 W/ActivityManager( 1923): Foreground service started from background can not have location/camera/microphone access: service com.noisefit/.receiver.service.ConnectionService
07-25 14:44:44.264 I/OplusStatusBarManagerServiceEnhance( 1923):  getTopIsFullscreen mTopIsFullscreen: false
07-25 14:44:44.265 D/NotificationService--OplusNotificationManagerServiceExtImpl( 1923): isForwardToAssistants: false, case : Is in mMcsNotInterceptPkgList or is isSystemApp
07-25 14:44:44.265 D/NotificationService( 1923): This application enqueue notifications is not need postDelayed
07-25 14:44:44.318 V/MonthTrafficAlert( 2870): getWarningNotification subId:1 numWarningNotificaion:0
07-25 14:44:44.318 V/TrafficAlert( 2870): getLimitNotification subId:1 ,numLimitNotificaion:0
07-25 14:44:44.516 D/CompatibilityChangeReporter( 1923): Compat change id reported: 171306433; UID 10097; state: ENABLED
07-25 14:44:44.864 I/PowerGroup( 1923): Napping power group (groupId=0, uid=1000)...
07-25 14:44:44.865 I/PowerManagerService( 1923): Nap time (uid 1000)...
07-25 14:44:44.867 D/OplusFeatureAOD( 1923): notifySfUnBlockScreenOn
07-25 14:44:44.868 I/PowerManagerService( 1923): handleSandman: TIMEOUT dozePowerGroupLocked
07-25 14:44:44.870 D/OplusPowerManagerHelper( 1923): goToSleepNoUpdateLocked  needIntercepet: false
07-25 14:44:44.871 I/PowerGroup( 1923): Powering off display group due to timeout (groupId= 0, uid= 1000, millisSinceLastUserActivity=60006, lastUserActivityEvent=other)...
07-25 14:44:44.871 I/PowerManagerService( 1923): Going to sleep due to timeout (uid 1000, screenOffTimeout=60000, activityTimeoutWM=-1, maxDimRatio=0.20000005, maxDimDur=7000)...
07-25 14:44:44.873 D/OplusPowerManagerHelper( 1923): wakelock list dump: mLocks.size=4:
07-25 14:44:44.873 D/OplusPowerManagerHelper( 1923): No.0: PARTIAL_WAKE_LOCK             activated(flags=1, uid=1000, pid=1923) total=320923ms)
07-25 14:44:44.873 D/OplusPowerManagerHelper( 1923): No.1: PARTIAL_WAKE_LOCK             activated(flags=1, uid=1000, pid=1923) total=320900ms)
07-25 14:44:44.873 D/OplusPowerManagerHelper( 1923): No.2: PARTIAL_WAKE_LOCK             activated(flags=1, uid=1000, pid=1923) total=28274ms)
07-25 14:44:44.874 D/OplusPowerManagerHelper( 1923): No.3: PARTIAL_WAKE_LOCK             activated(flags=1, uid=1000, pid=1923) total=28270ms)
07-25 14:44:44.876 V/AutofillInlineSuggestionsRequestSession( 1923): onInputMethodFinishInput() received
07-25 14:44:44.878 D/DisplayPowerController[0]( 1923): requestPowerState: policy=OFF, useProximitySensor=false, screenBrightnessOverride=-1.0, useAutoBrightness=false, screenAutoBrightnessAdjustmentOverride=NaN, screenLowPowerBrightnessFactor=1.0, blockScreenOn=false, lowPowerMode=false, boostScreenBrightness=false, dozeScreenBrightness=NaN, dozeScreenState=UNKNOWN, waitForNegativeProximity=false displayReady=false pendingRequest=true
07-25 14:44:44.878 D/DisplayManagerServiceExtImpl( 1923): request size(1,1),dpc=com.android.server.display.DisplayPowerController@65c876f size(0,1),flags=0X200F,id(0,0,local:4627039422300187648),enable=true,ready=false,waitForNegativeProximity=false policy=OFF,useProximitySensor=false,dozeState=UNKNOWN,screenBrightnessOverride=-1.000000,useAuto=false,lowPower=false,lowPowerFactor=1.000000
07-25 14:44:44.922 D/OneHandedController(14113): setLockedDisabled locked = true, enabled = false ,FeatureEnabled = false
07-25 14:44:44.950 D/PowerMonitorNotifier( 2548): handleMessage: 22/0
07-25 14:44:44.951 I/OplusSmartBrightnessController( 1923): handleBrightnessTotalRateType displayId[0]=dim->manual
07-25 14:44:44.952 D/DisplayPowerController[0]( 1923): updatePowerStateInternal policy:DIM->OFF,state:ON->OFF policy=OFF, useProximitySensor=false, screenBrightnessOverride=-1.0, useAutoBrightness=false, screenAutoBrightnessAdjustmentOverride=NaN, screenLowPowerBrightnessFactor=1.0, blockScreenOn=false, lowPowerMode=false, boostScreenBrightness=false, dozeScreenBrightness=NaN, dozeScreenState=UNKNOWN
07-25 14:44:44.978 D/DisplayPowerState[0]( 1923): setColorFadeLevel: level=0.98429155
07-25 14:44:44.994 D/DisplayPowerState[0]( 1923): setColorFadeLevel: level=0.9343158
07-25 14:44:45.010 D/DisplayPowerState[0]( 1923): setColorFadeLevel: level=0.85906315
07-25 14:44:45.027 D/DisplayPowerState[0]( 1923): setColorFadeLevel: level=0.75452065
07-25 14:44:45.043 D/DisplayPowerState[0]( 1923): setColorFadeLevel: level=0.63193655
07-25 14:44:45.060 D/DisplayPowerState[0]( 1923): setColorFadeLevel: level=0.5078536
07-25 14:44:45.077 D/DisplayPowerState[0]( 1923): setColorFadeLevel: level=0.37565517
07-25 14:44:45.094 D/DisplayPowerState[0]( 1923): setColorFadeLevel: level=0.2522707
07-25 14:44:45.110 D/DisplayPowerState[0]( 1923): setColorFadeLevel: level=0.15204358
07-25 14:44:45.127 D/DisplayPowerState[0]( 1923): setColorFadeLevel: level=0.06962907
07-25 14:44:45.143 D/DisplayPowerState[0]( 1923): setColorFadeLevel: level=0.019853115
07-25 14:44:45.160 D/DisplayPowerState[0]( 1923): setColorFadeLevel: level=6.169081E-5
07-25 14:44:45.177 D/DisplayPowerState[0]( 1923): setColorFadeLevel: level=0.0
07-25 14:44:45.177 D/DpcExtImpl[0]( 1923): RECORD: Animation finished when screen is off isInteractive: false
07-25 14:44:45.177 D/Biometrics_DEBUG( 1923): [onGoToSleepFinish]
07-25 14:44:45.178 E/OplusCustomizeRestrictionManagerService( 1923): isBiometricDisabled start
07-25 14:44:45.184 E/Biometrics/Fingerprint21/Fingerprint21ServiceProviderExtImpl( 1923): mFingerprintCommandCallback is null
07-25 14:44:45.184 D/DisplayPowerState[0]( 1923): updateRunnable run fadeLevle=0.0 state=ON brightness changed:12.0->-1.0
07-25 14:44:45.185 I/DisplayPowerController[0]( 1923): Blocking screen off
07-25 14:44:45.186 I/DisplayPowerController[0]( 1923): Unblocked screen off after 1 ms
07-25 14:44:45.186 W/WindowManager( 1923): captureTaskSnapshot mSnapshotMode= 0
07-25 14:44:45.186 D/OplusSmartBrightnessController( 1923): onScreenEvent isScreenOn displayId[0]=false isFolding=false policy=OFF
07-25 14:44:45.186 D/OplusSmartBrightnessController( 1923): NeedResetSpline:false, NeedResetSplineByLargeChange:false
07-25 14:44:45.187 I/OplusSmartBrightnessController( 1923): handleMessage MSG_NEXT_LUX_WILL_CHANGED.
07-25 14:44:45.187 D/OplusFeatureHDREnhanceBrightness( 1923): MSG_RUS_APPLY false
07-25 14:44:45.187 D/TaskSnapshotControllerExtImpl( 1923): createTaskSnapshot isCompatMode:false, isCompactWindow:false
07-25 14:44:45.187 D/VRR [OPlusRefreshRateService]( 1923): handleScreenStateChange state: 1
07-25 14:44:45.189 D/DisplayPowerState[0]( 1923): setScreenState: state=1
07-25 14:44:45.189 D/BackLightStat( 1923): setScreenState: state changed:ON->OFF
07-25 14:44:45.190 D/OplusFeatureDCBacklight( 1923): notifySfRepaintEverything begin mCurrentDCMode:0brightness=-1threshold=260
07-25 14:44:45.202 D/TaskSnapshotCache( 1923): putSnapshot mRunningCache top= ActivityRecord{ec4ad12 u0 com.Slack/slack.features.messagedetails.MessageDetailsActivity t15736}, mTaskId=15736, snapshot=TaskSnapshot{ mId=1753434885187 mCaptureTime=4077988382653232 mTopActivityComponent=com.Slack/slack.features.messagedetails.MessageDetailsActivity mSnapshot=android.hardware.HardwareBuffer@9c36038 (1080x2412) mColorSpace=sRGB IEC61966-2.1 (id=0, model=RGB) mOrientation=1 mRotation=0 mTaskSize=Point(1080, 2412) mContentInsets=[0,96][0,48] mLetterboxInsets=[0,0][0,0] mIsLowResolution=false mIsRealSnapshot=true mWindowingMode=1 mAppearance=0 mIsTranslucent=true mHasImeSurface=false, mAppIdMap size= 6
07-25 14:44:45.203 D/ActivityTaskManager( 1923): Top Process State changed to PROCESS_STATE_TOP_SLEEPING
07-25 14:44:45.204 D/WindowManager( 1923):  setIsSleeping from  false to true this=Display{#0 state=ON size=1080x2412 ROTATION_0}
07-25 14:44:45.205 D/OplusTransitionController( 1923): requestStartTransition, requestInfo type: SLEEP, remoteTransition: null, displayChange: null, transition: TransitionRecord{4284f77 id=46853 type=SLEEP flags=0x0}, caller: com.android.server.wm.TransitionControllerExtImpl.requestStartTransition:41 com.android.server.wm.TransitionController.requestStartTransition:738 com.android.server.wm.RootWindowContainer.lambda$applySleepTokens$19:2705 com.android.server.wm.RootWindowContainer.$r8$lambda$23BILeSwDpDN-3rvXPe_T49ONuI:0 com.android.server.wm.RootWindowContainer$$ExternalSyntheticLambda11.onCollectStarted:0 
07-25 14:44:45.206 D/OplusFlexibleActivityTransitionManager( 1923): fixTransitType type result:12, targets: []
07-25 14:44:45.206 D/OplusTransitionController( 1923): onTransactionReady, syncId: 46853, 
07-25 14:44:45.206 D/OplusTransitionController( 1923):  info: {id=46853 t=SLEEP f=0x0 trk=0 r=[] c=[]}, 
07-25 14:44:45.206 D/OplusTransitionController( 1923):  targets : []
07-25 14:44:45.206 V/WindowManagerShell(14113): Transition requested: android.os.BinderProxy@96ea82e TransitionRequestInfo { type = SLEEP, triggerTask = null, remoteTransition = null, displayChange = null }
07-25 14:44:45.207 V/WindowManager( 1923): Sent Transition #46853 createdAt=07-25 14:44:45.204 via request=TransitionRequestInfo { type = SLEEP, triggerTask = null, remoteTransition = null, displayChange = null }
07-25 14:44:45.207 V/WindowManager( 1923):     startWCT=null
07-25 14:44:45.207 V/WindowManager( 1923):     info={id=46853 t=SLEEP f=0x0 trk=0 r=[] c=[]}
07-25 14:44:45.214 W/Transition( 1923): Transition already started id=46853 state=2
07-25 14:44:45.215 V/WindowManagerShell(14113): onTransitionReady android.os.BinderProxy@96ea82e: {id=46853 t=SLEEP f=0x0 trk=0 r=[] c=[]}
07-25 14:44:45.215 V/WindowManagerShell(14113): No transition roots in (#46853)android.os.BinderProxy@96ea82e@0 so abort
07-25 14:44:45.216 D/OplusInterceptLockScreenWindow( 1923): starting IOplusLockScreenCallbacks service...
07-25 14:44:45.216 V/WindowManagerShell(14113): Transition animation finished (aborted=true), notifying core (#46853)android.os.BinderProxy@96ea82e@0
07-25 14:44:45.220 D/OplusTransitionController( 1923): finishTransition, transition: TransitionRecord{4284f77 id=46853 type=SLEEP flags=0x0}
07-25 14:44:45.220 D/RefreshRate( 1923): ***** request traversal for refresh rate change : mChangeInAnimation = false, highTempRefreshRateChanged = false *****
07-25 14:44:45.220 D/TransitionController( 1923): NFW_send RECOMPUTE_FOCUS in finishTransition
07-25 14:44:45.221 V/WindowManager( 1923): Finish Transition #46853: created at 07-25 14:44:45.204 collect-started=0.017ms request-sent=0.484ms started=1.329ms ready=1.326ms sent=1.912ms finished=15.338ms
07-25 14:44:45.221 D/ShellTaskOrganizer(14113): onTransitionFinish, isRecent:false
07-25 14:44:45.221 V/WindowManagerShell(14113): Track 0 became idle
07-25 14:44:45.221 V/WindowManagerShell(14113): All active transition animations finished
07-25 14:44:45.223 D/OplusAppListInterceptManager( 1923): shouldFilterTask
07-25 14:44:45.223 D/OplusAppListInterceptManager( 1923): shouldFilterTask::packageName = com.Slack
07-25 14:44:45.224 D/ActivityTaskManager( 1923): Skipping, invisible task: Task{f12601b #12069 type=home I=com.android.launcher/.Launcher}
07-25 14:44:45.224 D/OplusAppListInterceptManager( 1923): shouldFilterTask
07-25 14:44:45.224 D/OplusAppListInterceptManager( 1923): shouldFilterTask::packageName = com.coloros.filemanager
07-25 14:44:45.224 D/OplusAppListInterceptManager( 1923): shouldFilterTask
07-25 14:44:45.224 D/OplusAppListInterceptManager( 1923): shouldFilterTask::packageName = in.amazon.mShop.android.shopping
07-25 14:44:45.224 D/OplusAppListInterceptManager( 1923): shouldFilterTask
07-25 14:44:45.224 D/OplusAppListInterceptManager( 1923): shouldFilterTask::packageName = com.android.settings
07-25 14:44:45.225 D/OplusSplitScreenManagerService( 1923): com.android.settings unSupportsSplitScreen by blockList or ForbidActivityList
07-25 14:44:45.225 D/OplusSplitScreenManagerService( 1923): com.android.settings unSupportsSplitScreen by blockList or ForbidActivityList
07-25 14:44:45.225 D/OplusAppListInterceptManager( 1923): shouldFilterTask
07-25 14:44:45.225 D/OplusAppListInterceptManager( 1923): shouldFilterTask::packageName = com.android.chrome
07-25 14:44:45.225 D/CompatibilityChangeReporter( 1923): Compat change id reported: 197654537; UID 10121; state: ENABLED
07-25 14:44:45.225 D/OplusAppListInterceptManager( 1923): shouldFilterTask
07-25 14:44:45.225 D/OplusAppListInterceptManager( 1923): shouldFilterTask::packageName = com.google.android.googlequicksearchbox
07-25 14:44:45.225 D/OplusAppListInterceptManager( 1923): shouldFilterTask
07-25 14:44:45.225 D/OplusAppListInterceptManager( 1923): shouldFilterTask::packageName = com.instagram.android
07-25 14:44:45.226 D/OplusSplitScreenManagerService( 1923): com.instagram.android unSupportsSplitScreen by blockList or ForbidActivityList
07-25 14:44:45.227 D/OplusAppListInterceptManager( 1923): shouldFilterTask
07-25 14:44:45.227 D/OplusAppListInterceptManager( 1923): shouldFilterTask::packageName = com.whatsapp
07-25 14:44:45.227 D/OplusAppListInterceptManager( 1923): shouldFilterTask
07-25 14:44:45.228 D/OplusAppListInterceptManager( 1923): shouldFilterTask::packageName = com.google.android.apps.nbu.paisa.user
07-25 14:44:45.228 D/OplusAppListInterceptManager( 1923): shouldFilterTask
07-25 14:44:45.228 D/OplusAppListInterceptManager( 1923): shouldFilterTask::packageName = com.google.android.dialer
07-25 14:44:45.228 D/ActivityTaskManager( 1923): after skip size 10
07-25 14:44:45.228 D/WindowManager( 1923): screenTurnedOff  Display{#0 state=ON size=1080x2412 ROTATION_0}
07-25 14:44:45.237 I/ColorAutomaticBrightnessController( 1923): updateAutoBrightness: Auto, sendUpdate = false adjustment=16060.784180,changed:12->4488,modified:4488->4488->4488,changed=true,cameraMode=-1,ProximityNear=false
07-25 14:44:45.238 D/DisplayPowerState[0]( 1923): updateRunnable run fadeLevle=0.0 state=OFF brightness changed:12.0->-1.0
07-25 14:44:45.239 D/DisplayPowerState[0]( 1923): Updating screen state: id=0, state=OFF, backlight=-1.0, sdrBacklight=-1.0
07-25 14:44:45.239 D/OplusSmartBrightnessController( 1923): requestDisplayState isFirstDisplay=true state=1 globalDisplayState=0x0
07-25 14:44:45.239 D/LocalDisplayAdapter( 1923): setDisplayState(id=4627039422300187648 isFirstDisplay=true state changed:ON->OFF) t-Name=PhotonicModulator
07-25 14:44:45.239 I/DisplayDeviceRepository( 1923): Display device changed state: "Built-in screen", OFF
07-25 14:44:45.239 D/LogicalDisplayExt( 1923): set displayInfo flag FLAG_ROTATES_WITH_CONTENT
07-25 14:44:45.240 D/DisplayManagerServiceExtImpl( 1923): scheduleTraversalLocked intraversal=false
07-25 14:44:45.240 I/DisplayManagerServiceExtImpl( 1923): handle logical display changed logicalDisplay=id=0,stack=0,content=true,displayInfo{stack=0,type=1,id=0,uId=local:4627039422300187648,state=OFF,pkg=null}
07-25 14:44:45.241 D/DisplayManagerService( 1923): Delivering display event: displayId=0, event=2
07-25 14:44:45.242 I/WallpaperManagerServiceExt( 1923): removeDisplayData. displayId = 0
07-25 14:44:45.243 D/DisplayManagerService( 1923): Ignore redundant display event 0/2 to 10249/15193
07-25 14:44:45.243 D/DisplayManagerService( 1923): Ignore redundant display event 0/2 to 10136/15605
07-25 14:44:45.243 D/DisplayManagerService( 1923): Ignore redundant display event 0/2 to 10439/18436
07-25 14:44:45.243 D/DisplayManagerService( 1923): Ignore redundant display event 0/2 to 10449/20483
07-25 14:44:45.243 D/DisplayManagerService( 1923): Ignore redundant display event 0/2 to 10219/21859
07-25 14:44:45.244 D/DisplayManagerService( 1923): MSG_REQUEST_TRAVERSAL pendingCompleted=false
07-25 14:44:45.248 D/DisplayManagerService( 1923): performTraversalInternal pendingTraversal
07-25 14:44:45.248 D/DisplayDevice( 1923): setLayerStackLocked id=local:4627039422300187648 token=android.os.BinderProxy@dde947c stack=0->-1
07-25 14:44:45.248 V/MonthTrafficAlert( 2870): getWarningNotification subId:1 numWarningNotificaion:0
07-25 14:44:45.248 V/TrafficAlert( 2870): getLimitNotification subId:1 ,numLimitNotificaion:0
07-25 14:44:45.249 I/DisplayDevice( 1923): [0] Layerstack set to -1 for local:4627039422300187648
07-25 14:44:45.254 D/OplusVFXScreenEffectFeature( 1923): notifySFCompatWindowStateChange entered false
07-25 14:44:45.255 D/FlexibleWindowManager( 1923): physicalDisplayChangedForFlexibleWindow displayId 0, current display info 1080 x 2412, new display info 1080 x 2412
07-25 14:44:45.255 D/FlexibleTaskController( 1923): onDisplayChanged displayId#0 ,cur:1080x2412 ,new:1080x2412
07-25 14:44:45.255 D/FlexibleTaskController( 1923): onDisplayChanged displayId not support flexible.
07-25 14:44:45.255 D/FlexibleWindowManager( 1923): physicalDisplayChangedForFlexibleWindow return for unsupported devices
07-25 14:44:45.264 D/OplusProxyWakeLock( 1923): restore uid :10249  pid : 0 wakelock: lock:194464761 PARTIAL_WAKE_LOCK              'Metri' (uid=10249 pid=15193)
07-25 14:44:45.268 D/ProcessCpuTrackerExtImpl( 1923): mContext is already set, return now! 
07-25 14:44:45.306 V/WindowManager( 1923): Changing focus from Window{b5ea154 u0 com.Slack/slack.features.messagedetails.MessageDetailsActivity} to null,diplayid=0
07-25 14:44:45.308 W/WindowManager( 1923): captureTaskSnapshot mSnapshotMode= 0
07-25 14:44:45.308 I/WindowManager( 1923): Attempted to take screenshot while display was off.
07-25 14:44:45.309 W/WindowManager( 1923): captureTaskSnapshot mSnapshotMode= 0
07-25 14:44:45.309 I/WindowManager( 1923): Attempted to take screenshot while display was off.
07-25 14:44:45.317 I/SurfaceAnimationRunner( 1923): startAnimation requiresEdgeExtension=false, animationLeash=Surface(name=Surface(name=Dim Layer for - Task=15736)/@0xbebc603 - animation-leash of dimmer)/@0x93dc0a, runningAnim=com.android.server.wm.SurfaceAnimationRunner$RunningAnimation@5bbec7b, mPreProcessingAnimations={}
07-25 14:44:45.318 I/TaskOrganizerController( 1923): onTaskInfoChanged taskid 15736 config { mBounds=Rect(0, 0 - 1080, 2412) mAppBounds=Rect(0, 96 - 1080, 2364) mMaxBounds=Rect(0, 0 - 1080, 2412) mDisplayRotation=ROTATION_0 mWindowingMode=fullscreen mDisplayWindowingMode=fullscreen mActivityType=standard mAlwaysOnTop=undefined mRotation=ROTATION_0}
07-25 14:44:45.318 D/FlexibleWindowManager( 1923): onFlexibleWindowTaskInfoChanged: mTaskId = 15736 oldIsTaskEmbedded = false   curIsTaskEmbedded = false  topActivity = ComponentInfo{com.Slack/slack.features.messagedetails.MessageDetailsActivity}
07-25 14:44:45.319 D/OplusFlexibleWindowMinimizedManagerHelper( 1923): onTaskInfoChanged taskInfo:TaskInfo{userId=0 taskId=15736 displayId=0 isRunning=true baseIntent=Intent { act=android.intent.action.MAIN cat=[android.intent.category.LAUNCHER] flg=0x10200000 cmp=com.Slack/slack.features.home.HomeActivity mCallingUid=10172 } baseActivity=ComponentInfo{com.Slack/slack.features.home.HomeActivity} topActivity=ComponentInfo{com.Slack/slack.features.messagedetails.MessageDetailsActivity} origActivity=null realActivity=ComponentInfo{com.Slack/slack.features.home.HomeActivity} numActivities=2 lastActiveTime=4077988387 supportsSplitScreenMultiWindow=true supportsMultiWindow=true supportsPocketStudioMultiWindow=true isInFlexibleEmbedded = false uid = 10363 pid = 10980 resizeMode=2 isResizeable=true minWidth=-1 minHeight=-1 defaultMinSize=220 token=WCT{RemoteToken{f01315 Task{15d71c5 #15736 type=standard A=10363:com.Slack}}} topActivityType=1 pictureInPictureParams=null shouldDockBigOverlays=false launchIntoPipHostTaskId=-1 lastParentTaskIdBeforePip=-1 displayCutoutSafeInsets=Rect(0, 96 - 0, 0) topActivityInfo=ActivityInfo{8f1749d slack.features.messagedetails.MessageDetailsActivity} launchCookies=[android.os.BinderProxy@ce2d289, android.os.BinderProxy@6f7325c] positionInParent=Point(0, 0) parentTaskId=-1 isFocused=true isVisible=false isVisibleRequested=false isSleeping=true topActivityInSizeCompat=false topActivityInOplusCompatMode=false topActivityEligibleForLetterboxEducation= false topActivityLetterboxed= false isFromDoubleTap= false topActivityLetterboxVerticalPosition= -1 topActivityLetterboxHorizontalPosition= -1 topActivityLetterboxWidth=-1 topActivityLetterboxHeight=-1 locusId=null displayAreaFeatureId=1 cameraCompatControlState=hidden locusId= null topActivityLetterboxInsets=Rect(0, 0 - 0, 0)} task:Task{15d71c5 #15736 type=standard A=10363:com.Slack}
07-25 14:44:45.319 D/ShellTaskOrganizer(14113): dispatchTaskEventToClientIfNeed, eventType:2, taskInfo:TaskInfo{userId=0 taskId=15736 displayId=0 isRunning=true baseIntent=Intent { act=android.intent.action.MAIN cat=[android.intent.category.LAUNCHER] flg=0x10200000 cmp=com.Slack/slack.features.home.HomeActivity mCallingUid=10172 } baseActivity=ComponentInfo{com.Slack/slack.features.home.HomeActivity} topActivity=ComponentInfo{com.Slack/slack.features.messagedetails.MessageDetailsActivity} origActivity=null realActivity=ComponentInfo{com.Slack/slack.features.home.HomeActivity} numActivities=2 lastActiveTime=4077988387 supportsSplitScreenMultiWindow=true supportsMultiWindow=true supportsPocketStudioMultiWindow=true isInFlexibleEmbedded = false uid = 10363 pid = 10980 resizeMode=2 isResizeable=true minWidth=-1 minHeight=-1 defaultMinSize=220 token=WCT{android.window.IWindowContainerToken$Stub$Proxy@b4399eb} topActivityType=1 pictureInPictureParams=null shouldDockBigOverlays=false launchIntoPipHostTaskId=-1 lastParentTaskIdBeforePip=-1 displayCutoutSafeInsets=Rect(0, 96 - 0, 0) topActivityInfo=ActivityInfo{b705348 slack.features.messagedetails.MessageDetailsActivity} launchCookies=[android.os.BinderProxy@b07e2df, android.os.BinderProxy@d5d9e2d] positionInParent=Point(0, 0) parentTaskId=-1 isFocused=true isVisible=false isVisibleRequested=false isSleeping=true topActivityInSizeCompat=false topActivityInOplusCompatMode=false topActivityEligibleForLetterboxEducation= false topActivityLetterboxed= false isFromDoubleTap= false topActivityLetterboxVerticalPosition= -1 topActivityLetterboxHorizontalPosition= -1 topActivityLetterboxWidth=-1 topActivityLetterboxHeight=-1 locusId=null displayAreaFeatureId=1 cameraCompatControlState=hidden locusId= null topActivityLetterboxInsets=Rect(0, 0 - 0, 0)}, leash:null
07-25 14:44:45.326 D/SurfaceAnimationRunner( 1923): onAnimationStart:Surface(name=Surface(name=Dim Layer for - Task=15736)/@0xbebc603 - animation-leash of dimmer)/@0x93dc0a
07-25 14:44:45.432 V/AutofillManagerServiceImpl( 1923): updateSessionLocked(): session gone for 2147483647(10363)
07-25 14:44:45.524 D/WindowManagerServiceExtImpl( 1923): extractConfigInfoAndRealFlags rotation=0, screenDp=360, win=Window{c8b9190 u0 com.Slack/slack.features.home.HomeActivity}
07-25 14:44:45.524 V/WindowManager( 1923): Relayout Window{c8b9190 u0 com.Slack/slack.features.home.HomeActivity}: viewVisibility=8, oldvis=0, req=1080x2412, vsysui=LAYOUT_STABLE
07-25 14:44:45.527 D/SurfaceAnimationRunner( 1923): onAnimationEnd:Surface(name=Surface(name=Dim Layer for - Task=15736)/@0xbebc603 - animation-leash of dimmer)/@0x93dc0a
07-25 14:44:45.532 I/DisplayDeviceRepository( 1923): Display device changed state: "Built-in screen", OFF
07-25 14:44:45.532 D/VRI[HomeActivity](10980): relayoutWindow result, sizeChanged:false, surfaceControlChanged:true, transformHintChanged:false, mSurfaceSize:Point(1080, 2412), mLastSurfaceSize:Point(1080, 2412), mWidth:1080, mHeight:2412, requestedWidth:1080, requestedHeight:2412, transformHint:0, lastTransformHint:0, installOrientation:0, displayRotation:0, isSurfaceValid:false, attr.flag:-2122252032, useBlast:true, tmpFrames:ClientWindowFrames{frame=[0,0][1080,2412] display=[0,0][1080,2412] parentFrame=[0,0][0,0]}
07-25 14:44:45.532 D/LogicalDisplayExt( 1923): set displayInfo flag FLAG_ROTATES_WITH_CONTENT
07-25 14:44:45.532 D/HidlDisplayPanelFeature( 1923): getDisplayPanelFeatureValue +++, featureID:20
07-25 14:44:45.533 D/HidlDisplayPanelFeature( 1923): getDisplayPanelFeatureValue, ret = 0
07-25 14:44:45.533 I/HidlDisplayPanelFeature( 1923): [0]
07-25 14:44:45.533 D/HidlDisplayPanelFeature( 1923): getDisplayPanelFeatureValue ---, result = [0]
07-25 14:44:45.533 D/OplusSilentRebootManager( 1923): silence flags file value is :0
07-25 14:44:45.534 D/DisplayManagerServiceExtImpl( 1923): scheduleTraversalLocked intraversal=false
07-25 14:44:45.534 I/DisplayManagerServiceExtImpl( 1923): handle logical display changed logicalDisplay=id=0,stack=0,content=true,displayInfo{stack=0,type=1,id=0,uId=local:4627039422300187648,state=OFF,pkg=null}
07-25 14:44:45.534 D/DisplayManagerService( 1923): Delivering display event: displayId=0, event=2
07-25 14:44:45.535 D/DisplayPowerState[0]( 1923): updateRunnable run fadeLevle=0.0 state=OFF brightness changed:12.0->-1.0
07-25 14:44:45.535 I/WallpaperManagerServiceExt( 1923): removeDisplayData. displayId = 0
07-25 14:44:45.536 D/DisplayManagerService( 1923): Ignore redundant display event 0/2 to 10249/15193
07-25 14:44:45.537 D/DisplayManagerService( 1923): Ignore redundant display event 0/2 to 10136/15605
07-25 14:44:45.537 D/PowerManagerServiceExtImpl( 1923): aodEnable: true
07-25 14:44:45.537 I/DreamManagerService( 1923): Entering dreamland.
07-25 14:44:45.537 D/DisplayManagerService( 1923): Ignore redundant display event 0/2 to 10439/18436
07-25 14:44:45.538 D/DisplayManagerService( 1923): Ignore redundant display event 0/2 to 10449/20483
07-25 14:44:45.538 D/DisplayManagerService( 1923): Ignore redundant display event 0/2 to 10219/21859
07-25 14:44:45.538 D/DisplayManagerService( 1923): Ignore redundant display event 0/2 to 10121/22037
07-25 14:44:45.538 I/PowerManagerService( 1923): Dozing...
07-25 14:44:45.538 D/DisplayManagerService( 1923): MSG_REQUEST_TRAVERSAL pendingCompleted=false
07-25 14:44:45.540 D/OplusVFXScreenEffectFeature( 1923): notifySFCompatWindowStateChange entered false
07-25 14:44:45.540 D/FlexibleWindowManager( 1923): physicalDisplayChangedForFlexibleWindow displayId 0, current display info 1080 x 2412, new display info 1080 x 2412
07-25 14:44:45.540 D/FlexibleTaskController( 1923): onDisplayChanged displayId#0 ,cur:1080x2412 ,new:1080x2412
07-25 14:44:45.540 D/FlexibleTaskController( 1923): onDisplayChanged displayId not support flexible.
07-25 14:44:45.540 D/FlexibleWindowManager( 1923): physicalDisplayChangedForFlexibleWindow return for unsupported devices
07-25 14:44:45.542 D/DisplayManagerService( 1923): performTraversalInternal pendingTraversal
07-25 14:44:45.542 D/DisplayDevice( 1923): setLayerStackLocked id=local:4627039422300187648 token=android.os.BinderProxy@dde947c stack=-1->-1
07-25 14:44:45.547 I/DreamController( 1923): Starting dream: name=ComponentInfo{com.android.systemui/com.android.systemui.doze.DozeService}, isPreviewMode=false, canDoze=true, userId=0, reason='power manager request'
07-25 14:44:45.569 D/AutofillManagerService( 1923): Close system dialogs
07-25 14:44:45.570 V/AutofillUI( 1923): hideSaveUiUiThread(): mSaveUi=null, callback=null, mCallback=null
07-25 14:44:45.573 D/WindowManagerServiceExtImpl( 1923): extractConfigInfoAndRealFlags rotation=0, screenDp=360, win=Window{b5ea154 u0 com.Slack/slack.features.messagedetails.MessageDetailsActivity}
07-25 14:44:45.573 V/WindowManager( 1923): Relayout Window{b5ea154 u0 com.Slack/slack.features.messagedetails.MessageDetailsActivity}: viewVisibility=8, oldvis=0, req=1080x2412, vsysui=LAYOUT_STABLE
07-25 14:44:45.577 D/OplusFeatureAOD( 1923): key:1923 tmp:2
07-25 14:44:45.578 D/DisplayPowerController[0]( 1923): requestPowerState: policy=DOZE, useProximitySensor=false, screenBrightnessOverride=-1.0, useAutoBrightness=false, screenAutoBrightnessAdjustmentOverride=NaN, screenLowPowerBrightnessFactor=1.0, blockScreenOn=false, lowPowerMode=false, boostScreenBrightness=false, dozeScreenBrightness=NaN, dozeScreenState=UNKNOWN, waitForNegativeProximity=false displayReady=false pendingRequest=true
07-25 14:44:45.579 D/DisplayManagerServiceExtImpl( 1923): request size(1,1),dpc=com.android.server.display.DisplayPowerController@65c876f size(0,1),flags=0X200F,id(0,0,local:4627039422300187648),enable=true,ready=false,waitForNegativeProximity=false policy=DOZE,useProximitySensor=false,dozeState=UNKNOWN,screenBrightnessOverride=-1.000000,useAuto=false,lowPower=false,lowPowerFactor=1.000000
07-25 14:44:45.579 W/OplusStorageManagerFeature( 1923): turn screenOff, maintPrepared:false
07-25 14:44:45.584 D/vold    (  593): ufshid started
07-25 14:44:45.585 D/VRI[MessageDetailsActivity](10980): relayoutWindow result, sizeChanged:false, surfaceControlChanged:true, transformHintChanged:false, mSurfaceSize:Point(1080, 2412), mLastSurfaceSize:Point(1080, 2412), mWidth:1080, mHeight:2412, requestedWidth:1080, requestedHeight:2412, transformHint:0, lastTransformHint:0, installOrientation:0, displayRotation:0, isSurfaceValid:false, attr.flag:-2122252030, useBlast:true, tmpFrames:ClientWindowFrames{frame=[0,0][1080,2412] display=[0,0][1080,2412] parentFrame=[0,0][0,0]}
07-25 14:44:45.586 I/vold    (  593): [libfs_mgr] mgs test solvit start
07-25 14:44:45.587 I/vold    (  593): [libfs_mgr] stream not support 
07-25 14:44:45.588 D/vold    (  593): ufshid end
07-25 14:44:45.589 D/DisplayPowerController[0]( 1923): updatePowerStateInternal policy:OFF->DOZE,state:OFF->OFF policy=DOZE, useProximitySensor=false, screenBrightnessOverride=-1.0, useAutoBrightness=false, screenAutoBrightnessAdjustmentOverride=NaN, screenLowPowerBrightnessFactor=1.0, blockScreenOn=false, lowPowerMode=false, boostScreenBrightness=false, dozeScreenBrightness=NaN, dozeScreenState=UNKNOWN
07-25 14:44:45.590 D/OplusPowerManagerHelper( 1923): [onGoToSleep]
07-25 14:44:45.590 E/OplusCustomizeRestrictionManagerService( 1923): isBiometricDisabled start
07-25 14:44:45.590 D/OplusFeatureAOD( 1923): notifySfUnBlockScreenOn
07-25 14:44:45.594 D/NotifierExtImpl( 1923): notifyScreenOnOff: on = false
07-25 14:44:45.594 D/OplusPowerManagerServiceEnhance( 1923): notifyScreenOnOff on=false
07-25 14:44:45.610 I/WindowManager( 1923): Window{b5ea154 u0 com.Slack/slack.features.messagedetails.MessageDetailsActivity} state from HAS_DRAWN to NO_SURFACE; reason: destroySurface
07-25 14:44:45.613 D/ActivityTaskManager( 1923): Clearing startingData for token=null
07-25 14:44:45.622 D/OplusGuardElfFeature( 1923): ICharger service = vendor.oplus.hardware.charger.ICharger$Stub$Proxy@8ea3be3
07-25 14:44:45.622 D/NAS-CallIssueController[1]( 2870): ActionsExecuteStateMachine recv msg:5
07-25 14:44:45.623 D/NAS-CallIssueController[0]( 2870): ActionsExecuteStateMachine recv msg:5
07-25 14:44:45.624 D/OplusGuardElfFeature( 1923): ICharger set value = 0
07-25 14:44:45.624 D/OplusGuardElfFeature( 1923): calling class name = ThermalControlUtils
07-25 14:44:45.624 D/OplusBatteryManager( 4732): set charge value = 0
07-25 14:44:45.641 W/UsageStatsService( 1923): Unexpected activity event reported! (com.Slack/slack.features.home.HomeActivity event : 23 instanceId : 13739802)
07-25 14:44:45.649 I/WindowManager( 1923): Window{c8b9190 u0 com.Slack/slack.features.home.HomeActivity} state from HAS_DRAWN to NO_SURFACE; reason: destroySurface
07-25 14:44:45.651 D/ActivityTaskManager( 1923): Clearing startingData for token=null
07-25 14:44:45.658 I/PowerManagerService( 1923): onFlip(): Face up.
07-25 14:44:45.658 D/PowerManagerService( 1923): onFlip: isFaceDown=false
07-25 14:44:45.658 D/PowerManagerService( 1923): userActivityNoUpdateLocked: groupId=0, eventTime=2007040432, event=other, flags=0x0, uid=1000
07-25 14:44:45.675 D/OplusAlarmAdjustment( 1923): MSG_SCREEN_OFF, mAlignInterval=300000 ms, mScreenOffElapsed=4077988855 ms
07-25 14:44:45.706 D/CompatibilityChangeReporter( 1923): Compat change id reported: 161145287; UID 10097; state: ENABLED
07-25 14:44:45.713 D/OplusFeatureColorMode( 1923): +updateUserDreaming
07-25 14:44:45.739 D/OplusFeatureMEMCGame_PW( 1923): screen off
07-25 14:44:45.741 D/OplusUserManagerServiceEnhance( 1923): getMultiSystemUserId  res = -10000
07-25 14:44:45.744 D/OplusUserManagerServiceEnhance( 1923): getMultiSystemUserId  res = -10000
07-25 14:44:45.745 D/OplusFeatureAOD( 1923): key:1923 tmp:3
07-25 14:44:45.746 D/DisplayPowerController[0]( 1923): requestPowerState: policy=DOZE, useProximitySensor=false, screenBrightnessOverride=-1.0, useAutoBrightness=false, screenAutoBrightnessAdjustmentOverride=NaN, screenLowPowerBrightnessFactor=1.0, blockScreenOn=false, lowPowerMode=false, boostScreenBrightness=false, dozeScreenBrightness=NaN, dozeScreenState=DOZE, waitForNegativeProximity=false displayReady=false pendingRequest=true
07-25 14:44:45.746 D/OplusUserManagerServiceEnhance( 1923): getMultiSystemUserId  res = -10000
07-25 14:44:45.746 D/DisplayManagerServiceExtImpl( 1923): request size(1,1),dpc=com.android.server.display.DisplayPowerController@65c876f size(0,1),flags=0X200F,id(0,0,local:4627039422300187648),enable=true,ready=false,waitForNegativeProximity=false policy=DOZE,useProximitySensor=false,dozeState=DOZE,screenBrightnessOverride=-1.000000,useAuto=false,lowPower=false,lowPowerFactor=1.000000
07-25 14:44:45.747 D/DeviceStateProviderImpl( 1923): keyguard show or sleep: false mLastReportedState 0
07-25 14:44:45.764 W/AlarmManager( 1923): Alarms must either supply a PendingIntent or an AlarmReceiver
07-25 14:44:45.765 V/UsbDeviceManager( 1923): onKeyguardStateChanged: isShowing:false secure:true user:0
07-25 14:44:45.767 V/UsbDeviceManager( 1923): onKeyguardStateChanged: isShowing:false secure:true user:0
07-25 14:44:45.767 D/VRR [OPlusRefreshRateService]( 1923): handleScreenStateChange state: 3
07-25 14:44:45.769 D/BackLightStat( 1923): setScreenState: state changed:OFF->DOZE
07-25 14:44:45.769 D/DisplayPowerState[0]( 1923): setColorFadeLevel: level=1.0
07-25 14:44:45.770 D/OplusFeatureBrightnessBarController( 1923): screen state:false
07-25 14:44:45.774 D/OplusFeatureHDREnhanceBrightness( 1923): setAnimating : displayId[0]=true
07-25 14:44:45.774 D/OplusFeatureReduceBrightness( 1923): setAnimating : animating = true
07-25 14:44:45.774 D/OplusFeatureEdrEnhanceBrightness( 1923): setAnimating: true
07-25 14:44:45.774 D/OplusFeaturePwEdrEnhanceBrightness( 1923): setAnimating: true
07-25 14:44:45.775 D/DpcExtImpl[0]( 1923): Animating brightness: target=12->0,rate=6400->6400,type=manual,byUse=false local:4627039422300187648
07-25 14:44:45.775 D/OplusSmartBrightnessController( 1923): add for debug Aod brightness set 1.0
07-25 14:44:45.779 D/DisplayPowerState[0]( 1923): Updating screen state: id=0, state=DOZE, backlight=1.0, sdrBacklight=1.0
07-25 14:44:45.782 I/DisplayDeviceRepository( 1923): Display device changed state: "Built-in screen", DOZE
07-25 14:44:45.782 D/OplusSmartBrightnessController( 1923): requestDisplayState isFirstDisplay=true state=3 globalDisplayState=0x3
07-25 14:44:45.782 D/LogicalDisplayExt( 1923): set displayInfo flag FLAG_ROTATES_WITH_CONTENT
07-25 14:44:45.782 D/LocalDisplayAdapter( 1923): setDisplayState(id=4627039422300187648 isFirstDisplay=true state changed:OFF->DOZE) t-Name=PhotonicModulator
07-25 14:44:45.785 D/DisplayManagerServiceExtImpl( 1923): scheduleTraversalLocked intraversal=false
07-25 14:44:45.785 I/DisplayManagerServiceExtImpl( 1923): handle logical display changed logicalDisplay=id=0,stack=0,content=true,displayInfo{stack=0,type=1,id=0,uId=local:4627039422300187648,state=DOZE,pkg=null}
07-25 14:44:45.785 D/DisplayManagerService( 1923): Delivering display event: displayId=0, event=2
07-25 14:44:45.787 D/OplusFeatureHDREnhanceBrightness( 1923): setAnimating : displayId[0]=false
07-25 14:44:45.787 D/OplusFeatureReduceBrightness( 1923): setAnimating : animating = false
07-25 14:44:45.787 D/OplusFeatureEdrEnhanceBrightness( 1923): setAnimating: false
07-25 14:44:45.787 D/OplusFeaturePwEdrEnhanceBrightness( 1923): setAnimating: false
07-25 14:44:45.787 D/OplusSmartBrightnessController( 1923): add for debug Aod brightness set 1.0
07-25 14:44:45.788 I/OplusSmartBrightnessController( 1923): handleMessage MSG_SET_SETTINGS_MIN_BRI_PREVIEW false
07-25 14:44:45.796 I/WallpaperManagerServiceExt( 1923): removeDisplayData. displayId = 0
07-25 14:44:45.802 D/OplusUserManagerServiceEnhance( 1923): getMultiSystemUserId  res = -10000
07-25 14:44:45.805 D/OplusVFXScreenEffectFeature( 1923): notifySFCompatWindowStateChange entered false
07-25 14:44:45.805 D/FlexibleWindowManager( 1923): physicalDisplayChangedForFlexibleWindow displayId 0, current display info 1080 x 2412, new display info 1080 x 2412
07-25 14:44:45.805 D/FlexibleTaskController( 1923): onDisplayChanged displayId#0 ,cur:1080x2412 ,new:1080x2412
07-25 14:44:45.805 D/FlexibleTaskController( 1923): onDisplayChanged displayId not support flexible.
07-25 14:44:45.805 D/FlexibleWindowManager( 1923): physicalDisplayChangedForFlexibleWindow return for unsupported devices
07-25 14:44:45.810 D/DisplayManagerService( 1923): performTraversalInternal pendingTraversal
