07-25 14:43:41.633 I/DisplayPowerController[0]( 1923): Unblocked screen off after 0 ms
07-25 14:43:41.633 D/OplusSmartBrightnessController( 1923): onScreenEvent isScreenOn displayId[0]=false isFolding=false policy=OFF
07-25 14:43:41.633 D/OplusSmartBrightnessController( 1923): NeedResetSpline:false, NeedResetSplineByLargeChange:false
07-25 14:43:41.634 I/OplusSmartBrightnessController( 1923): handleMessage MSG_NEXT_LUX_WILL_CHANGED.
07-25 14:43:41.634 D/OplusFeatureHDREnhanceBrightness( 1923): MSG_RUS_APPLY false
07-25 14:43:41.634 W/WindowManager( 1923): captureTaskSnapshot mSnapshotMode= 0
07-25 14:43:41.635 D/TaskSnapshotControllerExtImpl( 1923): createTaskSnapshot isCompatMode:false, isCompactWindow:false
07-25 14:43:41.636 D/DisplayPowerState[0]( 1923): setScreenState: state=1
07-25 14:43:41.636 D/BackLightStat( 1923): setScreenState: state changed:ON->OFF
07-25 14:43:41.640 D/VRR [OPlusRefreshRateService]( 1923): handleScreenStateChange state: 1
07-25 14:43:41.642 D/OplusFeatureDCBacklight( 1923): notifySfRepaintEverything begin mCurrentDCMode:0brightness=-1threshold=260
07-25 14:43:41.653 D/TaskSnapshotCache( 1923): putSnapshot mRunningCache top= ActivityRecord{ec4ad12 u0 com.Slack/slack.features.messagedetails.MessageDetailsActivity t15736}, mTaskId=15736, snapshot=TaskSnapshot{ mId=1753434821634 mCaptureTime=4077924832942843 mTopActivityComponent=com.Slack/slack.features.messagedetails.MessageDetailsActivity mSnapshot=android.hardware.HardwareBuffer@86a56f3 (1080x2412) mColorSpace=sRGB IEC61966-2.1 (id=0, model=RGB) mOrientation=1 mRotation=0 mTaskSize=Point(1080, 2412) mContentInsets=[0,96][0,48] mLetterboxInsets=[0,0][0,0] mIsLowResolution=false mIsRealSnapshot=true mWindowingMode=1 mAppearance=0 mIsTranslucent=true mHasImeSurface=false, mAppIdMap size= 7
07-25 14:43:41.654 D/ActivityTaskManager( 1923): Top Process State changed to PROCESS_STATE_TOP_SLEEPING
07-25 14:43:41.654 D/WindowManager( 1923):  setIsSleeping from  false to true this=Display{#0 state=ON size=1080x2412 ROTATION_0}
07-25 14:43:41.656 D/OplusTransitionController( 1923): requestStartTransition, requestInfo type: SLEEP, remoteTransition: null, displayChange: null, transition: TransitionRecord{6b515ae id=46852 type=SLEEP flags=0x0}, caller: com.android.server.wm.TransitionControllerExtImpl.requestStartTransition:41 com.android.server.wm.TransitionController.requestStartTransition:738 com.android.server.wm.RootWindowContainer.lambda$applySleepTokens$19:2705 com.android.server.wm.RootWindowContainer.$r8$lambda$23BILeSwDpDN-3rvXPe_T49ONuI:0 com.android.server.wm.RootWindowContainer$$ExternalSyntheticLambda11.onCollectStarted:0 
07-25 14:43:41.659 V/WindowManagerShell(14113): Transition requested: android.os.BinderProxy@70db328 TransitionRequestInfo { type = SLEEP, triggerTask = null, remoteTransition = null, displayChange = null }
07-25 14:43:41.659 D/OplusFlexibleActivityTransitionManager( 1923): fixTransitType type result:12, targets: []
07-25 14:43:41.659 D/OplusTransitionController( 1923): onTransactionReady, syncId: 46852, 
07-25 14:43:41.659 D/OplusTransitionController( 1923):  info: {id=46852 t=SLEEP f=0x0 trk=0 r=[] c=[]}, 
07-25 14:43:41.659 D/OplusTransitionController( 1923):  targets : []
07-25 14:43:41.661 V/WindowManager( 1923): Sent Transition #46852 createdAt=07-25 14:43:41.655 via request=TransitionRequestInfo { type = SLEEP, triggerTask = null, remoteTransition = null, displayChange = null }
07-25 14:43:41.661 V/WindowManager( 1923):     startWCT=null
07-25 14:43:41.661 V/WindowManager( 1923):     info={id=46852 t=SLEEP f=0x0 trk=0 r=[] c=[]}
07-25 14:43:41.668 D/WindowManager( 1923): screenTurnedOff  Display{#0 state=ON size=1080x2412 ROTATION_0}
07-25 14:43:41.669 W/Transition( 1923): Transition already started id=46852 state=2
07-25 14:43:41.670 V/WindowManagerShell(14113): onTransitionReady android.os.BinderProxy@70db328: {id=46852 t=SLEEP f=0x0 trk=0 r=[] c=[]}
07-25 14:43:41.671 V/WindowManagerShell(14113): No transition roots in (#46852)android.os.BinderProxy@70db328@0 so abort
07-25 14:43:41.671 V/WindowManagerShell(14113): Transition animation finished (aborted=true), notifying core (#46852)android.os.BinderProxy@70db328@0
07-25 14:43:41.674 D/OplusTransitionController( 1923): finishTransition, transition: TransitionRecord{6b515ae id=46852 type=SLEEP flags=0x0}
07-25 14:43:41.674 D/RefreshRate( 1923): ***** request traversal for refresh rate change : mChangeInAnimation = false, highTempRefreshRateChanged = false *****
07-25 14:43:41.674 D/TransitionController( 1923): NFW_send RECOMPUTE_FOCUS in finishTransition
07-25 14:43:41.674 D/ShellTaskOrganizer(14113): onTransitionFinish, isRecent:false
07-25 14:43:41.674 V/WindowManagerShell(14113): Track 0 became idle
07-25 14:43:41.674 V/WindowManager( 1923): Finish Transition #46852: created at 07-25 14:43:41.655 collect-started=0.025ms request-sent=1.022ms started=3.787ms ready=3.781ms sent=4.587ms finished=18.311ms
07-25 14:43:41.675 V/WindowManagerShell(14113): All active transition animations finished
07-25 14:43:41.675 D/OplusInterceptLockScreenWindow( 1923): starting IOplusLockScreenCallbacks service...
07-25 14:43:41.677 I/ColorAutomaticBrightnessController( 1923): updateAutoBrightness: Auto, sendUpdate = false adjustment=16060.784180,changed:12->4488,modified:4488->4488->4488,changed=true,cameraMode=-1,ProximityNear=false
07-25 14:43:41.678 D/DisplayPowerState[0]( 1923): updateRunnable run fadeLevle=0.0 state=OFF brightness changed:12.0->-1.0
07-25 14:43:41.678 D/DisplayPowerState[0]( 1923): Updating screen state: id=0, state=OFF, backlight=-1.0, sdrBacklight=-1.0
07-25 14:43:41.679 D/OplusSmartBrightnessController( 1923): requestDisplayState isFirstDisplay=true state=1 globalDisplayState=0x0
07-25 14:43:41.679 D/LocalDisplayAdapter( 1923): setDisplayState(id=4627039422300187648 isFirstDisplay=true state changed:ON->OFF) t-Name=PhotonicModulator
07-25 14:43:41.686 V/WindowManager( 1923): Changing focus from Window{b5ea154 u0 com.Slack/slack.features.messagedetails.MessageDetailsActivity} to null,diplayid=0
07-25 14:43:41.688 W/WindowManager( 1923): captureTaskSnapshot mSnapshotMode= 0
07-25 14:43:41.688 I/WindowManager( 1923): Attempted to take screenshot while display was off.
07-25 14:43:41.688 W/WindowManager( 1923): captureTaskSnapshot mSnapshotMode= 0
07-25 14:43:41.689 I/WindowManager( 1923): Attempted to take screenshot while display was off.
07-25 14:43:41.694 I/SurfaceAnimationRunner( 1923): startAnimation requiresEdgeExtension=false, animationLeash=Surface(name=Surface(name=Dim Layer for - Task=15736)/@0x329454b - animation-leash of dimmer)/@0x440deba, runningAnim=com.android.server.wm.SurfaceAnimationRunner$RunningAnimation@157b16b, mPreProcessingAnimations={}
07-25 14:43:41.695 I/TaskOrganizerController( 1923): onTaskInfoChanged taskid 15736 config { mBounds=Rect(0, 0 - 1080, 2412) mAppBounds=Rect(0, 96 - 1080, 2364) mMaxBounds=Rect(0, 0 - 1080, 2412) mDisplayRotation=ROTATION_0 mWindowingMode=fullscreen mDisplayWindowingMode=fullscreen mActivityType=standard mAlwaysOnTop=undefined mRotation=ROTATION_0}
07-25 14:43:41.696 D/FlexibleWindowManager( 1923): onFlexibleWindowTaskInfoChanged: mTaskId = 15736 oldIsTaskEmbedded = false   curIsTaskEmbedded = false  topActivity = ComponentInfo{com.Slack/slack.features.messagedetails.MessageDetailsActivity}
07-25 14:43:41.696 D/OplusFlexibleWindowMinimizedManagerHelper( 1923): onTaskInfoChanged taskInfo:TaskInfo{userId=0 taskId=15736 displayId=0 isRunning=true baseIntent=Intent { act=android.intent.action.MAIN cat=[android.intent.category.LAUNCHER] flg=0x10200000 cmp=com.Slack/slack.features.home.HomeActivity mCallingUid=10172 } baseActivity=ComponentInfo{com.Slack/slack.features.home.HomeActivity} topActivity=ComponentInfo{com.Slack/slack.features.messagedetails.MessageDetailsActivity} origActivity=null realActivity=ComponentInfo{com.Slack/slack.features.home.HomeActivity} numActivities=2 lastActiveTime=4077924841 supportsSplitScreenMultiWindow=true supportsMultiWindow=true supportsPocketStudioMultiWindow=true isInFlexibleEmbedded = false uid = 10363 pid = 10980 resizeMode=2 isResizeable=true minWidth=-1 minHeight=-1 defaultMinSize=220 token=WCT{RemoteToken{f01315 Task{15d71c5 #15736 type=standard A=10363:com.Slack}}} topActivityType=1 pictureInPictureParams=null shouldDockBigOverlays=false launchIntoPipHostTaskId=-1 lastParentTaskIdBeforePip=-1 displayCutoutSafeInsets=Rect(0, 96 - 0, 0) topActivityInfo=ActivityInfo{8f1749d slack.features.messagedetails.MessageDetailsActivity} launchCookies=[android.os.BinderProxy@ce2d289, android.os.BinderProxy@6f7325c] positionInParent=Point(0, 0) parentTaskId=-1 isFocused=true isVisible=false isVisibleRequested=false isSleeping=true topActivityInSizeCompat=false topActivityInOplusCompatMode=false topActivityEligibleForLetterboxEducation= false topActivityLetterboxed= false isFromDoubleTap= false topActivityLetterboxVerticalPosition= -1 topActivityLetterboxHorizontalPosition= -1 topActivityLetterboxWidth=-1 topActivityLetterboxHeight=-1 locusId=null displayAreaFeatureId=1 cameraCompatControlState=hidden locusId= null topActivityLetterboxInsets=Rect(0, 0 - 0, 0)} task:Task{15d71c5 #15736 type=standard A=10363:com.Slack}
07-25 14:43:41.697 D/OplusAppListInterceptManager( 1923): shouldFilterTask
07-25 14:43:41.697 D/OplusAppListInterceptManager( 1923): shouldFilterTask::packageName = com.Slack
07-25 14:43:41.697 D/ActivityTaskManager( 1923): Skipping, invisible task: Task{f12601b #12069 type=home I=com.android.launcher/.Launcher}
07-25 14:43:41.697 D/OplusAppListInterceptManager( 1923): shouldFilterTask
07-25 14:43:41.697 D/OplusAppListInterceptManager( 1923): shouldFilterTask::packageName = com.coloros.filemanager
07-25 14:43:41.697 D/OplusAppListInterceptManager( 1923): shouldFilterTask
07-25 14:43:41.697 D/OplusAppListInterceptManager( 1923): shouldFilterTask::packageName = in.amazon.mShop.android.shopping
07-25 14:43:41.698 D/OplusAppListInterceptManager( 1923): shouldFilterTask
07-25 14:43:41.698 D/OplusAppListInterceptManager( 1923): shouldFilterTask::packageName = com.android.settings
07-25 14:43:41.698 D/OplusSplitScreenManagerService( 1923): com.android.settings unSupportsSplitScreen by blockList or ForbidActivityList
07-25 14:43:41.698 D/OplusSplitScreenManagerService( 1923): com.android.settings unSupportsSplitScreen by blockList or ForbidActivityList
07-25 14:43:41.698 D/OplusAppListInterceptManager( 1923): shouldFilterTask
07-25 14:43:41.698 D/OplusAppListInterceptManager( 1923): shouldFilterTask::packageName = com.android.chrome
07-25 14:43:41.698 D/OplusAppListInterceptManager( 1923): shouldFilterTask
07-25 14:43:41.698 D/OplusAppListInterceptManager( 1923): shouldFilterTask::packageName = com.google.android.googlequicksearchbox
07-25 14:43:41.698 D/OplusAppListInterceptManager( 1923): shouldFilterTask
07-25 14:43:41.698 D/OplusAppListInterceptManager( 1923): shouldFilterTask::packageName = com.instagram.android
07-25 14:43:41.698 D/OplusSplitScreenManagerService( 1923): com.instagram.android unSupportsSplitScreen by blockList or ForbidActivityList
07-25 14:43:41.698 D/OplusAppListInterceptManager( 1923): shouldFilterTask
07-25 14:43:41.698 D/OplusAppListInterceptManager( 1923): shouldFilterTask::packageName = com.whatsapp
07-25 14:43:41.698 D/OplusAppListInterceptManager( 1923): shouldFilterTask
07-25 14:43:41.698 D/OplusAppListInterceptManager( 1923): shouldFilterTask::packageName = com.google.android.apps.nbu.paisa.user
07-25 14:43:41.699 D/OplusAppListInterceptManager( 1923): shouldFilterTask
07-25 14:43:41.699 D/OplusAppListInterceptManager( 1923): shouldFilterTask::packageName = com.google.android.dialer
07-25 14:43:41.699 D/ActivityTaskManager( 1923): after skip size 10
07-25 14:43:41.700 D/KernelCpuUidUserSysTimeReader( 1923): Removing uids 99905-99905
07-25 14:43:41.702 D/ShellTaskOrganizer(14113): dispatchTaskEventToClientIfNeed, eventType:2, taskInfo:TaskInfo{userId=0 taskId=15736 displayId=0 isRunning=true baseIntent=Intent { act=android.intent.action.MAIN cat=[android.intent.category.LAUNCHER] flg=0x10200000 cmp=com.Slack/slack.features.home.HomeActivity mCallingUid=10172 } baseActivity=ComponentInfo{com.Slack/slack.features.home.HomeActivity} topActivity=ComponentInfo{com.Slack/slack.features.messagedetails.MessageDetailsActivity} origActivity=null realActivity=ComponentInfo{com.Slack/slack.features.home.HomeActivity} numActivities=2 lastActiveTime=4077924841 supportsSplitScreenMultiWindow=true supportsMultiWindow=true supportsPocketStudioMultiWindow=true isInFlexibleEmbedded = false uid = 10363 pid = 10980 resizeMode=2 isResizeable=true minWidth=-1 minHeight=-1 defaultMinSize=220 token=WCT{android.window.IWindowContainerToken$Stub$Proxy@590a1e6} topActivityType=1 pictureInPictureParams=null shouldDockBigOverlays=false launchIntoPipHostTaskId=-1 lastParentTaskIdBeforePip=-1 displayCutoutSafeInsets=Rect(0, 96 - 0, 0) topActivityInfo=ActivityInfo{dcd3327 slack.features.messagedetails.MessageDetailsActivity} launchCookies=[android.os.BinderProxy@b07e2df, android.os.BinderProxy@d5d9e2d] positionInParent=Point(0, 0) parentTaskId=-1 isFocused=true isVisible=false isVisibleRequested=false isSleeping=true topActivityInSizeCompat=false topActivityInOplusCompatMode=false topActivityEligibleForLetterboxEducation= false topActivityLetterboxed= false isFromDoubleTap= false topActivityLetterboxVerticalPosition= -1 topActivityLetterboxHorizontalPosition= -1 topActivityLetterboxWidth=-1 topActivityLetterboxHeight=-1 locusId=null displayAreaFeatureId=1 cameraCompatControlState=hidden locusId= null topActivityLetterboxInsets=Rect(0, 0 - 0, 0)}, leash:null
07-25 14:43:41.702 I/DisplayDeviceRepository( 1923): Display device changed state: "Built-in screen", OFF
07-25 14:43:41.702 D/LogicalDisplayExt( 1923): set displayInfo flag FLAG_ROTATES_WITH_CONTENT
07-25 14:43:41.703 D/DisplayManagerServiceExtImpl( 1923): scheduleTraversalLocked intraversal=false
07-25 14:43:41.703 I/DisplayManagerServiceExtImpl( 1923): handle logical display changed logicalDisplay=id=0,stack=0,content=true,displayInfo{stack=0,type=1,id=0,uId=local:4627039422300187648,state=OFF,pkg=null}
07-25 14:43:41.707 D/DisplayManagerService( 1923): Delivering display event: displayId=0, event=2
07-25 14:43:41.708 I/WallpaperManagerServiceExt( 1923): removeDisplayData. displayId = 0
07-25 14:43:41.709 D/DisplayManagerService( 1923): Ignore redundant display event 0/2 to 10121/11151
07-25 14:43:41.709 D/DisplayManagerService( 1923): Ignore redundant display event 0/2 to 10249/15193
07-25 14:43:41.709 D/DisplayManagerService( 1923): Ignore redundant display event 0/2 to 10136/15605
07-25 14:43:41.710 D/DisplayManagerService( 1923): Ignore redundant display event 0/2 to 10439/18436
07-25 14:43:41.710 D/DisplayManagerService( 1923): Ignore redundant display event 0/2 to 10093/21333
07-25 14:43:41.710 D/DisplayManagerService( 1923): MSG_REQUEST_TRAVERSAL pendingCompleted=false
07-25 14:43:41.711 D/SurfaceAnimationRunner( 1923): onAnimationStart:Surface(name=Surface(name=Dim Layer for - Task=15736)/@0x329454b - animation-leash of dimmer)/@0x440deba
07-25 14:43:41.716 D/OplusVFXScreenEffectFeature( 1923): notifySFCompatWindowStateChange entered false
07-25 14:43:41.716 D/FlexibleWindowManager( 1923): physicalDisplayChangedForFlexibleWindow displayId 0, current display info 1080 x 2412, new display info 1080 x 2412
07-25 14:43:41.716 D/FlexibleTaskController( 1923): onDisplayChanged displayId#0 ,cur:1080x2412 ,new:1080x2412
07-25 14:43:41.716 D/FlexibleTaskController( 1923): onDisplayChanged displayId not support flexible.
07-25 14:43:41.716 D/FlexibleWindowManager( 1923): physicalDisplayChangedForFlexibleWindow return for unsupported devices
07-25 14:43:41.722 D/DisplayManagerService( 1923): performTraversalInternal pendingTraversal
07-25 14:43:41.722 D/DisplayDevice( 1923): setLayerStackLocked id=local:4627039422300187648 token=android.os.BinderProxy@dde947c stack=0->-1
07-25 14:43:41.722 I/DisplayDevice( 1923): [0] Layerstack set to -1 for local:4627039422300187648
07-25 14:43:41.795 D/WindowManagerServiceExtImpl( 1923): extractConfigInfoAndRealFlags rotation=0, screenDp=360, win=Window{c8b9190 u0 com.Slack/slack.features.home.HomeActivity}
07-25 14:43:41.795 V/WindowManager( 1923): Relayout Window{c8b9190 u0 com.Slack/slack.features.home.HomeActivity}: viewVisibility=8, oldvis=0, req=1080x2412, vsysui=LAYOUT_STABLE
07-25 14:43:41.798 D/VRI[HomeActivity](10980): relayoutWindow result, sizeChanged:false, surfaceControlChanged:true, transformHintChanged:false, mSurfaceSize:Point(1080, 2412), mLastSurfaceSize:Point(1080, 2412), mWidth:1080, mHeight:2412, requestedWidth:1080, requestedHeight:2412, transformHint:0, lastTransformHint:0, installOrientation:0, displayRotation:0, isSurfaceValid:false, attr.flag:-2122252032, useBlast:true, tmpFrames:ClientWindowFrames{frame=[0,0][1080,2412] display=[0,0][1080,2412] parentFrame=[0,0][0,0]}
07-25 14:43:41.827 D/WindowManagerServiceExtImpl( 1923): extractConfigInfoAndRealFlags rotation=0, screenDp=360, win=Window{b5ea154 u0 com.Slack/slack.features.messagedetails.MessageDetailsActivity}
07-25 14:43:41.828 V/WindowManager( 1923): Relayout Window{b5ea154 u0 com.Slack/slack.features.messagedetails.MessageDetailsActivity}: viewVisibility=8, oldvis=0, req=1080x2412, vsysui=LAYOUT_STABLE
07-25 14:43:41.831 D/VRI[MessageDetailsActivity](10980): relayoutWindow result, sizeChanged:false, surfaceControlChanged:true, transformHintChanged:false, mSurfaceSize:Point(1080, 2412), mLastSurfaceSize:Point(1080, 2412), mWidth:1080, mHeight:2412, requestedWidth:1080, requestedHeight:2412, transformHint:0, lastTransformHint:0, installOrientation:0, displayRotation:0, isSurfaceValid:false, attr.flag:-2122252030, useBlast:true, tmpFrames:ClientWindowFrames{frame=[0,0][1080,2412] display=[0,0][1080,2412] parentFrame=[0,0][0,0]}
07-25 14:43:41.858 V/AutofillManagerServiceImpl( 1923): updateSessionLocked(): session gone for 2147483647(10363)
07-25 14:43:41.914 D/WindowManagerServiceExtImpl( 1923): extractConfigInfoAndRealFlags rotation=0, screenDp=360, win=Window{b5ea154 u0 com.Slack/slack.features.messagedetails.MessageDetailsActivity}
07-25 14:43:41.914 V/WindowManager( 1923): Relayout Window{b5ea154 u0 com.Slack/slack.features.messagedetails.MessageDetailsActivity}: viewVisibility=8, oldvis=8, req=1080x2412, vsysui=LAYOUT_STABLE
07-25 14:43:41.918 D/VRI[MessageDetailsActivity](10980): relayoutWindow result, sizeChanged:false, surfaceControlChanged:true, transformHintChanged:false, mSurfaceSize:Point(1080, 2412), mLastSurfaceSize:Point(1080, 2412), mWidth:1080, mHeight:2412, requestedWidth:1080, requestedHeight:2412, transformHint:0, lastTransformHint:0, installOrientation:0, displayRotation:0, isSurfaceValid:false, attr.flag:-2122252030, useBlast:true, tmpFrames:ClientWindowFrames{frame=[0,0][1080,2412] display=[0,0][1080,2412] parentFrame=[0,0][0,0]}
07-25 14:43:41.921 I/WindowManager( 1923): Window{b5ea154 u0 com.Slack/slack.features.messagedetails.MessageDetailsActivity} state from HAS_DRAWN to NO_SURFACE; reason: destroySurface
07-25 14:43:41.922 D/ActivityTaskManager( 1923): Clearing startingData for token=null
07-25 14:43:41.923 D/SurfaceAnimationRunner( 1923): onAnimationEnd:Surface(name=Surface(name=Dim Layer for - Task=15736)/@0x329454b - animation-leash of dimmer)/@0x440deba
07-25 14:43:41.928 I/WindowManager( 1923): Window{c8b9190 u0 com.Slack/slack.features.home.HomeActivity} state from HAS_DRAWN to NO_SURFACE; reason: destroySurface
07-25 14:43:41.929 W/UsageStatsService( 1923): Unexpected activity event reported! (com.Slack/slack.features.home.HomeActivity event : 23 instanceId : 13739802)
07-25 14:43:41.929 D/ActivityTaskManager( 1923): Clearing startingData for token=null
07-25 14:43:41.939 D/Biometrics/Fingerprint21/Fingerprint21ServiceProviderExtImpl( 1923): dispatchTouchUp
07-25 14:43:41.981 I/DisplayDeviceRepository( 1923): Display device changed state: "Built-in screen", OFF
07-25 14:43:41.981 D/LogicalDisplayExt( 1923): set displayInfo flag FLAG_ROTATES_WITH_CONTENT
07-25 14:43:41.982 D/HidlDisplayPanelFeature( 1923): getDisplayPanelFeatureValue +++, featureID:20
07-25 14:43:41.983 D/DisplayManagerServiceExtImpl( 1923): scheduleTraversalLocked intraversal=false
07-25 14:43:41.983 D/HidlDisplayPanelFeature( 1923): getDisplayPanelFeatureValue, ret = 0
07-25 14:43:41.983 I/HidlDisplayPanelFeature( 1923): [0]
07-25 14:43:41.983 I/DisplayManagerServiceExtImpl( 1923): handle logical display changed logicalDisplay=id=0,stack=0,content=true,displayInfo{stack=0,type=1,id=0,uId=local:4627039422300187648,state=OFF,pkg=null}
07-25 14:43:41.984 D/HidlDisplayPanelFeature( 1923): getDisplayPanelFeatureValue ---, result = [0]
07-25 14:43:41.984 D/OplusSilentRebootManager( 1923): silence flags file value is :0
07-25 14:43:41.984 D/DisplayManagerService( 1923): Delivering display event: displayId=0, event=2
07-25 14:43:41.984 D/DisplayPowerState[0]( 1923): updateRunnable run fadeLevle=0.0 state=OFF brightness changed:12.0->-1.0
07-25 14:43:41.984 D/PowerManagerServiceExtImpl( 1923): aodEnable: true
07-25 14:43:41.984 I/WallpaperManagerServiceExt( 1923): removeDisplayData. displayId = 0
07-25 14:43:41.985 I/DreamManagerService( 1923): Entering dreamland.
07-25 14:43:41.987 D/DisplayManagerService( 1923): Ignore redundant display event 0/2 to 10121/11151
07-25 14:43:41.988 D/DisplayManagerService( 1923): Ignore redundant display event 0/2 to 10249/15193
07-25 14:43:41.988 D/DisplayManagerService( 1923): Ignore redundant display event 0/2 to 10136/15605
07-25 14:43:41.988 D/DisplayManagerService( 1923): Ignore redundant display event 0/2 to 10439/18436
07-25 14:43:41.989 D/DisplayManagerService( 1923): Ignore redundant display event 0/2 to 10449/20483
07-25 14:43:41.989 D/DisplayManagerService( 1923): Ignore redundant display event 0/2 to 10093/21333
07-25 14:43:41.989 D/DisplayManagerService( 1923): Ignore redundant display event 0/2 to 10219/21859
07-25 14:43:41.989 D/OplusVFXScreenEffectFeature( 1923): notifySFCompatWindowStateChange entered false
07-25 14:43:41.990 D/DisplayManagerService( 1923): MSG_REQUEST_TRAVERSAL pendingCompleted=false
07-25 14:43:41.990 D/FlexibleWindowManager( 1923): physicalDisplayChangedForFlexibleWindow displayId 0, current display info 1080 x 2412, new display info 1080 x 2412
07-25 14:43:41.990 D/FlexibleTaskController( 1923): onDisplayChanged displayId#0 ,cur:1080x2412 ,new:1080x2412
07-25 14:43:41.990 D/FlexibleTaskController( 1923): onDisplayChanged displayId not support flexible.
07-25 14:43:41.990 D/FlexibleWindowManager( 1923): physicalDisplayChangedForFlexibleWindow return for unsupported devices
07-25 14:43:41.993 D/DisplayManagerService( 1923): performTraversalInternal pendingTraversal
07-25 14:43:41.993 D/DisplayDevice( 1923): setLayerStackLocked id=local:4627039422300187648 token=android.os.BinderProxy@dde947c stack=-1->-1
07-25 14:43:41.993 I/PowerManagerService( 1923): Dozing...
07-25 14:43:42.009 I/DreamController( 1923): Starting dream: name=ComponentInfo{com.android.systemui/com.android.systemui.doze.DozeService}, isPreviewMode=false, canDoze=true, userId=0, reason='power manager request'
07-25 14:43:42.021 D/AutofillManagerService( 1923): Close system dialogs
07-25 14:43:42.022 V/AutofillUI( 1923): hideSaveUiUiThread(): mSaveUi=null, callback=null, mCallback=null
07-25 14:43:42.036 W/OplusStorageManagerFeature( 1923): turn screenOff, maintPrepared:false
07-25 14:43:42.037 D/vold    (  593): ufshid started
07-25 14:43:42.039 I/vold    (  593): [libfs_mgr] mgs test solvit start
07-25 14:43:42.040 I/vold    (  593): [libfs_mgr] stream not support 
07-25 14:43:42.041 D/vold    (  593): ufshid end
07-25 14:43:42.044 D/OplusFeatureAOD( 1923): key:1923 tmp:2
07-25 14:43:42.045 D/DisplayPowerController[0]( 1923): requestPowerState: policy=DOZE, useProximitySensor=false, screenBrightnessOverride=-1.0, useAutoBrightness=false, screenAutoBrightnessAdjustmentOverride=NaN, screenLowPowerBrightnessFactor=1.0, blockScreenOn=false, lowPowerMode=false, boostScreenBrightness=false, dozeScreenBrightness=NaN, dozeScreenState=UNKNOWN, waitForNegativeProximity=false displayReady=false pendingRequest=true
07-25 14:43:42.045 D/DisplayManagerServiceExtImpl( 1923): request size(1,1),dpc=com.android.server.display.DisplayPowerController@65c876f size(0,1),flags=0X200F,id(0,0,local:4627039422300187648),enable=true,ready=false,waitForNegativeProximity=false policy=DOZE,useProximitySensor=false,dozeState=UNKNOWN,screenBrightnessOverride=-1.000000,useAuto=false,lowPower=false,lowPowerFactor=1.000000
07-25 14:43:42.050 D/DisplayPowerController[0]( 1923): updatePowerStateInternal policy:OFF->DOZE,state:OFF->OFF policy=DOZE, useProximitySensor=false, screenBrightnessOverride=-1.0, useAutoBrightness=false, screenAutoBrightnessAdjustmentOverride=NaN, screenLowPowerBrightnessFactor=1.0, blockScreenOn=false, lowPowerMode=false, boostScreenBrightness=false, dozeScreenBrightness=NaN, dozeScreenState=UNKNOWN
07-25 14:43:42.050 D/OplusPowerManagerHelper( 1923): [onGoToSleep]
07-25 14:43:42.051 E/OplusCustomizeRestrictionManagerService( 1923): isBiometricDisabled start
07-25 14:43:42.051 D/OplusFeatureAOD( 1923): notifySfUnBlockScreenOn
07-25 14:43:42.055 D/NotifierExtImpl( 1923): notifyScreenOnOff: on = false
07-25 14:43:42.055 D/OplusPowerManagerServiceEnhance( 1923): notifyScreenOnOff on=false
07-25 14:43:42.067 D/OplusGuardElfFeature( 1923): ICharger service = vendor.oplus.hardware.charger.ICharger$Stub$Proxy@29afa72
07-25 14:43:42.070 D/OplusGuardElfFeature( 1923): ICharger set value = 0
07-25 14:43:42.071 D/OplusGuardElfFeature( 1923): calling class name = ThermalControlUtils
07-25 14:43:42.071 D/OplusBatteryManager( 4732): set charge value = 0
07-25 14:43:42.071 D/NAS-CallIssueController[0]( 2870): ActionsExecuteStateMachine recv msg:5
07-25 14:43:42.072 D/NAS-CallIssueController[1]( 2870): ActionsExecuteStateMachine recv msg:5
07-25 14:43:42.111 I/PowerManagerService( 1923): onFlip(): Face up.
07-25 14:43:42.111 D/PowerManagerService( 1923): onFlip: isFaceDown=false
07-25 14:43:42.112 D/PowerManagerService( 1923): userActivityNoUpdateLocked: groupId=0, eventTime=2006976885, event=other, flags=0x0, uid=1000
07-25 14:43:42.121 D/OplusAlarmAdjustment( 1923): MSG_SCREEN_OFF, mAlignInterval=300000 ms, mScreenOffElapsed=4077925301 ms
07-25 14:43:42.183 D/OplusFeatureColorMode( 1923): +updateUserDreaming
07-25 14:43:42.196 D/OplusUserManagerServiceEnhance( 1923): getMultiSystemUserId  res = -10000
07-25 14:43:42.206 W/AlarmManager( 1923): Alarms must either supply a PendingIntent or an AlarmReceiver
07-25 14:43:42.210 D/OplusFeatureMEMCGame_PW( 1923): screen off
07-25 14:43:42.211 D/OplusFeatureAOD( 1923): key:1923 tmp:3
07-25 14:43:42.211 D/DisplayPowerController[0]( 1923): requestPowerState: policy=DOZE, useProximitySensor=false, screenBrightnessOverride=-1.0, useAutoBrightness=false, screenAutoBrightnessAdjustmentOverride=NaN, screenLowPowerBrightnessFactor=1.0, blockScreenOn=false, lowPowerMode=false, boostScreenBrightness=false, dozeScreenBrightness=NaN, dozeScreenState=DOZE, waitForNegativeProximity=false displayReady=false pendingRequest=true
07-25 14:43:42.211 D/DisplayManagerServiceExtImpl( 1923): request size(1,1),dpc=com.android.server.display.DisplayPowerController@65c876f size(0,1),flags=0X200F,id(0,0,local:4627039422300187648),enable=true,ready=false,waitForNegativeProximity=false policy=DOZE,useProximitySensor=false,dozeState=DOZE,screenBrightnessOverride=-1.000000,useAuto=false,lowPower=false,lowPowerFactor=1.000000
07-25 14:43:42.212 D/VRR [OPlusRefreshRateService]( 1923): handleScreenStateChange state: 3
07-25 14:43:42.212 D/DeviceStateProviderImpl( 1923): keyguard show or sleep: false mLastReportedState 0
07-25 14:43:42.216 D/OplusUserManagerServiceEnhance( 1923): getMultiSystemUserId  res = -10000
07-25 14:43:42.216 D/BackLightStat( 1923): setScreenState: state changed:OFF->DOZE
07-25 14:43:42.217 D/DisplayPowerState[0]( 1923): setColorFadeLevel: level=1.0
07-25 14:43:42.222 V/UsbDeviceManager( 1923): onKeyguardStateChanged: isShowing:false secure:true user:0
07-25 14:43:42.222 V/UsbDeviceManager( 1923): onKeyguardStateChanged: isShowing:false secure:true user:0
07-25 14:43:42.225 D/OplusUserManagerServiceEnhance( 1923): getMultiSystemUserId  res = -10000
07-25 14:43:42.225 D/OplusFeatureHDREnhanceBrightness( 1923): setAnimating : displayId[0]=true
07-25 14:43:42.225 D/OplusFeatureReduceBrightness( 1923): setAnimating : animating = true
07-25 14:43:42.225 D/OplusFeatureEdrEnhanceBrightness( 1923): setAnimating: true
07-25 14:43:42.225 D/OplusFeaturePwEdrEnhanceBrightness( 1923): setAnimating: true
07-25 14:43:42.225 D/DpcExtImpl[0]( 1923): Animating brightness: target=12->0,rate=6400->6400,type=manual,byUse=false local:4627039422300187648
07-25 14:43:42.225 D/OplusSmartBrightnessController( 1923): add for debug Aod brightness set 1.0
07-25 14:43:42.227 D/DisplayPowerState[0]( 1923): Updating screen state: id=0, state=DOZE, backlight=1.0, sdrBacklight=1.0
07-25 14:43:42.229 D/OplusSmartBrightnessController( 1923): requestDisplayState isFirstDisplay=true state=3 globalDisplayState=0x3
07-25 14:43:42.229 D/LocalDisplayAdapter( 1923): setDisplayState(id=4627039422300187648 isFirstDisplay=true state changed:OFF->DOZE) t-Name=PhotonicModulator
07-25 14:43:42.229 I/DisplayDeviceRepository( 1923): Display device changed state: "Built-in screen", DOZE
07-25 14:43:42.229 D/LogicalDisplayExt( 1923): set displayInfo flag FLAG_ROTATES_WITH_CONTENT
07-25 14:43:42.231 D/DisplayManagerServiceExtImpl( 1923): scheduleTraversalLocked intraversal=false
07-25 14:43:42.231 I/DisplayManagerServiceExtImpl( 1923): handle logical display changed logicalDisplay=id=0,stack=0,content=true,displayInfo{stack=0,type=1,id=0,uId=local:4627039422300187648,state=DOZE,pkg=null}
07-25 14:43:42.231 D/DisplayManagerService( 1923): Delivering display event: displayId=0, event=2
07-25 14:43:42.233 I/WallpaperManagerServiceExt( 1923): removeDisplayData. displayId = 0
07-25 14:43:42.234 D/DisplayManagerService( 1923): Ignore redundant display event 0/2 to 10121/11151
07-25 14:43:42.235 D/OplusVFXScreenEffectFeature( 1923): notifySFCompatWindowStateChange entered false
07-25 14:43:42.237 D/FlexibleWindowManager( 1923): physicalDisplayChangedForFlexibleWindow displayId 0, current display info 1080 x 2412, new display info 1080 x 2412
07-25 14:43:42.237 D/FlexibleTaskController( 1923): onDisplayChanged displayId#0 ,cur:1080x2412 ,new:1080x2412
07-25 14:43:42.237 D/FlexibleTaskController( 1923): onDisplayChanged displayId not support flexible.
07-25 14:43:42.237 D/FlexibleWindowManager( 1923): physicalDisplayChangedForFlexibleWindow return for unsupported devices
07-25 14:43:42.237 D/DisplayManagerService( 1923): Ignore redundant display event 0/2 to 10249/15193
07-25 14:43:42.237 D/DisplayManagerService( 1923): Ignore redundant display event 0/2 to 10136/15605
07-25 14:43:42.237 D/DisplayManagerService( 1923): Ignore redundant display event 0/2 to 10439/18436
07-25 14:43:42.238 D/DisplayManagerService( 1923): Ignore redundant display event 0/2 to 10449/20483
07-25 14:43:42.238 D/DisplayManagerService( 1923): Ignore redundant display event 0/2 to 10093/21333
07-25 14:43:42.238 D/DisplayManagerService( 1923): Ignore redundant display event 0/2 to 10219/21859
07-25 14:43:42.238 D/DisplayManagerService( 1923): MSG_REQUEST_TRAVERSAL pendingCompleted=false
07-25 14:43:42.239 D/DisplayManagerService( 1923): performTraversalInternal pendingTraversal
07-25 14:43:42.239 D/DisplayDevice( 1923): setLayerStackLocked id=local:4627039422300187648 token=android.os.BinderProxy@dde947c stack=-1->0
07-25 14:43:42.239 I/DisplayDevice( 1923): [0] Layerstack set to 0 for local:4627039422300187648
07-25 14:43:42.246 D/OplusFeatureHDREnhanceBrightness( 1923): setAnimating : displayId[0]=false
07-25 14:43:42.246 D/OplusFeatureReduceBrightness( 1923): setAnimating : animating = false
07-25 14:43:42.246 D/OplusFeatureEdrEnhanceBrightness( 1923): setAnimating: false
07-25 14:43:42.246 D/OplusFeaturePwEdrEnhanceBrightness( 1923): setAnimating: false
07-25 14:43:42.246 D/OplusSmartBrightnessController( 1923): add for debug Aod brightness set 1.0
07-25 14:43:42.247 I/OplusSmartBrightnessController( 1923): handleMessage MSG_SET_SETTINGS_MIN_BRI_PREVIEW false
07-25 14:43:42.303 I/OplusAppSwitchManagerService( 1923): appswitch unregisterAppSwitchObserver pkgName = com.heytap.accessory config = OplusAppSwitchConfig = {  mConfigs = {} observerFingerPrint = 27051057}
07-25 14:43:42.303 I/OplusAppSwitchStateDispatcher( 1923): unregisterAppSwitchObserver ok, pkgName = com.heytap.accessory info = OplusAppSwitchRuleInfo = {  observer = null observerFingerPrint = 27051057}
07-25 14:43:42.321 D/WindowManagerServiceExtImpl( 1923): extractConfigInfoAndRealFlags rotation=0, screenDp=720, win=Window{c31e6ba u0 NotificationShade}
07-25 14:43:42.322 V/WindowManager( 1923): Relayout Window{c31e6ba u0 NotificationShade}: viewVisibility=0, oldvis=4, req=1080x2412, vsysui=
07-25 14:43:42.322 I/WindowManager( 1923): Window{c31e6ba u0 NotificationShade} state from NO_SURFACE to DRAW_PENDING; reason: resetDrawState
07-25 14:43:42.331 D/OplusUserManagerServiceEnhance( 1923): getMultiSystemUserId  res = -10000
07-25 14:43:42.331 D/DisplayContentExtImpl( 1923): target is same with the last, remove the ime snapshot immediately.
07-25 14:43:42.332 D/WindowManager( 1923): updateOrientation: mLastOrientation = SCREEN_ORIENTATION_UNSPECIFIED(-1) newOrientation = SCREEN_ORIENTATION_NOSENSOR(5) forceUpdate = false LastOrientationSource = Window{c31e6ba u0 NotificationShade}
07-25 14:43:42.333 D/WindowManager( 1923): rotation(ROTATION_0) no changed.
07-25 14:43:42.335 W/VRI[NotificationShade](14113): updateBlastSurfaceIfNeeded, surfaceSize:Point(1080, 2412), lastSurfaceSize:Point(1080, 2412), format:-3, blastBufferQueue:null
07-25 14:43:42.336 D/OplusUserManagerServiceEnhance( 1923): getMultiSystemUserId  res = -10000
07-25 14:43:42.363 D/OplusFeatureBrightnessBarController( 1923): screen state:false
07-25 14:43:42.401 I/WindowManager( 1923): Window{c31e6ba u0 NotificationShade} state from DRAW_PENDING to COMMIT_DRAW_PENDING; reason: finishDrawingLocked
07-25 14:43:42.403 I/WindowManager( 1923): Window{c31e6ba u0 NotificationShade} state from COMMIT_DRAW_PENDING to READY_TO_SHOW; reason: commitFinishDrawingLocked
07-25 14:43:42.403 I/WindowManager( 1923): Window{c31e6ba u0 NotificationShade} state from READY_TO_SHOW to HAS_DRAWN; reason: performShowLocked
07-25 14:43:42.407 D/OplusUserManagerServiceEnhance( 1923): getMultiSystemUserId  res = -10000
07-25 14:43:42.407 D/CompatibilityChangeReporter( 1923): Compat change id reported: 265195908; UID 10093; state: ENABLED
07-25 14:43:42.411 D/OplusUserManagerServiceEnhance( 1923): getMultiSystemUserId  res = -10000
07-25 14:43:42.413 D/CompatibilityChangeReporter( 1923): Compat change id reported: 170503758; UID 10093; state: ENABLED
07-25 14:43:42.415 D/OplusUserManagerServiceEnhance( 1923): getMultiSystemUserId  res = -10000
07-25 14:43:42.449 W/PackageManager( 1923): package com.Slack uid 10363 pid 10980 call SetEnabledSetting(com.Slack component = slack.features.customstatus.widget.CustomStatusWidgetReceiver, 2, 0)
07-25 14:43:42.476 W/VRI[NotificationShade](14113): updateBlastSurfaceIfNeeded, surfaceSize:Point(1080, 2412), lastSurfaceSize:Point(1080, 2412), format:-3, blastBufferQueue:android.graphics.BLASTBufferQueue@e04dcc7
07-25 14:43:42.481 D/WindowManagerServiceExtImpl( 1923): extractConfigInfoAndRealFlags rotation=0, screenDp=720, win=Window{c31e6ba u0 NotificationShade}
07-25 14:43:42.482 V/WindowManager( 1923): Relayout Window{c31e6ba u0 NotificationShade}: viewVisibility=0, oldvis=0, req=1080x2412, vsysui=
07-25 14:43:42.483 D/OplusFeatureMEMCGame_PW( 1923): OnNotificationChange enable=true mLastIrisIMVACT=false mLastIrisIMVPKG=false mLastIrisEMVMANUAL=false mLastIrisEMVAUTO=false mLastIrisSR=false mLastIrisSdr2hdr=false mLastIrisEdr=false mLastIrisHESR=false
07-25 14:43:42.492 I/DisplayDeviceRepository( 1923): Display device changed state: "Built-in screen", DOZE
07-25 14:43:42.492 D/LogicalDisplayExt( 1923): set displayInfo flag FLAG_ROTATES_WITH_CONTENT
07-25 14:43:42.493 V/WindowManager( 1923): Changing focus from null to Window{c31e6ba u0 NotificationShade},diplayid=0
07-25 14:43:42.496 D/OplusUserManagerServiceEnhance( 1923): getMultiSystemUserId  res = -10000
07-25 14:43:42.496 D/DisplayManagerServiceExtImpl( 1923): scheduleTraversalLocked intraversal=false
07-25 14:43:42.496 I/DisplayManagerServiceExtImpl( 1923): handle logical display changed logicalDisplay=id=0,stack=0,content=true,displayInfo{stack=0,type=1,id=0,uId=local:4627039422300187648,state=DOZE,pkg=null}
07-25 14:43:42.496 D/DisplayManagerService( 1923): Delivering display event: displayId=0, event=2
07-25 14:43:42.499 I/WallpaperManagerServiceExt( 1923): removeDisplayData. displayId = 0
07-25 14:43:42.500 D/OplusUserManagerServiceEnhance( 1923): getMultiSystemUserId  res = -10000
07-25 14:43:42.500 D/DisplayManagerService( 1923): Ignore redundant display event 0/2 to 10249/15193
07-25 14:43:42.501 D/DisplayManagerService( 1923): Ignore redundant display event 0/2 to 10136/15605
07-25 14:43:42.501 D/DisplayManagerService( 1923): Ignore redundant display event 0/2 to 10439/18436
07-25 14:43:42.501 D/DisplayManagerService( 1923): Ignore redundant display event 0/2 to 10449/20483
07-25 14:43:42.501 D/DisplayManagerService( 1923): Ignore redundant display event 0/2 to 10219/21859
07-25 14:43:42.501 D/DisplayManagerService( 1923): MSG_REQUEST_TRAVERSAL pendingCompleted=false
07-25 14:43:42.515 I/OplusStatusBarManagerServiceEnhance( 1923):  getTopIsFullscreen mTopIsFullscreen: false
07-25 14:43:42.516 D/NotificationService--OplusNotificationManagerServiceExtImpl( 1923): isForwardToAssistants: false, case : Is in mMcsNotInterceptPkgList or is isSystemApp
07-25 14:43:42.516 D/NotificationService( 1923): This application enqueue notifications is not need postDelayed
07-25 14:43:42.518 D/WindowManager( 1923): BarWindow--setVisible: id=2, oldState=0, state=2 call: 
07-25 14:43:42.526 D/OplusVFXScreenEffectFeature( 1923): notifySFCompatWindowStateChange entered false
07-25 14:43:42.526 D/FlexibleWindowManager( 1923): physicalDisplayChangedForFlexibleWindow displayId 0, current display info 1080 x 2412, new display info 1080 x 2412
07-25 14:43:42.526 D/FlexibleTaskController( 1923): onDisplayChanged displayId#0 ,cur:1080x2412 ,new:1080x2412
07-25 14:43:42.526 D/FlexibleTaskController( 1923): onDisplayChanged displayId not support flexible.
07-25 14:43:42.526 D/FlexibleWindowManager( 1923): physicalDisplayChangedForFlexibleWindow return for unsupported devices
07-25 14:43:42.529 D/DisplayManagerService( 1923): performTraversalInternal pendingTraversal
07-25 14:43:42.529 D/DisplayDevice( 1923): setLayerStackLocked id=local:4627039422300187648 token=android.os.BinderProxy@dde947c stack=0->0
07-25 14:43:42.543 D/OplusFeatureDCBacklight( 1923): notifySfRepaintEverything begin mCurrentDCMode:0brightness=1threshold=260
07-25 14:43:42.548 W/VRI[OplusOSEdgeFloatBar](14625): handleResized abandoned!
07-25 14:43:42.606 W/OplusStorageManagerFeature( 1923): turn screenOff, maintPrepared:false
07-25 14:43:42.609 D/OplusSmartBrightnessController( 1923): brightness(primary) = 1, brightness color = 1.0, brightness nit = 1.9715624,id:4627039422300187648 provider=false,verbose[auto=false,dragging=false,lowAnimating=false,hdrAnimating=false,needUpdate=true,window=false,dolbyRecord=false,edrEnhance=false,cover=false,isFirst=true,onlyOne=false,isDragAnimating=false,noAnim=false,state=DOZE,smbPreview=false]
07-25 14:43:42.609 D/vold    (  593): ufshid started
07-25 14:43:42.610 D/OplusSmartBrightnessController( 1923): add for debug Aod brightness set 1.0
07-25 14:43:42.611 I/vold    (  593): [libfs_mgr] mgs test solvit start
07-25 14:43:42.611 I/vold    (  593): [libfs_mgr] stream not support 
07-25 14:43:42.612 D/vold    (  593): ufshid end
07-25 14:43:42.632 D/OplusBatteryManager( 1923): getPsyBatteryRm: 2638
07-25 14:43:42.635 D/OplusBatteryManager( 1923): getPsyBatteryRm: 2638
07-25 14:43:42.740 D/OplusProxyWakeLock( 1923): add uid: 10249 wakelock: lock:194464761 PARTIAL_WAKE_LOCK              'Metri' DISABLED (uid=10249 pid=15193)to FroceReleaseWakeLock list
07-25 14:43:42.741 D/DisplayPowerController[0]( 1923): requestPowerState: policy=DOZE, useProximitySensor=false, screenBrightnessOverride=-1.0, useAutoBrightness=false, screenAutoBrightnessAdjustmentOverride=NaN, screenLowPowerBrightnessFactor=1.0, blockScreenOn=false, lowPowerMode=false, boostScreenBrightness=false, dozeScreenBrightness=NaN, dozeScreenState=DOZE, waitForNegativeProximity=true displayReady=false pendingRequest=true
07-25 14:43:42.742 D/DisplayManagerServiceExtImpl( 1923): request size(1,1),dpc=com.android.server.display.DisplayPowerController@65c876f size(0,1),flags=0X200F,id(0,0,local:4627039422300187648),enable=true,ready=false,waitForNegativeProximity=true policy=DOZE,useProximitySensor=false,dozeState=DOZE,screenBrightnessOverride=-1.000000,useAuto=false,lowPower=false,lowPowerFactor=1.000000
07-25 14:43:42.757 D/DisplayManagerServiceExtImpl( 1923): request size(1,1),dpc=com.android.server.display.DisplayPowerController@65c876f size(0,1),flags=0X200F,id(0,0,local:4627039422300187648),enable=true,ready=true,waitForNegativeProximity=false policy=DOZE,useProximitySensor=false,dozeState=DOZE,screenBrightnessOverride=-1.000000,useAuto=false,lowPower=false,lowPowerFactor=1.000000
07-25 14:43:43.171 W/VRI[StatusBar](14113): handleResized abandoned!
07-25 14:43:43.173 W/VRI[NotificationShade](14113): handleResized abandoned!
07-25 14:43:43.457 W/BatteryStatsService( 1923): Unknown sensor handle 76 received in noteWakeupSensorEvent
07-25 14:43:43.888 D/OplusProxyWakeLock( 1923): restore uid :10249  pid : 0 wakelock: lock:194464761 PARTIAL_WAKE_LOCK              'Metri' (uid=10249 pid=15193)
07-25 14:43:43.999 W/ActivityManager( 1923): Foreground service started from background can not have location/camera/microphone access: service com.noisefit/.receiver.service.ConnectionService
07-25 14:43:44.005 W/ActivityManager( 1923): Foreground service started from background can not have location/camera/microphone access: service com.noisefit/.receiver.service.ConnectionService
07-25 14:43:44.010 W/ActivityManager( 1923): Foreground service started from background can not have location/camera/microphone access: service com.noisefit/.receiver.service.ConnectionService
07-25 14:43:44.347 D/OplusFeatureAOD( 1923): key:1923 tmp:1
07-25 14:43:44.347 D/DisplayPowerController[0]( 1923): requestPowerState: policy=DOZE, useProximitySensor=false, screenBrightnessOverride=-1.0, useAutoBrightness=false, screenAutoBrightnessAdjustmentOverride=NaN, screenLowPowerBrightnessFactor=1.0, blockScreenOn=false, lowPowerMode=false, boostScreenBrightness=false, dozeScreenBrightness=NaN, dozeScreenState=DOZE_SUSPEND, waitForNegativeProximity=false displayReady=false pendingRequest=true
07-25 14:43:44.348 D/DisplayManagerServiceExtImpl( 1923): request size(1,1),dpc=com.android.server.display.DisplayPowerController@65c876f size(0,1),flags=0X200F,id(0,0,local:4627039422300187648),enable=true,ready=false,waitForNegativeProximity=false policy=DOZE,useProximitySensor=false,dozeState=DOZE_SUSPEND,screenBrightnessOverride=-1.000000,useAuto=false,lowPower=false,lowPowerFactor=1.000000
07-25 14:43:44.349 D/VRR [OPlusRefreshRateService]( 1923): handleScreenStateChange state: 4
07-25 14:43:44.351 D/BackLightStat( 1923): setScreenState: state changed:DOZE->DOZE_SUSPEND
07-25 14:43:44.353 D/OplusSmartBrightnessController( 1923): add for debug Aod brightness set 1.0
07-25 14:43:44.354 D/DisplayPowerState[0]( 1923): Updating screen state: id=0, state=DOZE_SUSPEND, backlight=1.0, sdrBacklight=1.0
07-25 14:43:44.356 D/OplusSmartBrightnessController( 1923): requestDisplayState isFirstDisplay=true state=4 globalDisplayState=0x7
07-25 14:43:44.356 D/LocalDisplayAdapter( 1923): setDisplayState(id=4627039422300187648 isFirstDisplay=true state changed:DOZE->DOZE_SUSPEND) t-Name=PhotonicModulator
07-25 14:43:44.357 I/DisplayDeviceRepository( 1923): Display device changed state: "Built-in screen", DOZE_SUSPEND
07-25 14:43:44.357 D/LogicalDisplayExt( 1923): set displayInfo flag FLAG_ROTATES_WITH_CONTENT
07-25 14:43:44.359 D/DisplayManagerServiceExtImpl( 1923): scheduleTraversalLocked intraversal=false
07-25 14:43:44.359 I/DisplayManagerServiceExtImpl( 1923): handle logical display changed logicalDisplay=id=0,stack=0,content=true,displayInfo{stack=0,type=1,id=0,uId=local:4627039422300187648,state=DOZE_SUSPEND,pkg=null}
07-25 14:43:44.359 D/DisplayManagerService( 1923): Delivering display event: displayId=0, event=2
07-25 14:43:44.361 I/WallpaperManagerServiceExt( 1923): removeDisplayData. displayId = 0
07-25 14:43:44.367 D/OplusVFXScreenEffectFeature( 1923): notifySFCompatWindowStateChange entered false
07-25 14:43:44.367 D/FlexibleWindowManager( 1923): physicalDisplayChangedForFlexibleWindow displayId 0, current display info 1080 x 2412, new display info 1080 x 2412
07-25 14:43:44.367 D/FlexibleTaskController( 1923): onDisplayChanged displayId#0 ,cur:1080x2412 ,new:1080x2412
07-25 14:43:44.367 D/FlexibleTaskController( 1923): onDisplayChanged displayId not support flexible.
07-25 14:43:44.367 D/FlexibleWindowManager( 1923): physicalDisplayChangedForFlexibleWindow return for unsupported devices
07-25 14:43:44.367 D/DisplayManagerService( 1923): Ignore redundant display event 0/2 to 10121/11151
07-25 14:43:44.369 D/DisplayManagerService( 1923): Ignore redundant display event 0/2 to 10249/15193
07-25 14:43:44.369 D/DisplayManagerService( 1923): Ignore redundant display event 0/2 to 10136/15605
07-25 14:43:44.370 D/DisplayManagerService( 1923): Ignore redundant display event 0/2 to 10439/18436
07-25 14:43:44.371 D/DisplayManagerService( 1923): Ignore redundant display event 0/2 to 10449/20483
07-25 14:43:44.371 D/DisplayManagerService( 1923): Ignore redundant display event 0/2 to 10093/21333
07-25 14:43:44.371 D/DisplayManagerService( 1923): Ignore redundant display event 0/2 to 10219/21859
07-25 14:43:44.371 D/DisplayManagerService( 1923): MSG_REQUEST_TRAVERSAL pendingCompleted=false
07-25 14:43:44.371 D/DisplayManagerService( 1923): performTraversalInternal pendingTraversal
07-25 14:43:44.372 D/DisplayDevice( 1923): setLayerStackLocked id=local:4627039422300187648 token=android.os.BinderProxy@dde947c stack=0->0
07-25 14:43:44.381 I/DisplayDeviceRepository( 1923): Display device changed state: "Built-in screen", DOZE_SUSPEND
07-25 14:43:44.381 D/LogicalDisplayExt( 1923): set displayInfo flag FLAG_ROTATES_WITH_CONTENT
07-25 14:43:44.383 D/DisplayManagerServiceExtImpl( 1923): scheduleTraversalLocked intraversal=false
07-25 14:43:44.383 I/DisplayManagerServiceExtImpl( 1923): handle logical display changed logicalDisplay=id=0,stack=0,content=true,displayInfo{stack=0,type=1,id=0,uId=local:4627039422300187648,state=DOZE_SUSPEND,pkg=null}
07-25 14:43:44.384 D/OplusSmartBrightnessController( 1923): add for debug Aod brightness set 1.0
07-25 14:43:44.384 D/DisplayManagerService( 1923): Delivering display event: displayId=0, event=2
07-25 14:43:44.385 I/WallpaperManagerServiceExt( 1923): removeDisplayData. displayId = 0
07-25 14:43:44.386 D/DisplayManagerService( 1923): Ignore redundant display event 0/2 to 10121/11151
07-25 14:43:44.387 D/DisplayManagerService( 1923): Ignore redundant display event 0/2 to 10249/15193
07-25 14:43:44.387 D/DisplayManagerService( 1923): Ignore redundant display event 0/2 to 10136/15605
07-25 14:43:44.387 D/DisplayManagerService( 1923): Ignore redundant display event 0/2 to 10439/18436
07-25 14:43:44.387 D/DisplayManagerService( 1923): Ignore redundant display event 0/2 to 10449/20483
07-25 14:43:44.387 D/DisplayManagerService( 1923): Ignore redundant display event 0/2 to 10093/21333
07-25 14:43:44.387 D/DisplayManagerService( 1923): Ignore redundant display event 0/2 to 10219/21859
07-25 14:43:44.387 D/DisplayManagerService( 1923): MSG_REQUEST_TRAVERSAL pendingCompleted=false
07-25 14:43:44.390 D/OplusVFXScreenEffectFeature( 1923): notifySFCompatWindowStateChange entered false
07-25 14:43:44.391 D/FlexibleWindowManager( 1923): physicalDisplayChangedForFlexibleWindow displayId 0, current display info 1080 x 2412, new display info 1080 x 2412
07-25 14:43:44.391 D/FlexibleTaskController( 1923): onDisplayChanged displayId#0 ,cur:1080x2412 ,new:1080x2412
07-25 14:43:44.391 D/FlexibleTaskController( 1923): onDisplayChanged displayId not support flexible.
07-25 14:43:44.391 D/FlexibleWindowManager( 1923): physicalDisplayChangedForFlexibleWindow return for unsupported devices
07-25 14:43:44.394 D/DisplayManagerService( 1923): performTraversalInternal pendingTraversal
07-25 14:43:44.394 D/DisplayDevice( 1923): setLayerStackLocked id=local:4627039422300187648 token=android.os.BinderProxy@dde947c stack=0->0
07-25 14:43:44.858 E/Orms_ManagerInner( 9020): cannot connect to orms core service!
07-25 14:43:44.863 E/Orms_ManagerInner( 1923): cannot connect to orms core service!
07-25 14:43:44.866 D/OplusPowerManagerHelper( 1923): [isFaceAutoUnlockEnabled]
07-25 14:43:44.867 E/OplusCustomizeRestrictionManagerService( 1923): isBiometricDisabled start
07-25 14:43:44.870 E/Biometrics_DEBUG( 1923): execute mBlockReasonList.clear
07-25 14:43:44.870 I/DisplayManagerService( 1923): unblockScreenOnByBiometrics displayId = 0
07-25 14:43:44.870 D/OplusFeatureAOD( 1923): notifySfUnBlockScreenOn
07-25 14:43:44.871 D/OplusPowerManagerHelper( 1923): scheduleNotifyStopDream
07-25 14:43:44.871 D/OplusPowerManagerHelper( 1923): [onWakeUp]
07-25 14:43:44.871 D/OplusPowerManagerHelper( 1923): handleMessage:102
07-25 14:43:44.871 D/OplusPowerManagerHelper( 1923): MSG_STOP_DEAM
07-25 14:43:44.871 I/DreamManagerService( 1923): Leaving dreamland.
