07-03 07:56:17.299 E/AndroidRuntime( 7079): 	at android.os.Looper.loop(Looper.java:368)
07-03 07:56:17.299 E/AndroidRuntime( 7079): 	at android.app.ActivityThread.main(ActivityThread.java:8839)
07-03 07:56:17.299 E/AndroidRuntime( 7079): 	at java.lang.reflect.Method.invoke(Native Method)
07-03 07:56:17.299 E/AndroidRuntime( 7079): 	at com.android.internal.os.RuntimeInit$MethodAndArgsCaller.run(RuntimeInit.java:572)
07-03 07:56:17.299 E/AndroidRuntime( 7079): 	at com.android.internal.os.ZygoteInit.main(ZygoteInit.java:1049)
07-03 07:56:17.299 E/AndroidRuntime( 7079): Caused by: java.lang.NullPointerException: Attempt to invoke virtual method 'char java.lang.String.charAt(int)' on a null object reference
07-03 07:56:17.299 E/AndroidRuntime( 7079): 	at okhttp3.internal._HostnamesCommonKt.toCanonicalHost(Unknown Source:441)
07-03 07:56:17.299 E/AndroidRuntime( 7079): 	at okhttp3.HttpUrl$Builder.parse$okhttp(Unknown Source:577)
07-03 07:56:17.299 E/AndroidRuntime( 7079): 	at retrofit2.Retrofit$Builder.baseUrl(Unknown Source:11)
07-03 07:56:17.299 E/AndroidRuntime( 7079): 	at slack.di.anvil.DaggerMergedMainAppComponent$MergedMainAppComponentImpl$SwitchingProvider.get2(Unknown Source:1340)
07-03 07:56:17.299 E/AndroidRuntime( 7079): 	at slack.di.anvil.DaggerMergedMainAppComponent$MergedMainAppComponentImpl$SwitchingProvider.get$slack$di$anvil$DaggerMergedMainAppComponent$MergedMainAppComponentImpl$SwitchingProvider(Unknown Source:3296)
07-03 07:56:17.299 E/AndroidRuntime( 7079): 	at slack.di.anvil.DaggerMergedMainAppComponent$MergedMainAppComponentImpl$SwitchingProvider.get(Unknown Source:1816)
07-03 07:56:17.299 E/AndroidRuntime( 7079): 	at dagger.internal.DoubleCheck.get(Unknown Source:13)
07-03 07:56:17.299 E/AndroidRuntime( 7079): 	at slack.di.anvil.DaggerMergedMainAppComponent$MergedMainAppComponentImpl$SwitchingProvider.get3(Unknown Source:3487)
07-03 07:56:17.299 E/AndroidRuntime( 7079): 	at slack.di.anvil.DaggerMergedMainAppComponent$MergedMainAppComponentImpl$SwitchingProvider.get$slack$di$anvil$DaggerMergedMainAppComponent$MergedMainAppComponentImpl$SwitchingProvider(Unknown Source:3291)
07-03 07:56:17.299 E/AndroidRuntime( 7079): 	at slack.di.anvil.DaggerMergedMainAppComponent$MergedMainAppComponentImpl$SwitchingProvider.get(Unknown Source:1816)
07-03 07:56:17.299 E/AndroidRuntime( 7079): 	at dagger.internal.DoubleCheck.get(Unknown Source:13)
07-03 07:56:17.299 E/AndroidRuntime( 7079): 	at slack.di.anvil.DaggerMergedMainAppComponent$MergedMainAppComponentImpl.experimentManagerImpl(Unknown Source:18)
07-03 07:56:17.299 E/AndroidRuntime( 7079): 	at slack.di.anvil.DaggerMergedMainAppComponent$MergedMainAppComponentImpl$SwitchingProvider.get3(Unknown Source:2072)
07-03 07:56:17.299 E/AndroidRuntime( 7079): 	at slack.di.anvil.DaggerMergedMainAppComponent$MergedMainAppComponentImpl$SwitchingProvider.get$slack$di$anvil$DaggerMergedMainAppComponent$MergedMainAppComponentImpl$SwitchingProvider(Unknown Source:3291)
07-03 07:56:17.299 E/AndroidRuntime( 7079): 	at slack.di.anvil.DaggerMergedMainAppComponent$MergedMainAppComponentImpl$SwitchingProvider.get(Unknown Source:1816)
07-03 07:56:17.299 E/AndroidRuntime( 7079): 	at dagger.internal.DoubleCheck.get(Unknown Source:13)
07-03 07:56:17.299 E/AndroidRuntime( 7079): 	at slack.app.SlackApp.onCreate(Unknown Source:1255)
07-03 07:56:17.299 E/AndroidRuntime( 7079): 	at android.app.Instrumentation.callApplicationOnCreate(Instrumentation.java:1335)
07-03 07:56:17.299 E/AndroidRuntime( 7079): 	at android.app.ActivityThread.handleBindApplication(ActivityThread.java:7594)
07-03 07:56:17.299 E/AndroidRuntime( 7079): 	... 9 more
07-19 15:10:14.296 F/libc    (31054): Fatal signal 11 (SIGSEGV), code -6 (SI_TKILL) in tid 32575 (RenderThread 1), pid 31054 (MainThread-UE4)
07-19 15:10:14.844 F/DEBUG   ( 6142): Process name is com.pubg.imobile, not key_process
07-19 15:10:14.844 F/DEBUG   ( 6142): keyProcess: 0
07-19 15:10:14.844 F/DEBUG   ( 6142): *** *** *** *** *** *** *** *** *** *** *** *** *** *** *** ***
07-19 15:10:14.844 F/DEBUG   ( 6142): Build fingerprint: 'realme/RMX3561/RED8BEL1:14/UKQ1.230924.001/S.1cfb162_277ad-f9258:user/release-keys'
07-19 15:10:14.844 F/DEBUG   ( 6142): Revision: '0'
07-19 15:10:14.844 F/DEBUG   ( 6142): ABI: 'arm64'
07-19 15:10:14.844 F/DEBUG   ( 6142): Timestamp: 2025-07-19 15:10:14.524044291+0530
07-19 15:10:14.844 F/DEBUG   ( 6142): Process uptime: 1075s
07-19 15:10:14.844 F/DEBUG   ( 6142): Cmdline: com.pubg.imobile
07-19 15:10:14.844 F/DEBUG   ( 6142): pid: 31054, tid: 32575, name: RenderThread 1  >>> com.pubg.imobile <<<
07-19 15:10:14.844 F/DEBUG   ( 6142): uid: 10481
07-19 15:10:14.844 F/DEBUG   ( 6142): tagged_addr_ctrl: 0000000000000001 (PR_TAGGED_ADDR_ENABLE)
07-19 15:10:14.844 F/DEBUG   ( 6142): signal 11 (SIGSEGV), code -6 (SI_TKILL), fault addr --------
07-19 15:10:14.844 F/DEBUG   ( 6142):     x0  0003000200010000  x1  00000071082c8020  x2  0000000000000005  x3  00002a1ad9b174fb
07-19 15:10:14.844 F/DEBUG   ( 6142):     x4  00ffffffffffffff  x5  000000002f261b88  x6  0000007107460c00  x7  0000007107460c00
07-19 15:10:14.844 F/DEBUG   ( 6142):     x8  000000703cdfb504  x9  0000000000000005  x10 0000000000000018  x11 0000000000000001
07-19 15:10:14.844 F/DEBUG   ( 6142):     x12 0000007042542a60  x13 0000000000000001  x14 0000000000000060  x15 00002a1ad9b2763c
07-19 15:10:14.844 F/DEBUG   ( 6142):     x16 00000070425367f0  x17 0000007245dcc960  x18 000000000000003a  x19 000000705952db00
07-19 15:10:14.844 F/DEBUG   ( 6142):     x20 00000071082c8020  x21 00000071082c8040  x22 0000000000007f3f  x23 00000071082c87a4
07-19 15:10:14.844 F/DEBUG   ( 6142):     x24 0000000000000000  x25 00000071082c87a8  x26 00000071082c87a5  x27 0000000000002710
07-19 15:10:14.844 F/DEBUG   ( 6142):     x28 00000000ffffffff  x29 000000719d436aa0
07-19 15:10:14.845 F/DEBUG   ( 6142):     lr  000000703c86f1b0  sp  000000719d436aa0  pc  000000703cdfb528  pst 0000000080001000
07-19 15:10:14.845 F/DEBUG   ( 6142): 9 total frames
07-19 15:10:14.845 F/DEBUG   ( 6142): backtrace:
07-19 15:10:14.845 F/DEBUG   ( 6142):       #00 pc 0000000007f8b528  /data/app/~~etEqD2H28hTGPZ0XfiTozQ==/com.pubg.imobile-nXDEtjKlu1k0wIaiMTXo3A==/lib/arm64/libUE4.so
07-19 15:10:14.845 F/DEBUG   ( 6142):       #01 pc 00000000079ff1ac  /data/app/~~etEqD2H28hTGPZ0XfiTozQ==/com.pubg.imobile-nXDEtjKlu1k0wIaiMTXo3A==/lib/arm64/libUE4.so
07-19 15:10:14.845 F/DEBUG   ( 6142):       #02 pc 00000000079fedd0  /data/app/~~etEqD2H28hTGPZ0XfiTozQ==/com.pubg.imobile-nXDEtjKlu1k0wIaiMTXo3A==/lib/arm64/libUE4.so
07-19 15:10:14.845 F/DEBUG   ( 6142):       #03 pc 0000000007f79d50  /data/app/~~etEqD2H28hTGPZ0XfiTozQ==/com.pubg.imobile-nXDEtjKlu1k0wIaiMTXo3A==/lib/arm64/libUE4.so
07-19 15:10:14.845 F/DEBUG   ( 6142):       #04 pc 0000000007f825c8  /data/app/~~etEqD2H28hTGPZ0XfiTozQ==/com.pubg.imobile-nXDEtjKlu1k0wIaiMTXo3A==/lib/arm64/libUE4.so
07-19 15:10:14.845 F/DEBUG   ( 6142):       #05 pc 0000000007a4a41c  /data/app/~~etEqD2H28hTGPZ0XfiTozQ==/com.pubg.imobile-nXDEtjKlu1k0wIaiMTXo3A==/lib/arm64/libUE4.so
07-19 15:10:14.845 F/DEBUG   ( 6142):       #06 pc 0000000007a077fc  /data/app/~~etEqD2H28hTGPZ0XfiTozQ==/com.pubg.imobile-nXDEtjKlu1k0wIaiMTXo3A==/lib/arm64/libUE4.so
07-19 15:10:14.845 F/DEBUG   ( 6142):       #07 pc 000000000010ba80  /apex/com.android.runtime/lib64/bionic/libc.so (__pthread_start(void*)+208) (BuildId: a87e89fc2c0a5753053f536add4d7ae1)
07-19 15:10:14.845 F/DEBUG   ( 6142):       #08 pc 000000000009f690  /apex/com.android.runtime/lib64/bionic/libc.so (__start_thread+64) (BuildId: a87e89fc2c0a5753053f536add4d7ae1)
--------- beginning of system
07-25 14:41:25.744 D/DisplayManagerServiceExtImpl( 1923): request size(1,1),dpc=com.android.server.display.DisplayPowerController@65c876f size(0,1),flags=0X200F,id(0,0,local:4627039422300187648),enable=true,ready=true,waitForNegativeProximity=false policy=BRIGHT,useProximitySensor=false,dozeState=UNKNOWN,screenBrightnessOverride=-1.000000,useAuto=false,lowPower=false,lowPowerFactor=1.000000
07-25 14:41:26.795 I/OplusStatusBarManagerServiceEnhance( 1923):  getTopIsFullscreen mTopIsFullscreen: false
07-25 14:41:26.795 D/NotificationService--OplusNotificationManagerServiceExtImpl( 1923): isForwardToAssistants: false, case : Is in mMcsNotInterceptPkgList or is isSystemApp
07-25 14:41:26.795 D/NotificationService( 1923): This application enqueue notifications is not need postDelayed
07-25 14:41:26.902 V/MonthTrafficAlert( 2870): getWarningNotification subId:1 numWarningNotificaion:0
07-25 14:41:26.902 V/TrafficAlert( 2870): getLimitNotification subId:1 ,numLimitNotificaion:0
07-25 14:41:27.358 I/keystore2(  702): system/security/keystore2/src/watchdog.rs:319 - Watchdog thread idle -> terminating. Have a great day.
07-25 14:41:27.775 V/MonthTrafficAlert( 2870): getWarningNotification subId:1 numWarningNotificaion:0
07-25 14:41:27.775 V/TrafficAlert( 2870): getLimitNotification subId:1 ,numLimitNotificaion:0
07-25 14:41:30.017 I/OplusStatusBarManagerServiceEnhance( 1923):  getTopIsFullscreen mTopIsFullscreen: false
07-25 14:41:30.018 D/NotificationService--OplusNotificationManagerServiceExtImpl( 1923): isForwardToAssistants: false, case : Is in mMcsNotInterceptPkgList or is isSystemApp
07-25 14:41:30.018 D/NotificationService( 1923): This application enqueue notifications is not need postDelayed
07-25 14:41:30.018 V/MonthTrafficAlert( 2870): getWarningNotification subId:1 numWarningNotificaion:0
07-25 14:41:30.018 V/TrafficAlert( 2870): getLimitNotification subId:1 ,numLimitNotificaion:0
07-25 14:41:30.114 W/ActivityManager( 1923): Foreground service started from background can not have location/camera/microphone access: service com.noisefit/.receiver.service.ConnectionService
07-25 14:41:30.904 V/MonthTrafficAlert( 2870): getWarningNotification subId:1 numWarningNotificaion:0
07-25 14:41:30.904 V/TrafficAlert( 2870): getLimitNotification subId:1 ,numLimitNotificaion:0
07-25 14:41:33.151 I/OplusStatusBarManagerServiceEnhance( 1923):  getTopIsFullscreen mTopIsFullscreen: false
07-25 14:41:33.151 D/NotificationService--OplusNotificationManagerServiceExtImpl( 1923): isForwardToAssistants: false, case : Is in mMcsNotInterceptPkgList or is isSystemApp
07-25 14:41:33.151 D/NotificationService( 1923): This application enqueue notifications is not need postDelayed
07-25 14:41:33.266 V/MonthTrafficAlert( 2870): getWarningNotification subId:1 numWarningNotificaion:0
07-25 14:41:33.266 V/TrafficAlert( 2870): getLimitNotification subId:1 ,numLimitNotificaion:0
07-25 14:41:34.131 V/MonthTrafficAlert( 2870): getWarningNotification subId:1 numWarningNotificaion:0
07-25 14:41:34.131 V/TrafficAlert( 2870): getLimitNotification subId:1 ,numLimitNotificaion:0
07-25 14:41:34.228 V/AlarmManager( 1923): sending alarm Alarm{10b5659 type 0 origWhen 1753434644225 whenElapsed 4077752405 com.noisefit} uid 10426 whenElapsed 4077752405 windowLength 45000 maxWhenElapsed 4077797405 repeatInterval 60000 action null component ComponentInfo{com.noisefit/com.noisefit.receiver.service.ConnectionService} flags 0x0 procName com.noisefit
07-25 14:41:34.234 W/ActivityManager( 1923): Foreground service started from background can not have location/camera/microphone access: service com.noisefit/.receiver.service.ConnectionService
07-25 14:41:34.237 W/PackageManager( 1923): package com.noisefit uid 10426 pid 1692 call SetEnabledSetting(com.noisefit component = com.noisefit.receiver.service.NotificationAlertService, 0, 0)
07-25 14:41:34.245 W/PackageManager( 1923): package com.noisefit uid 10426 pid 1692 call SetEnabledSetting(com.noisefit component = com.noisefit.receiver.service.NotificationAlertService, 1, 0)
07-25 14:41:34.255 W/ActivityManager( 1923): Foreground service started from background can not have location/camera/microphone access: service com.noisefit/.receiver.service.ConnectionService
07-25 14:41:35.187 W/ProcessStats( 1923): Tracking association SourceState{fdfb81d com.google.android.googlequicksearchbox:search/10104 BFgs #10526746} whose proc state 4 is better than process ProcessState{fbc83bc com.google.android.gms/10097 pkg=com.google.android.gms (sub)} proc state 6 (2 skipped)
07-25 14:41:35.244 I/AppsFilter( 1923): interaction: PackageSetting{f3aa887 com.android.microdroid.empty_payload/10342} -> PackageSetting{c11ff15 com.noisefit/10426} BLOCKED
07-25 14:41:35.244 I/AppsFilter( 1923): interaction: PackageSetting{fba6bdd app.netmirror.netmirror/10451} -> PackageSetting{c11ff15 com.noisefit/10426} BLOCKED
07-25 14:41:35.244 I/AppsFilter( 1923): interaction: PackageSetting{92b7352 com.oplus.locationproxy/10142} -> PackageSetting{c11ff15 com.noisefit/10426} BLOCKED
07-25 14:41:35.245 I/AppsFilter( 1923): interaction: PackageSetting{80f4623 com.oplus.securitykeyboard/10145} -> PackageSetting{c11ff15 com.noisefit/10426} BLOCKED
07-25 14:41:35.253 V/NotificationListeners( 1923): enabling notification listener for 0: ComponentInfo{com.noisefit/com.noisefit.receiver.service.NotificationAlertService}
07-25 14:41:35.253 V/NotificationListeners( 1923): Not registering ComponentInfo{com.noisefit/com.noisefit.receiver.service.NotificationAlertService} is already bound
07-25 14:41:35.255 V/ConditionProviders( 1923): enabling condition provider for 0: ComponentInfo{com.google.android.apps.wellbeing/com.google.android.apps.wellbeing.azr.impl.AzrConditionProviderService}
07-25 14:41:35.255 V/ConditionProviders( 1923): Not registering ComponentInfo{com.google.android.apps.wellbeing/com.google.android.apps.wellbeing.azr.impl.AzrConditionProviderService} is already bound
07-25 14:41:35.271 V/AutofillManagerService( 1923): onPackageModified(): com.noisefit
07-25 14:41:35.297 D/OplusProxyWakeLock( 1923): restore uid :10249  pid : 0 wakelock: lock:194464761 PARTIAL_WAKE_LOCK              'Metri' (uid=10249 pid=15193)
07-25 14:41:36.394 I/OplusStatusBarManagerServiceEnhance( 1923):  getTopIsFullscreen mTopIsFullscreen: false
07-25 14:41:36.395 D/NotificationService--OplusNotificationManagerServiceExtImpl( 1923): isForwardToAssistants: false, case : Is in mMcsNotInterceptPkgList or is isSystemApp
07-25 14:41:36.395 D/NotificationService( 1923): This application enqueue notifications is not need postDelayed
07-25 14:41:36.415 V/MonthTrafficAlert( 2870): getWarningNotification subId:1 numWarningNotificaion:0
07-25 14:41:36.415 V/TrafficAlert( 2870): getLimitNotification subId:1 ,numLimitNotificaion:0
07-25 14:41:37.268 V/MonthTrafficAlert( 2870): getWarningNotification subId:1 numWarningNotificaion:0
07-25 14:41:37.268 V/TrafficAlert( 2870): getLimitNotification subId:1 ,numLimitNotificaion:0
07-25 14:41:38.318 D/OplusProxyWakeLock( 1923): add uid: 10249 wakelock: lock:194464761 PARTIAL_WAKE_LOCK              'Metri' DISABLED (uid=10249 pid=15193)to FroceReleaseWakeLock list
07-25 14:41:38.319 D/DisplayPowerController[0]( 1923): requestPowerState: policy=BRIGHT, useProximitySensor=false, screenBrightnessOverride=-1.0, useAutoBrightness=false, screenAutoBrightnessAdjustmentOverride=NaN, screenLowPowerBrightnessFactor=1.0, blockScreenOn=false, lowPowerMode=false, boostScreenBrightness=false, dozeScreenBrightness=NaN, dozeScreenState=UNKNOWN, waitForNegativeProximity=true displayReady=false pendingRequest=true
07-25 14:41:38.319 D/DisplayManagerServiceExtImpl( 1923): request size(1,1),dpc=com.android.server.display.DisplayPowerController@65c876f size(0,1),flags=0X200F,id(0,0,local:4627039422300187648),enable=true,ready=false,waitForNegativeProximity=true policy=BRIGHT,useProximitySensor=false,dozeState=UNKNOWN,screenBrightnessOverride=-1.000000,useAuto=false,lowPower=false,lowPowerFactor=1.000000
07-25 14:41:38.320 D/DpcExtImpl[0]( 1923): RECORD:onUpdatePowerState policy:3 state:2 brightness:2131
07-25 14:41:38.320 D/DisplayManagerServiceExtImpl( 1923): request size(1,1),dpc=com.android.server.display.DisplayPowerController@65c876f size(0,1),flags=0X200F,id(0,0,local:4627039422300187648),enable=true,ready=true,waitForNegativeProximity=false policy=BRIGHT,useProximitySensor=false,dozeState=UNKNOWN,screenBrightnessOverride=-1.000000,useAuto=false,lowPower=false,lowPowerFactor=1.000000
07-25 14:41:39.527 I/OplusStatusBarManagerServiceEnhance( 1923):  getTopIsFullscreen mTopIsFullscreen: false
07-25 14:41:39.527 D/NotificationService--OplusNotificationManagerServiceExtImpl( 1923): isForwardToAssistants: false, case : Is in mMcsNotInterceptPkgList or is isSystemApp
07-25 14:41:39.527 D/NotificationService( 1923): This application enqueue notifications is not need postDelayed
07-25 14:41:39.636 V/MonthTrafficAlert( 2870): getWarningNotification subId:1 numWarningNotificaion:0
07-25 14:41:39.637 V/TrafficAlert( 2870): getLimitNotification subId:1 ,numLimitNotificaion:0
07-25 14:41:40.507 V/MonthTrafficAlert( 2870): getWarningNotification subId:1 numWarningNotificaion:0
07-25 14:41:40.508 V/TrafficAlert( 2870): getLimitNotification subId:1 ,numLimitNotificaion:0
07-25 14:41:42.769 V/MonthTrafficAlert( 2870): getWarningNotification subId:1 numWarningNotificaion:0
07-25 14:41:42.769 V/TrafficAlert( 2870): getLimitNotification subId:1 ,numLimitNotificaion:0
07-25 14:41:42.771 I/OplusStatusBarManagerServiceEnhance( 1923):  getTopIsFullscreen mTopIsFullscreen: false
07-25 14:41:42.771 D/NotificationService--OplusNotificationManagerServiceExtImpl( 1923): isForwardToAssistants: false, case : Is in mMcsNotInterceptPkgList or is isSystemApp
07-25 14:41:42.771 D/NotificationService( 1923): This application enqueue notifications is not need postDelayed
07-25 14:41:43.642 V/MonthTrafficAlert( 2870): getWarningNotification subId:1 numWarningNotificaion:0
07-25 14:41:43.642 V/TrafficAlert( 2870): getLimitNotification subId:1 ,numLimitNotificaion:0
07-25 14:41:43.951 D/OplusProxyWakeLock( 1923): restore uid :10249  pid : 0 wakelock: lock:194464761 PARTIAL_WAKE_LOCK              'Metri' (uid=10249 pid=15193)
07-25 14:41:43.994 W/ActivityManager( 1923): Foreground service started from background can not have location/camera/microphone access: service com.noisefit/.receiver.service.ConnectionService
07-25 14:41:44.001 W/ActivityManager( 1923): Foreground service started from background can not have location/camera/microphone access: service com.noisefit/.receiver.service.ConnectionService
07-25 14:41:44.008 W/ActivityManager( 1923): Foreground service started from background can not have location/camera/microphone access: service com.noisefit/.receiver.service.ConnectionService
07-25 14:41:45.906 I/OplusStatusBarManagerServiceEnhance( 1923):  getTopIsFullscreen mTopIsFullscreen: false
07-25 14:41:45.907 D/NotificationService--OplusNotificationManagerServiceExtImpl( 1923): isForwardToAssistants: false, case : Is in mMcsNotInterceptPkgList or is isSystemApp
07-25 14:41:45.907 D/NotificationService( 1923): This application enqueue notifications is not need postDelayed
07-25 14:41:45.988 V/MonthTrafficAlert( 2870): getWarningNotification subId:1 numWarningNotificaion:0
07-25 14:41:45.988 V/TrafficAlert( 2870): getLimitNotification subId:1 ,numLimitNotificaion:0
07-25 14:41:46.887 V/MonthTrafficAlert( 2870): getWarningNotification subId:1 numWarningNotificaion:0
07-25 14:41:46.888 V/TrafficAlert( 2870): getLimitNotification subId:1 ,numLimitNotificaion:0
07-25 14:41:48.962 D/OplusProxyWakeLock( 1923): add uid: 10249 wakelock: lock:194464761 PARTIAL_WAKE_LOCK              'Metri' DISABLED (uid=10249 pid=15193)to FroceReleaseWakeLock list
07-25 14:41:48.962 D/DisplayPowerController[0]( 1923): requestPowerState: policy=BRIGHT, useProximitySensor=false, screenBrightnessOverride=-1.0, useAutoBrightness=false, screenAutoBrightnessAdjustmentOverride=NaN, screenLowPowerBrightnessFactor=1.0, blockScreenOn=false, lowPowerMode=false, boostScreenBrightness=false, dozeScreenBrightness=NaN, dozeScreenState=UNKNOWN, waitForNegativeProximity=true displayReady=false pendingRequest=true
07-25 14:41:48.962 D/DisplayManagerServiceExtImpl( 1923): request size(1,1),dpc=com.android.server.display.DisplayPowerController@65c876f size(0,1),flags=0X200F,id(0,0,local:4627039422300187648),enable=true,ready=false,waitForNegativeProximity=true policy=BRIGHT,useProximitySensor=false,dozeState=UNKNOWN,screenBrightnessOverride=-1.000000,useAuto=false,lowPower=false,lowPowerFactor=1.000000
07-25 14:41:48.963 D/DpcExtImpl[0]( 1923): RECORD:onUpdatePowerState policy:3 state:2 brightness:2131
07-25 14:41:48.963 D/DisplayManagerServiceExtImpl( 1923): request size(1,1),dpc=com.android.server.display.DisplayPowerController@65c876f size(0,1),flags=0X200F,id(0,0,local:4627039422300187648),enable=true,ready=true,waitForNegativeProximity=false policy=BRIGHT,useProximitySensor=false,dozeState=UNKNOWN,screenBrightnessOverride=-1.000000,useAuto=false,lowPower=false,lowPowerFactor=1.000000
07-25 14:41:49.143 I/OplusStatusBarManagerServiceEnhance( 1923):  getTopIsFullscreen mTopIsFullscreen: false
07-25 14:41:49.144 D/NotificationService--OplusNotificationManagerServiceExtImpl( 1923): isForwardToAssistants: false, case : Is in mMcsNotInterceptPkgList or is isSystemApp
07-25 14:41:49.144 D/NotificationService( 1923): This application enqueue notifications is not need postDelayed
07-25 14:41:49.145 V/MonthTrafficAlert( 2870): getWarningNotification subId:1 numWarningNotificaion:0
07-25 14:41:49.145 V/TrafficAlert( 2870): getLimitNotification subId:1 ,numLimitNotificaion:0
07-25 14:41:50.022 V/MonthTrafficAlert( 2870): getWarningNotification subId:1 numWarningNotificaion:0
07-25 14:41:50.022 V/TrafficAlert( 2870): getLimitNotification subId:1 ,numLimitNotificaion:0
07-25 14:41:50.275 W/ProcessStats( 1923): Tracking association SourceState{fdfb81d com.google.android.googlequicksearchbox:search/10104 BFgs #10526766} whose proc state 4 is better than process ProcessState{fbc83bc com.google.android.gms/10097 pkg=com.google.android.gms (sub)} proc state 6 (1 skipped)
07-25 14:41:52.376 V/MonthTrafficAlert( 2870): getWarningNotification subId:1 numWarningNotificaion:0
07-25 14:41:52.376 V/TrafficAlert( 2870): getLimitNotification subId:1 ,numLimitNotificaion:0
07-25 14:41:52.377 I/OplusStatusBarManagerServiceEnhance( 1923):  getTopIsFullscreen mTopIsFullscreen: false
07-25 14:41:52.378 D/NotificationService--OplusNotificationManagerServiceExtImpl( 1923): isForwardToAssistants: false, case : Is in mMcsNotInterceptPkgList or is isSystemApp
07-25 14:41:52.378 D/NotificationService( 1923): This application enqueue notifications is not need postDelayed
07-25 14:41:53.258 V/MonthTrafficAlert( 2870): getWarningNotification subId:1 numWarningNotificaion:0
07-25 14:41:53.258 V/TrafficAlert( 2870): getLimitNotification subId:1 ,numLimitNotificaion:0
07-25 14:41:55.511 I/OplusStatusBarManagerServiceEnhance( 1923):  getTopIsFullscreen mTopIsFullscreen: false
07-25 14:41:55.511 D/NotificationService--OplusNotificationManagerServiceExtImpl( 1923): isForwardToAssistants: false, case : Is in mMcsNotInterceptPkgList or is isSystemApp
07-25 14:41:55.511 D/NotificationService( 1923): This application enqueue notifications is not need postDelayed
07-25 14:41:55.635 V/MonthTrafficAlert( 2870): getWarningNotification subId:1 numWarningNotificaion:0
07-25 14:41:55.635 V/TrafficAlert( 2870): getLimitNotification subId:1 ,numLimitNotificaion:0
07-25 14:41:56.491 V/MonthTrafficAlert( 2870): getWarningNotification subId:1 numWarningNotificaion:0
07-25 14:41:56.492 V/TrafficAlert( 2870): getLimitNotification subId:1 ,numLimitNotificaion:0
07-25 14:41:58.737 I/OplusStatusBarManagerServiceEnhance( 1923):  getTopIsFullscreen mTopIsFullscreen: false
07-25 14:41:58.738 D/NotificationService--OplusNotificationManagerServiceExtImpl( 1923): isForwardToAssistants: false, case : Is in mMcsNotInterceptPkgList or is isSystemApp
07-25 14:41:58.738 D/NotificationService( 1923): This application enqueue notifications is not need postDelayed
07-25 14:41:58.767 V/MonthTrafficAlert( 2870): getWarningNotification subId:1 numWarningNotificaion:0
07-25 14:41:58.767 V/TrafficAlert( 2870): getLimitNotification subId:1 ,numLimitNotificaion:0
07-25 14:41:59.262 D/CompatibilityChangeReporter( 1923): Compat change id reported: 135634846; UID 10322; state: DISABLED
07-25 14:41:59.262 D/CompatibilityChangeReporter( 1923): Compat change id reported: 177438394; UID 10322; state: DISABLED
07-25 14:41:59.262 D/CompatibilityChangeReporter( 1923): Compat change id reported: 135772972; UID 10322; state: DISABLED
07-25 14:41:59.262 D/CompatibilityChangeReporter( 1923): Compat change id reported: 135754954; UID 10322; state: ENABLED
07-25 14:41:59.263 D/CompatibilityChangeReporter( 1923): Compat change id reported: 143937733; UID 10322; state: ENABLED
07-25 14:41:59.288 I/ActivityManager( 1923): Start proc 20921:com.oplus.account/u0a322 for content provider {com.oplus.account/com.platform.usercenter.newcommon.db.UserCenterContentProvider}
07-25 14:41:59.325 W/ContextImpl( 1923): Calling a method in the system process without a qualified user: android.app.ContextImpl.sendBroadcastMultiplePermissions:1282 android.content.Context.sendBroadcastMultiplePermissions:2476 com.android.server.TelephonyRegistry.broadcastServiceStateChanged:3594 com.android.server.TelephonyRegistry.notifyServiceStateForPhoneId:1759 com.android.internal.telephony.ITelephonyRegistry$Stub.onTransact:534 
07-25 14:41:59.349 W/ContextImpl( 1923): Calling a method in the system process without a qualified user: android.app.ContextImpl.sendBroadcast:1232 com.android.server.am.OplusAppStartupConfig.sendAbnormalNotify:1623 com.android.server.am.OplusAppStartupConfig.notifyAbnormalInfo:1556 com.android.server.am.OplusAppStartupManager.handleStartAppInfo:5142 com.android.server.am.ProcessListExtImpl.hookHandleProcessStart:239 
07-25 14:41:59.353 W/ContextImpl( 1923): Calling a method in the system process without a qualified user: android.app.ContextImpl.sendBroadcastMultiplePermissions:1315 com.android.server.TelephonyRegistry.broadcastServiceStateChanged:3599 com.android.server.TelephonyRegistry.notifyServiceStateForPhoneId:1759 com.android.internal.telephony.ITelephonyRegistry$Stub.onTransact:534 android.os.Binder.execTransactInternal:1392 
07-25 14:41:59.357 W/ContextImpl( 1923): Calling a method in the system process without a qualified user: android.app.ContextImpl.sendBroadcastMultiplePermissions:1315 com.android.server.TelephonyRegistry.broadcastServiceStateChanged:3608 com.android.server.TelephonyRegistry.notifyServiceStateForPhoneId:1759 com.android.internal.telephony.ITelephonyRegistry$Stub.onTransact:534 android.os.Binder.execTransactInternal:1392 
07-25 14:41:59.359 W/ContextImpl( 1923): Calling a method in the system process without a qualified user: android.app.ContextImpl.sendBroadcastMultiplePermissions:1315 com.android.server.TelephonyRegistry.broadcastServiceStateChanged:3614 com.android.server.TelephonyRegistry.notifyServiceStateForPhoneId:1759 com.android.internal.telephony.ITelephonyRegistry$Stub.onTransact:534 android.os.Binder.execTransactInternal:1392 
07-25 14:41:59.362 D/CompatibilityChangeReporter( 1923): Compat change id reported: 168419799; UID 10322; state: DISABLED
07-25 14:41:59.362 D/CompatibilityChangeReporter( 1923): Compat change id reported: 273564678; UID 10322; state: DISABLED
07-25 14:41:59.362 D/ActivityTaskManagerServiceExtImpl( 1923): preBindApplication record is null
07-25 14:41:59.366 D/CompatibilityChangeReporter( 1923): Compat change id reported: 265195908; UID 10322; state: ENABLED
07-25 14:41:59.366 D/OplusInterceptLockScreenWindow( 1923): starting IOplusLockScreenCallbacks service...
07-25 14:41:59.369 D/CompatibilityChangeReporter( 1923): Compat change id reported: 135634846; UID 10227; state: DISABLED
07-25 14:41:59.369 D/CompatibilityChangeReporter( 1923): Compat change id reported: 177438394; UID 10227; state: DISABLED
07-25 14:41:59.369 D/CompatibilityChangeReporter( 1923): Compat change id reported: 135772972; UID 10227; state: DISABLED
07-25 14:41:59.370 D/CompatibilityChangeReporter( 1923): Compat change id reported: 135754954; UID 10227; state: ENABLED
07-25 14:41:59.370 D/CompatibilityChangeReporter( 1923): Compat change id reported: 143937733; UID 10227; state: ENABLED
07-25 14:41:59.387 I/ActivityManager( 1923): Start proc 20933:com.google.android.cellbroadcastreceiver/u0a227 for broadcast {com.google.android.cellbroadcastreceiver/com.android.cellbroadcastreceiver.CellBroadcastReceiver}
07-25 14:41:59.392 D/CompatibilityChangeReporter( 1923): Compat change id reported: 170503758; UID 10322; state: ENABLED
07-25 14:41:59.438 D/CompatibilityChangeReporter( 1923): Compat change id reported: 168419799; UID 10227; state: DISABLED
07-25 14:41:59.438 D/CompatibilityChangeReporter( 1923): Compat change id reported: 273564678; UID 10227; state: DISABLED
07-25 14:41:59.438 D/ActivityTaskManagerServiceExtImpl( 1923): preBindApplication record is null
07-25 14:41:59.443 D/CompatibilityChangeReporter( 1923): Compat change id reported: 265195908; UID 10227; state: ENABLED
07-25 14:41:59.465 E/AppOps  ( 1923): attributionTag  not declared in manifest of com.oplus.healthservice
07-25 14:41:59.468 E/AppOps  ( 1923): attributionTag  not declared in manifest of com.oplus.healthservice
07-25 14:41:59.471 D/OplusCustomizeRestrictionManagerService( 1923): ismmsreceiveDisabled null
07-25 14:41:59.472 D/CompatibilityChangeReporter( 1923): Compat change id reported: 170503758; UID 10227; state: ENABLED
07-25 14:41:59.473 E/OplusCustomizeRestrictionManagerService( 1923): getMobileDataMode error :s == null
07-25 14:41:59.623 V/MonthTrafficAlert( 2870): getWarningNotification subId:1 numWarningNotificaion:0
07-25 14:41:59.623 V/TrafficAlert( 2870): getLimitNotification subId:1 ,numLimitNotificaion:0
07-25 14:41:59.665 D/ResourcesManagerExtImpl(20933): applyConfigurationToAppResourcesLocked app.getDisplayId() return callback.displayId:-1
07-25 14:41:59.691 I/ActivityManager( 1923): Flag disabled. Ignoring finishAttachApplication from uid: 10227. pid: 20933
07-25 14:42:00.000 V/AlarmManager( 1923): sending alarm Alarm{fd74d4b type 3 origWhen 4077823180 whenElapsed 4077823180 android} uid 1000 whenElapsed 4077823180 windowLength 0 maxWhenElapsed 4077823180 repeatInterval 0 action null component null tag TIME_TICK flags 0x9 procName system_server
07-25 14:42:00.046 E/OplusCustomizeRestrictionManagerService( 1923): isBiometricDisabled start
07-25 14:42:00.074 I/Quality (20921): ActivityThread: makeApplication delay 454 com.oplus.account 20921
07-25 14:42:00.074 D/ResourcesManagerExtImpl(20921): applyConfigurationToAppResourcesLocked app.getDisplayId() return callback.displayId:-1
07-25 14:42:00.182 W/ContextImpl( 1923): Calling a method in the system process without a qualified user: android.app.ContextImpl.sendBroadcastMultiplePermissions:1282 android.content.Context.sendBroadcastMultiplePermissions:2476 com.android.server.TelephonyRegistry.broadcastServiceStateChanged:3594 com.android.server.TelephonyRegistry.notifyServiceStateForPhoneId:1759 com.android.internal.telephony.ITelephonyRegistry$Stub.onTransact:534 
07-25 14:42:00.183 W/ContextImpl( 1923): Calling a method in the system process without a qualified user: android.app.ContextImpl.sendBroadcastMultiplePermissions:1315 com.android.server.TelephonyRegistry.broadcastServiceStateChanged:3599 com.android.server.TelephonyRegistry.notifyServiceStateForPhoneId:1759 com.android.internal.telephony.ITelephonyRegistry$Stub.onTransact:534 android.os.Binder.execTransactInternal:1392 
07-25 14:42:00.185 W/ContextImpl( 1923): Calling a method in the system process without a qualified user: android.app.ContextImpl.sendBroadcastMultiplePermissions:1315 com.android.server.TelephonyRegistry.broadcastServiceStateChanged:3608 com.android.server.TelephonyRegistry.notifyServiceStateForPhoneId:1759 com.android.internal.telephony.ITelephonyRegistry$Stub.onTransact:534 android.os.Binder.execTransactInternal:1392 
07-25 14:42:00.186 W/ContextImpl( 1923): Calling a method in the system process without a qualified user: android.app.ContextImpl.sendBroadcastMultiplePermissions:1315 com.android.server.TelephonyRegistry.broadcastServiceStateChanged:3614 com.android.server.TelephonyRegistry.notifyServiceStateForPhoneId:1759 com.android.internal.telephony.ITelephonyRegistry$Stub.onTransact:534 android.os.Binder.execTransactInternal:1392 
07-25 14:42:00.215 D/CompatibilityChangeReporter( 1923): Compat change id reported: 161145287; UID 10322; state: ENABLED
07-25 14:42:00.232 D/CompatibilityChangeReporter( 1923): Compat change id reported: 182734110; UID 10322; state: ENABLED
07-25 14:42:00.233 D/CompatibilityChangeReporter( 1923): Compat change id reported: 149924527; UID 10322; state: ENABLED
07-25 14:42:00.234 D/CompatibilityChangeReporter( 1923): Compat change id reported: 132649864; UID 10322; state: DISABLED
07-25 14:42:00.283 W/ContextImpl( 1923): Calling a method in the system process without a qualified user: android.app.ContextImpl.sendBroadcastMultiplePermissions:1282 android.content.Context.sendBroadcastMultiplePermissions:2476 com.android.server.TelephonyRegistry.broadcastServiceStateChanged:3594 com.android.server.TelephonyRegistry.notifyServiceStateForPhoneId:1759 com.android.internal.telephony.ITelephonyRegistry$Stub.onTransact:534 
07-25 14:42:00.284 W/ContextImpl( 1923): Calling a method in the system process without a qualified user: android.app.ContextImpl.sendBroadcastMultiplePermissions:1315 com.android.server.TelephonyRegistry.broadcastServiceStateChanged:3599 com.android.server.TelephonyRegistry.notifyServiceStateForPhoneId:1759 com.android.internal.telephony.ITelephonyRegistry$Stub.onTransact:534 android.os.Binder.execTransactInternal:1392 
07-25 14:42:00.288 W/ContextImpl( 1923): Calling a method in the system process without a qualified user: android.app.ContextImpl.sendBroadcastMultiplePermissions:1315 com.android.server.TelephonyRegistry.broadcastServiceStateChanged:3608 com.android.server.TelephonyRegistry.notifyServiceStateForPhoneId:1759 com.android.internal.telephony.ITelephonyRegistry$Stub.onTransact:534 android.os.Binder.execTransactInternal:1392 
07-25 14:42:00.289 W/ContextImpl( 1923): Calling a method in the system process without a qualified user: android.app.ContextImpl.sendBroadcastMultiplePermissions:1315 com.android.server.TelephonyRegistry.broadcastServiceStateChanged:3614 com.android.server.TelephonyRegistry.notifyServiceStateForPhoneId:1759 com.android.internal.telephony.ITelephonyRegistry$Stub.onTransact:534 android.os.Binder.execTransactInternal:1392 
07-25 14:42:00.302 D/OplusCustomizeRestrictionManagerService( 1923): ismmsreceiveDisabled null
07-25 14:42:00.302 E/OplusCustomizeRestrictionManagerService( 1923): getMobileDataMode error :s == null
07-25 14:42:00.309 D/OplusCustomizeRestrictionManagerService( 1923): ismmsreceiveDisabled null
07-25 14:42:00.309 E/OplusCustomizeRestrictionManagerService( 1923): getMobileDataMode error :s == null
07-25 14:42:00.365 D/CompatibilityChangeReporter( 1923): Compat change id reported: 319212206; UID 10322; state: DISABLED
07-25 14:42:00.563 D/CompatibilityChangeReporter( 1923): Compat change id reported: 135634846; UID 1000; state: DISABLED
07-25 14:42:00.563 D/CompatibilityChangeReporter( 1923): Compat change id reported: 177438394; UID 1000; state: DISABLED
07-25 14:42:00.563 D/CompatibilityChangeReporter( 1923): Compat change id reported: 135772972; UID 1000; state: DISABLED
07-25 14:42:00.563 D/CompatibilityChangeReporter( 1923): Compat change id reported: 135754954; UID 1000; state: ENABLED
07-25 14:42:00.566 D/CompatibilityChangeReporter( 1923): Compat change id reported: 161252188; UID 1000; state: DISABLED
07-25 14:42:00.569 I/ActivityManager( 1923): Flag disabled. Ignoring finishAttachApplication from uid: 10322. pid: 20921
07-25 14:42:00.577 I/ActivityManager( 1923): Start proc 20996:com.heytap.mcs.appservice/1000 for service {com.heytap.mcs/com.heytap.mcs.biz.appservice.McsSdkService}
07-25 14:42:00.596 I/ActivityManager( 1923): Start proc 20998:com.oplus.notificationmanager/1000 for service {com.oplus.notificationmanager/com.oplus.notification.NotificationCenterService}
07-25 14:42:00.627 D/CompatibilityChangeReporter( 1923): Compat change id reported: 168419799; UID 1000; state: DISABLED
07-25 14:42:00.628 D/CompatibilityChangeReporter( 1923): Compat change id reported: 273564678; UID 1000; state: DISABLED
07-25 14:42:00.628 D/ActivityTaskManagerServiceExtImpl( 1923): preBindApplication record is null
07-25 14:42:00.635 D/CompatibilityChangeReporter( 1923): Compat change id reported: 261072174; UID 10209; state: ENABLED
07-25 14:42:00.642 D/CompatibilityChangeReporter( 1923): Compat change id reported: 168419799; UID 1000; state: DISABLED
07-25 14:42:00.642 D/CompatibilityChangeReporter( 1923): Compat change id reported: 273564678; UID 1000; state: DISABLED
07-25 14:42:00.643 D/ActivityTaskManagerServiceExtImpl( 1923): preBindApplication record is null
07-25 14:42:00.700 D/CompatibilityChangeReporter( 1923): Compat change id reported: 261072174; UID 10322; state: ENABLED
07-25 14:42:00.701 W/ProcessStats( 1923): Tracking association SourceState{fdfb81d com.google.android.googlequicksearchbox:search/10104 BFgs #10526791} whose proc state 4 is better than process ProcessState{fbc83bc com.google.android.gms/10097 pkg=com.google.android.gms (sub)} proc state 6 (1 skipped)
07-25 14:42:00.840 I/ActivityManager( 1923): Flag disabled. Ignoring finishAttachApplication from uid: 1000. pid: 20998
07-25 14:42:00.844 D/CompatibilityChangeReporter( 1923): Compat change id reported: 135634846; UID 10152; state: DISABLED
07-25 14:42:00.844 D/CompatibilityChangeReporter( 1923): Compat change id reported: 177438394; UID 10152; state: DISABLED
07-25 14:42:00.844 D/CompatibilityChangeReporter( 1923): Compat change id reported: 135772972; UID 10152; state: DISABLED
07-25 14:42:00.844 D/CompatibilityChangeReporter( 1923): Compat change id reported: 135754954; UID 10152; state: ENABLED
07-25 14:42:00.844 D/CompatibilityChangeReporter( 1923): Compat change id reported: 143937733; UID 10152; state: ENABLED
07-25 14:42:00.852 I/ActivityManager( 1923): Start proc 21043:com.oplus.romupdate/u0a152 for content provider {com.oplus.romupdate/com.oplusos.romupdate.provider.RomUpdateProvider}
07-25 14:42:00.880 D/CompatibilityChangeReporter( 1923): Compat change id reported: 168419799; UID 10152; state: DISABLED
07-25 14:42:00.880 D/CompatibilityChangeReporter( 1923): Compat change id reported: 273564678; UID 10152; state: DISABLED
07-25 14:42:00.881 D/ActivityTaskManagerServiceExtImpl( 1923): preBindApplication record is null
07-25 14:42:00.884 D/CompatibilityChangeReporter( 1923): Compat change id reported: 265195908; UID 10152; state: ENABLED
07-25 14:42:00.886 D/OplusInterceptLockScreenWindow( 1923): starting IOplusLockScreenCallbacks service...
07-25 14:42:00.894 D/CompatibilityChangeReporter( 1923): Compat change id reported: 170503758; UID 10152; state: ENABLED
07-25 14:42:00.938 D/ResourcesManagerExtImpl(21043): applyConfigurationToAppResourcesLocked app.getDisplayId() return callback.displayId:-1
07-25 14:42:00.956 I/ActivityManager( 1923): Flag disabled. Ignoring finishAttachApplication from uid: 1000. pid: 20996
07-25 14:42:00.961 I/ActivityManager( 1923): Flag disabled. Ignoring finishAttachApplication from uid: 10152. pid: 21043
07-25 14:42:01.041 W/ContextImpl(20996): Calling a method in the system process without a qualified user: android.app.ContextImpl.startService:1929 android.content.ContextWrapper.startService:835 com.heytap.mcs.g.a.a:94 com.heytap.mcs.f.a.a:1 com.heytap.mcs.n.e.a:28 
07-25 14:42:01.316 W/ContextImpl( 1923): Calling a method in the system process without a qualified user: android.app.ContextImpl.sendBroadcastMultiplePermissions:1282 android.content.Context.sendBroadcastMultiplePermissions:2476 com.android.server.TelephonyRegistry.broadcastServiceStateChanged:3594 com.android.server.TelephonyRegistry.notifyServiceStateForPhoneId:1759 com.android.internal.telephony.ITelephonyRegistry$Stub.onTransact:534 
07-25 14:42:01.317 W/ContextImpl( 1923): Calling a method in the system process without a qualified user: android.app.ContextImpl.sendBroadcastMultiplePermissions:1315 com.android.server.TelephonyRegistry.broadcastServiceStateChanged:3599 com.android.server.TelephonyRegistry.notifyServiceStateForPhoneId:1759 com.android.internal.telephony.ITelephonyRegistry$Stub.onTransact:534 android.os.Binder.execTransactInternal:1392 
07-25 14:42:01.317 W/ContextImpl( 1923): Calling a method in the system process without a qualified user: android.app.ContextImpl.sendBroadcastMultiplePermissions:1315 com.android.server.TelephonyRegistry.broadcastServiceStateChanged:3608 com.android.server.TelephonyRegistry.notifyServiceStateForPhoneId:1759 com.android.internal.telephony.ITelephonyRegistry$Stub.onTransact:534 android.os.Binder.execTransactInternal:1392 
07-25 14:42:01.318 W/ContextImpl( 1923): Calling a method in the system process without a qualified user: android.app.ContextImpl.sendBroadcastMultiplePermissions:1315 com.android.server.TelephonyRegistry.broadcastServiceStateChanged:3614 com.android.server.TelephonyRegistry.notifyServiceStateForPhoneId:1759 com.android.internal.telephony.ITelephonyRegistry$Stub.onTransact:534 android.os.Binder.execTransactInternal:1392 
07-25 14:42:01.417 W/ContextImpl( 1923): Calling a method in the system process without a qualified user: android.app.ContextImpl.sendBroadcastMultiplePermissions:1282 android.content.Context.sendBroadcastMultiplePermissions:2476 com.android.server.TelephonyRegistry.broadcastServiceStateChanged:3594 com.android.server.TelephonyRegistry.notifyServiceStateForPhoneId:1759 com.android.internal.telephony.ITelephonyRegistry$Stub.onTransact:534 
07-25 14:42:01.418 W/ContextImpl( 1923): Calling a method in the system process without a qualified user: android.app.ContextImpl.sendBroadcastMultiplePermissions:1315 com.android.server.TelephonyRegistry.broadcastServiceStateChanged:3599 com.android.server.TelephonyRegistry.notifyServiceStateForPhoneId:1759 com.android.internal.telephony.ITelephonyRegistry$Stub.onTransact:534 android.os.Binder.execTransactInternal:1392 
07-25 14:42:01.418 W/ContextImpl( 1923): Calling a method in the system process without a qualified user: android.app.ContextImpl.sendBroadcastMultiplePermissions:1315 com.android.server.TelephonyRegistry.broadcastServiceStateChanged:3608 com.android.server.TelephonyRegistry.notifyServiceStateForPhoneId:1759 com.android.internal.telephony.ITelephonyRegistry$Stub.onTransact:534 android.os.Binder.execTransactInternal:1392 
07-25 14:42:01.419 W/ContextImpl( 1923): Calling a method in the system process without a qualified user: android.app.ContextImpl.sendBroadcastMultiplePermissions:1315 com.android.server.TelephonyRegistry.broadcastServiceStateChanged:3614 com.android.server.TelephonyRegistry.notifyServiceStateForPhoneId:1759 com.android.internal.telephony.ITelephonyRegistry$Stub.onTransact:534 android.os.Binder.execTransactInternal:1392 
07-25 14:42:01.434 D/OplusCustomizeRestrictionManagerService( 1923): ismmsreceiveDisabled null
07-25 14:42:01.435 E/OplusCustomizeRestrictionManagerService( 1923): getMobileDataMode error :s == null
07-25 14:42:01.446 D/OplusCustomizeRestrictionManagerService( 1923): ismmsreceiveDisabled null
07-25 14:42:01.448 E/OplusCustomizeRestrictionManagerService( 1923): getMobileDataMode error :s == null
07-25 14:42:01.649 E/ActivityThread(20921): Failed to find provider info for com.platform.usercenter.vip
07-25 14:42:01.681 E/ActivityThread(20921): Failed to find provider info for com.platform.usercenter.vip
07-25 14:42:01.775 I/OplusStatusBarManagerServiceEnhance( 1923):  getTopIsFullscreen mTopIsFullscreen: false
07-25 14:42:01.775 D/NotificationService--OplusNotificationManagerServiceExtImpl( 1923): isForwardToAssistants: false, case : Is in mMcsNotInterceptPkgList or is isSystemApp
07-25 14:42:01.775 D/NotificationService( 1923): This application enqueue notifications is not need postDelayed
07-25 14:42:01.809 V/MonthTrafficAlert( 2870): getWarningNotification subId:1 numWarningNotificaion:0
07-25 14:42:01.809 V/TrafficAlert( 2870): getLimitNotification subId:1 ,numLimitNotificaion:0
07-25 14:42:01.951 D/DisplayPowerController[0]( 1923): requestPowerState: policy=DIM, useProximitySensor=false, screenBrightnessOverride=-1.0, useAutoBrightness=false, screenAutoBrightnessAdjustmentOverride=NaN, screenLowPowerBrightnessFactor=1.0, blockScreenOn=false, lowPowerMode=false, boostScreenBrightness=false, dozeScreenBrightness=NaN, dozeScreenState=UNKNOWN, waitForNegativeProximity=false displayReady=false pendingRequest=true
07-25 14:42:01.951 D/DisplayManagerServiceExtImpl( 1923): request size(1,1),dpc=com.android.server.display.DisplayPowerController@65c876f size(0,1),flags=0X200F,id(0,0,local:4627039422300187648),enable=true,ready=false,waitForNegativeProximity=false policy=DIM,useProximitySensor=false,dozeState=UNKNOWN,screenBrightnessOverride=-1.000000,useAuto=false,lowPower=false,lowPowerFactor=1.000000
07-25 14:42:01.951 I/OplusSmartBrightnessController( 1923): handleBrightnessTotalRateType displayId[0]=manual->dim
07-25 14:42:01.952 D/OplusFeatureHDREnhanceBrightness( 1923): setAnimating : displayId[0]=true
07-25 14:42:01.952 D/OplusFeatureReduceBrightness( 1923): setAnimating : animating = true
07-25 14:42:01.952 D/OplusFeatureEdrEnhanceBrightness( 1923): setAnimating: true
07-25 14:42:01.952 D/OplusFeaturePwEdrEnhanceBrightness( 1923): setAnimating: true
07-25 14:42:01.953 D/DpcExtImpl[0]( 1923): Animating brightness: target=2131->12,rate=6400->6400,type=dim,byUse=false local:4627039422300187648
07-25 14:42:01.953 D/DpcExtImpl[0]( 1923): RECORD:onUpdatePowerState policy:2 state:2 brightness:12
07-25 14:42:01.953 D/DisplayPowerController[0]( 1923): updatePowerStateInternal policy:BRIGHT->DIM,state:ON->ON policy=DIM, useProximitySensor=false, screenBrightnessOverride=-1.0, useAutoBrightness=false, screenAutoBrightnessAdjustmentOverride=NaN, screenLowPowerBrightnessFactor=1.0, blockScreenOn=false, lowPowerMode=false, boostScreenBrightness=false, dozeScreenBrightness=NaN, dozeScreenState=UNKNOWN
07-25 14:42:01.976 D/OplusFeatureDCBacklight( 1923): notifySfRepaintEverything begin mCurrentDCMode:0brightness=2056threshold=260
07-25 14:42:01.988 D/OplusFeatureDCBacklight( 1923): notifySfRepaintEverything begin mCurrentDCMode:0brightness=1950threshold=260
07-25 14:42:02.008 D/OplusFeatureDCBacklight( 1923): notifySfRepaintEverything begin mCurrentDCMode:0brightness=1844threshold=260
07-25 14:42:02.022 D/OplusFeatureDCBacklight( 1923): notifySfRepaintEverything begin mCurrentDCMode:0brightness=1738threshold=260
07-25 14:42:02.038 D/OplusFeatureDCBacklight( 1923): notifySfRepaintEverything begin mCurrentDCMode:0brightness=1633threshold=260
07-25 14:42:02.057 D/OplusFeatureDCBacklight( 1923): notifySfRepaintEverything begin mCurrentDCMode:0brightness=1527threshold=260
07-25 14:42:02.072 D/OplusFeatureDCBacklight( 1923): notifySfRepaintEverything begin mCurrentDCMode:0brightness=1421threshold=260
07-25 14:42:02.089 D/OplusFeatureDCBacklight( 1923): notifySfRepaintEverything begin mCurrentDCMode:0brightness=1315threshold=260
07-25 14:42:02.107 D/OplusFeatureDCBacklight( 1923): notifySfRepaintEverything begin mCurrentDCMode:0brightness=1209threshold=260
07-25 14:42:02.124 D/OplusFeatureDCBacklight( 1923): notifySfRepaintEverything begin mCurrentDCMode:0brightness=1102threshold=260
07-25 14:42:02.142 D/OplusFeatureDCBacklight( 1923): notifySfRepaintEverything begin mCurrentDCMode:0brightness=996threshold=260
07-25 14:42:02.159 D/OplusFeatureDCBacklight( 1923): notifySfRepaintEverything begin mCurrentDCMode:0brightness=890threshold=260
07-25 14:42:02.172 D/OplusFeatureDCBacklight( 1923): notifySfRepaintEverything begin mCurrentDCMode:0brightness=784threshold=260
07-25 14:42:02.190 D/OplusFeatureDCBacklight( 1923): notifySfRepaintEverything begin mCurrentDCMode:0brightness=678threshold=260
07-25 14:42:02.206 D/OplusFeatureDCBacklight( 1923): notifySfRepaintEverything begin mCurrentDCMode:0brightness=572threshold=260
07-25 14:42:02.223 D/OplusFeatureDCBacklight( 1923): notifySfRepaintEverything begin mCurrentDCMode:0brightness=466threshold=260
07-25 14:42:02.239 D/OplusFeatureDCBacklight( 1923): notifySfRepaintEverything begin mCurrentDCMode:0brightness=360threshold=260
07-25 14:42:02.256 D/OplusFeatureDCBacklight( 1923): notifySfRepaintEverything begin mCurrentDCMode:0brightness=254threshold=260
07-25 14:42:02.272 D/OplusFeatureDCBacklight( 1923): notifySfRepaintEverything begin mCurrentDCMode:0brightness=148threshold=260
07-25 14:42:02.289 D/OplusFeatureDCBacklight( 1923): notifySfRepaintEverything begin mCurrentDCMode:0brightness=42threshold=260
07-25 14:42:02.296 D/OplusFeatureHDREnhanceBrightness( 1923): setAnimating : displayId[0]=false
07-25 14:42:02.296 D/OplusFeatureReduceBrightness( 1923): setAnimating : animating = false
07-25 14:42:02.296 D/OplusFeatureEdrEnhanceBrightness( 1923): setAnimating: false
07-25 14:42:02.297 I/OplusSmartBrightnessController( 1923): handleMessage MSG_SET_SETTINGS_MIN_BRI_PREVIEW false
07-25 14:42:02.297 D/OplusFeaturePwEdrEnhanceBrightness( 1923): setAnimating: false
07-25 14:42:02.304 D/OplusFeatureDCBacklight( 1923): notifySfRepaintEverything begin mCurrentDCMode:0brightness=12threshold=260
07-25 14:42:02.576 V/DebugLogService( 1923): LFEService, onServiceDisconnected
07-25 14:42:02.578 W/ActivityManager( 1923): Exception when unbinding service com.oplus.lfeh/.service.LogFileEncrypterService
07-25 14:42:02.578 W/ActivityManager( 1923): android.os.DeadObjectException
07-25 14:42:02.578 W/ActivityManager( 1923): 	at android.os.BinderProxy.transactNative(Native Method)
07-25 14:42:02.578 W/ActivityManager( 1923): 	at android.os.BinderProxy.transact(BinderProxy.java:685)
07-25 14:42:02.578 W/ActivityManager( 1923): 	at android.app.IApplicationThread$Stub$Proxy.scheduleUnbindService(IApplicationThread.java:1590)
