07-25 14:42:10.608 V/WindowManager( 1923): Changing focus from null to Window{c31e6ba u0 NotificationShade},diplayid=0
07-25 14:42:10.617 D/WindowManager( 1923): BarWindow--setVisible: id=2, oldState=0, state=2 call: 
07-25 14:42:10.635 W/VRI[OplusOSEdgeFloatBar](14625): handleResized abandoned!
07-25 14:42:11.207 W/VRI[StatusBar](14113): handleResized abandoned!
07-25 14:42:11.208 W/VRI[NotificationShade](14113): handleResized abandoned!
07-25 14:42:11.318 W/ProcessStats( 1923): Tracking association SourceState{357f7b6 com.oplus.statistics.rom/10090 BFgs #10526936} whose proc state 4 is better than process ProcessState{d546e1a com.heytap.market/10336 pkg=com.heytap.market} proc state 6 (94 skipped)
07-25 14:42:11.321 I/OplusStatusBarManagerServiceEnhance( 1923):  getTopIsFullscreen mTopIsFullscreen: false
07-25 14:42:11.322 D/NotificationService--OplusNotificationManagerServiceExtImpl( 1923): isForwardToAssistants: false, case : Is in mMcsNotInterceptPkgList or is isSystemApp
07-25 14:42:11.322 D/NotificationService( 1923): This application enqueue notifications is not need postDelayed
07-25 14:42:11.763 I/keystore2(  702): system/security/keystore2/src/watchdog.rs:319 - Watchdog thread idle -> terminating. Have a great day.
07-25 14:42:12.376 D/OplusFeatureAOD( 1923): key:1923 tmp:1
07-25 14:42:12.377 D/DisplayPowerController[0]( 1923): requestPowerState: policy=DOZE, useProximitySensor=false, screenBrightnessOverride=-1.0, useAutoBrightness=false, screenAutoBrightnessAdjustmentOverride=NaN, screenLowPowerBrightnessFactor=1.0, blockScreenOn=false, lowPowerMode=false, boostScreenBrightness=false, dozeScreenBrightness=NaN, dozeScreenState=DOZE_SUSPEND, waitForNegativeProximity=false displayReady=false pendingRequest=true
07-25 14:42:12.377 D/VRR [OPlusRefreshRateService]( 1923): handleScreenStateChange state: 4
07-25 14:42:12.377 D/DisplayManagerServiceExtImpl( 1923): request size(1,1),dpc=com.android.server.display.DisplayPowerController@65c876f size(0,1),flags=0X200F,id(0,0,local:4627039422300187648),enable=true,ready=false,waitForNegativeProximity=false policy=DOZE,useProximitySensor=false,dozeState=DOZE_SUSPEND,screenBrightnessOverride=-1.000000,useAuto=false,lowPower=false,lowPowerFactor=1.000000
07-25 14:42:12.380 D/BackLightStat( 1923): setScreenState: state changed:DOZE->DOZE_SUSPEND
07-25 14:42:12.384 D/OplusSmartBrightnessController( 1923): add for debug Aod brightness set 1.0
07-25 14:42:12.385 D/DisplayPowerState[0]( 1923): Updating screen state: id=0, state=DOZE_SUSPEND, backlight=1.0, sdrBacklight=1.0
07-25 14:42:12.387 D/OplusSmartBrightnessController( 1923): requestDisplayState isFirstDisplay=true state=4 globalDisplayState=0x7
07-25 14:42:12.387 D/LocalDisplayAdapter( 1923): setDisplayState(id=4627039422300187648 isFirstDisplay=true state changed:DOZE->DOZE_SUSPEND) t-Name=PhotonicModulator
07-25 14:42:12.388 I/DisplayDeviceRepository( 1923): Display device changed state: "Built-in screen", DOZE_SUSPEND
07-25 14:42:12.388 D/LogicalDisplayExt( 1923): set displayInfo flag FLAG_ROTATES_WITH_CONTENT
07-25 14:42:12.392 D/DisplayManagerServiceExtImpl( 1923): scheduleTraversalLocked intraversal=false
07-25 14:42:12.392 I/DisplayManagerServiceExtImpl( 1923): handle logical display changed logicalDisplay=id=0,stack=0,content=true,displayInfo{stack=0,type=1,id=0,uId=local:4627039422300187648,state=DOZE_SUSPEND,pkg=null}
07-25 14:42:12.392 D/DisplayManagerService( 1923): Delivering display event: displayId=0, event=2
07-25 14:42:12.393 I/WallpaperManagerServiceExt( 1923): removeDisplayData. displayId = 0
07-25 14:42:12.398 D/DisplayManagerService( 1923): Ignore redundant display event 0/2 to 10249/15193
07-25 14:42:12.399 D/DisplayManagerService( 1923): Ignore redundant display event 0/2 to 10136/15605
07-25 14:42:12.399 D/DisplayManagerService( 1923): Ignore redundant display event 0/2 to 10439/18436
07-25 14:42:12.400 D/DisplayManagerService( 1923): MSG_REQUEST_TRAVERSAL pendingCompleted=false
07-25 14:42:12.403 D/DisplayManagerService( 1923): performTraversalInternal pendingTraversal
07-25 14:42:12.403 D/DisplayDevice( 1923): setLayerStackLocked id=local:4627039422300187648 token=android.os.BinderProxy@dde947c stack=0->0
07-25 14:42:12.410 D/OplusVFXScreenEffectFeature( 1923): notifySFCompatWindowStateChange entered false
07-25 14:42:12.411 D/FlexibleWindowManager( 1923): physicalDisplayChangedForFlexibleWindow displayId 0, current display info 1080 x 2412, new display info 1080 x 2412
07-25 14:42:12.411 D/FlexibleTaskController( 1923): onDisplayChanged displayId#0 ,cur:1080x2412 ,new:1080x2412
07-25 14:42:12.411 D/FlexibleTaskController( 1923): onDisplayChanged displayId not support flexible.
07-25 14:42:12.411 D/FlexibleWindowManager( 1923): physicalDisplayChangedForFlexibleWindow return for unsupported devices
07-25 14:42:12.420 I/DisplayDeviceRepository( 1923): Display device changed state: "Built-in screen", DOZE_SUSPEND
07-25 14:42:12.420 D/LogicalDisplayExt( 1923): set displayInfo flag FLAG_ROTATES_WITH_CONTENT
07-25 14:42:12.420 D/OplusSmartBrightnessController( 1923): add for debug Aod brightness set 1.0
07-25 14:42:12.422 D/DisplayManagerServiceExtImpl( 1923): scheduleTraversalLocked intraversal=false
07-25 14:42:12.422 I/DisplayManagerServiceExtImpl( 1923): handle logical display changed logicalDisplay=id=0,stack=0,content=true,displayInfo{stack=0,type=1,id=0,uId=local:4627039422300187648,state=DOZE_SUSPEND,pkg=null}
07-25 14:42:12.422 D/DisplayManagerService( 1923): Delivering display event: displayId=0, event=2
07-25 14:42:12.423 I/WallpaperManagerServiceExt( 1923): removeDisplayData. displayId = 0
07-25 14:42:12.425 D/DisplayManagerService( 1923): Ignore redundant display event 0/2 to 10121/11151
07-25 14:42:12.425 D/DisplayManagerService( 1923): Ignore redundant display event 0/2 to 10249/15193
07-25 14:42:12.425 D/DisplayManagerService( 1923): Ignore redundant display event 0/2 to 10136/15605
07-25 14:42:12.425 D/DisplayManagerService( 1923): Ignore redundant display event 0/2 to 10093/15647
07-25 14:42:12.425 D/DisplayManagerService( 1923): Ignore redundant display event 0/2 to 10439/18436
07-25 14:42:12.426 D/DisplayManagerService( 1923): MSG_REQUEST_TRAVERSAL pendingCompleted=false
07-25 14:42:12.428 D/OplusVFXScreenEffectFeature( 1923): notifySFCompatWindowStateChange entered false
07-25 14:42:12.428 D/FlexibleWindowManager( 1923): physicalDisplayChangedForFlexibleWindow displayId 0, current display info 1080 x 2412, new display info 1080 x 2412
07-25 14:42:12.428 D/FlexibleTaskController( 1923): onDisplayChanged displayId#0 ,cur:1080x2412 ,new:1080x2412
07-25 14:42:12.428 D/FlexibleTaskController( 1923): onDisplayChanged displayId not support flexible.
07-25 14:42:12.428 D/FlexibleWindowManager( 1923): physicalDisplayChangedForFlexibleWindow return for unsupported devices
07-25 14:42:12.436 D/DisplayManagerService( 1923): performTraversalInternal pendingTraversal
07-25 14:42:12.437 D/DisplayDevice( 1923): setLayerStackLocked id=local:4627039422300187648 token=android.os.BinderProxy@dde947c stack=0->0
07-25 14:42:13.178 W/BatteryStatsService( 1923): Unknown sensor handle 76 received in noteWakeupSensorEvent
07-25 14:42:13.276 D/OplusProxyWakeLock( 1923): add uid: 10249 wakelock: lock:194464761 PARTIAL_WAKE_LOCK              'Metri' DISABLED (uid=10249 pid=15193)to FroceReleaseWakeLock list
07-25 14:42:13.277 D/DisplayPowerController[0]( 1923): requestPowerState: policy=DOZE, useProximitySensor=false, screenBrightnessOverride=-1.0, useAutoBrightness=false, screenAutoBrightnessAdjustmentOverride=NaN, screenLowPowerBrightnessFactor=1.0, blockScreenOn=false, lowPowerMode=false, boostScreenBrightness=false, dozeScreenBrightness=NaN, dozeScreenState=DOZE_SUSPEND, waitForNegativeProximity=true displayReady=false pendingRequest=true
07-25 14:42:13.277 D/DisplayManagerServiceExtImpl( 1923): request size(1,1),dpc=com.android.server.display.DisplayPowerController@65c876f size(0,1),flags=0X200F,id(0,0,local:4627039422300187648),enable=true,ready=false,waitForNegativeProximity=true policy=DOZE,useProximitySensor=false,dozeState=DOZE_SUSPEND,screenBrightnessOverride=-1.000000,useAuto=false,lowPower=false,lowPowerFactor=1.000000
07-25 14:42:13.283 D/DisplayManagerServiceExtImpl( 1923): request size(1,1),dpc=com.android.server.display.DisplayPowerController@65c876f size(0,1),flags=0X200F,id(0,0,local:4627039422300187648),enable=true,ready=true,waitForNegativeProximity=false policy=DOZE,useProximitySensor=false,dozeState=DOZE_SUSPEND,screenBrightnessOverride=-1.000000,useAuto=false,lowPower=false,lowPowerFactor=1.000000
07-25 14:42:13.755 W/AppOps  ( 1923): Noting op not finished: uid 10097 pkg com.google.android.gms code 113 startTime of in progress event=1753433529727
07-25 14:42:13.770 W/AppOps  ( 1923): Noting op not finished: uid 10097 pkg com.google.android.gms code 113 startTime of in progress event=1753433529727
07-25 14:42:13.779 W/AppOps  ( 1923): Noting op not finished: uid 10097 pkg com.google.android.gms code 113 startTime of in progress event=1753433529727
07-25 14:42:13.791 W/AppOps  ( 1923): Noting op not finished: uid 10097 pkg com.google.android.gms code 113 startTime of in progress event=1753433529727
07-25 14:42:14.022 V/AlarmManager( 1923): sending alarm Alarm{8df92c5 type 2 origWhen 4077837198 whenElapsed 4077837200 com.android.systemui} uid 10175 whenElapsed 4077837200 windowLength 0 maxWhenElapsed 4077837200 repeatInterval 0 action com.android.internal.policy.impl.PhoneWindowManager.DELAYED_KEYGUARD component null flags 0x9 procName com.android.systemui
07-25 14:42:14.046 E/OplusCustomizeRestrictionManagerService( 1923): isBiometricDisabled start
07-25 14:42:14.046 D/BiometricService( 1923): Sensor ID(4), oemStrength: 4095, updatedStrength: 4095, modality 8, state: 0, cookie: 0, sensorId 4, hasEnrollments: false cannot participate in Keystore operations
07-25 14:42:14.051 E/OplusCustomizeRestrictionManagerService( 1923): isBiometricDisabled start
07-25 14:42:14.053 I/keystore2(  702): system/security/keystore2/src/authorization.rs:143 - on_lock_screen_event(r#LOCK, user_id=0, password.is_some()=false, unlocking_sids=Some([3090993076663296987]))
07-25 14:42:14.054 I/keystore2(  702): system/security/keystore2/src/super_key.rs:930 - Locking screen bound for user 0 sids [3090993076663296987]
07-25 14:42:14.056 E/OplusCustomizeRestrictionManagerService( 1923): isBiometricDisabled start
07-25 14:42:14.057 D/LockSettingsService( 1923): [getStrongAuthForUser]  userId = 0
07-25 14:42:14.057 D/BiometricUtils( 1923): isEncrypted: false isLockdown: false
07-25 14:42:14.058 D/BiometricScheduler/Fingerprint21( 1923): [Added] {[49829] com.android.server.biometrics.sensors.fingerprint.hidl.FingerprintUpdateActiveUserClient, proto=1, owner=android, cookie=0, requestId=-1, userId=0}, new queue size: 1, interruptable: false
07-25 14:42:14.059 D/BiometricScheduler/Fingerprint21( 1923): [Polled] {[49829] com.android.server.biometrics.sensors.fingerprint.hidl.FingerprintUpdateActiveUserClient, proto=1, owner=android, cookie=0, requestId=-1, userId=0}, State: 0
07-25 14:42:14.059 D/BiometricScheduler/Fingerprint21( 1923): [Started] {[49829] com.android.server.biometrics.sensors.fingerprint.hidl.FingerprintUpdateActiveUserClient, proto=1, owner=android, cookie=0, requestId=-1, userId=0}
07-25 14:42:14.059 D/FingerprintUpdateActiveUserClient( 1923): Already user: com.android.server.biometrics.sensors.fingerprint.hidl.Fingerprint21$$ExternalSyntheticLambda1@ec1d127, returning
07-25 14:42:14.059 D/BiometricSchedulerOperation( 1923): [Finished / destroy]: {[49829] com.android.server.biometrics.sensors.fingerprint.hidl.FingerprintUpdateActiveUserClient, proto=1, owner=android, cookie=0, requestId=-1, userId=0}
07-25 14:42:14.060 V/BiometricSchedulerOperation( 1923): started: {[49829] com.android.server.biometrics.sensors.fingerprint.hidl.FingerprintUpdateActiveUserClient, proto=1, owner=android, cookie=0, requestId=-1, userId=0}, State: 5
07-25 14:42:14.063 D/BiometricScheduler/Fingerprint21( 1923): [Added] {[49830] com.android.server.biometrics.sensors.fingerprint.hidl.FingerprintAuthenticationClient, proto=3, owner=com.android.systemui, cookie=0, requestId=22839, userId=0}, new queue size: 1, interruptable: true
07-25 14:42:14.063 V/BiometricScheduler/Fingerprint21( 1923): Not idle, current operation: {[49829] com.android.server.biometrics.sensors.fingerprint.hidl.FingerprintUpdateActiveUserClient, proto=1, owner=android, cookie=0, requestId=-1, userId=0}, State: 5
07-25 14:42:14.063 D/BiometricScheduler/Fingerprint21( 1923): [Finishing] {[49829] com.android.server.biometrics.sensors.fingerprint.hidl.FingerprintUpdateActiveUserClient, proto=1, owner=android, cookie=0, requestId=-1, userId=0}, success: true
07-25 14:42:14.063 D/BiometricScheduler/Fingerprint21( 1923): [Polled] {[49830] com.android.server.biometrics.sensors.fingerprint.hidl.FingerprintAuthenticationClient, proto=3, owner=com.android.systemui, cookie=0, requestId=22839, userId=0}, State: 0
07-25 14:42:14.063 D/GestureAvailabilityTracker( 1923): Notifying gesture availability, active=false
07-25 14:42:14.063 D/BiometricScheduler/Fingerprint21( 1923): [Started] {[49830] com.android.server.biometrics.sensors.fingerprint.hidl.FingerprintAuthenticationClient, proto=3, owner=com.android.systemui, cookie=0, requestId=22839, userId=0}
07-25 14:42:14.063 D/BiometricStateCallback( 1923): State updated from 0 to 2, client {[49830] com.android.server.biometrics.sensors.fingerprint.hidl.FingerprintAuthenticationClient, proto=3, owner=com.android.systemui, cookie=0, requestId=22839, userId=0}
07-25 14:42:14.064 D/Biometrics/AuthenticationClient( 1923): Requesting auth for com.android.systemui
07-25 14:42:14.064 D/Biometrics/Fingerprint/UdfpsHelperExtImpl( 1923): preShowUdfpsOverlay sensor:0 reason:4
07-25 14:42:14.064 D/VRR [OPlusExternalRefreshRateManager]( 1923): setStatus with: 1
07-25 14:42:14.064 D/VRR [OPlusExternalRefreshRateManager]( 1923): setStatus from 0 to 1
07-25 14:42:14.064 D/VRR [OPlusExternalRefreshRateManager]( 1923): max rate from mRefreshRateConfigs is 120.00001, change to 120hz for fingerprint
07-25 14:42:14.064 D/VRR [OPlusExternalRefreshRateManager]( 1923): keep max rate is: 120.0
07-25 14:42:14.064 D/VRR [OPlusSurfaceFlingerController]( 1923):  setMiscExclusiveMode : 120
07-25 14:42:14.065 D/VRR [OPlusExternalRefreshRateManager]( 1923): setTouchIdleKeepHight enable: true
07-25 14:42:14.065 D/RefreshRate( 1923): setDisplayConfigSpecs display is sleeping,do nothing 
07-25 14:42:14.066 D/RefreshRate( 1923): keepHighRefreshRate status=1: votes=PRIORITY_FOD_SHOW -> Vote{mRefreshRate=120.0, mMinRefreshRate=120.0};PRIORITY_HIGH_TEMPERATURE -> Vote{mRefreshRate=60.0, mMinRefreshRate=60.0};PRIORITY_WINDOW_REQUEST -> Vote{mRefreshRate=60.0, mMinRefreshRate=60.0};
07-25 14:42:14.069 D/RefreshRate( 1923): refresh rate changing from  60.0 to 120.00001,maxRefreshRate=120.00001 for  ;keyguardShown:3,votes{PRIORITY_FOD_SHOW -> Vote{mRefreshRate=120.0, mMinRefreshRate=120.0};PRIORITY_HIGH_TEMPERATURE -> Vote{mRefreshRate=60.0, mMinRefreshRate=60.0};PRIORITY_WINDOW_REQUEST -> Vote{mRefreshRate=120.0, mMinRefreshRate=120.0};},time:2025-07-25 09:12:14
07-25 14:42:14.069 D/DisplayManagerServiceExtImpl( 1923): scheduleTraversalLocked intraversal=false
07-25 14:42:14.069 D/DisplayManagerService( 1923): MSG_REQUEST_TRAVERSAL pendingCompleted=false
07-25 14:42:14.070 D/OplusUserManagerServiceEnhance( 1923): getMultiSystemUserId  res = -10000
07-25 14:42:14.077 V/BiometricSchedulerOperation( 1923): started: {[49830] com.android.server.biometrics.sensors.fingerprint.hidl.FingerprintAuthenticationClient, proto=3, owner=com.android.systemui, cookie=0, requestId=22839, userId=0}, State: 2
07-25 14:42:14.078 V/KeyguardStatusViewController(14113): refresh statusview visible:true
07-25 14:42:14.078 D/DisplayManagerService( 1923): performTraversalInternal pendingTraversal
07-25 14:42:14.079 D/DisplayDevice( 1923): setLayerStackLocked id=local:4627039422300187648 token=android.os.BinderProxy@dde947c stack=0->0
07-25 14:42:14.079 D/LocalDisplayAdapter( 1923): setDesiredDisplayModeSpecsAsync: display unique id = local:4627039422300187648, display mode specs = defaultMode=1 allowGroupSwitching=false primaryRanges=physical: (0.0 Infinity) render:  (0.0 120.0) appRequestRanges=physical: (0.0 Infinity) render:  (0.0 120.0)
07-25 14:42:14.085 D/OplusFeatureAOD( 1923): key:1923 tmp:3
07-25 14:42:14.085 D/DisplayPowerController[0]( 1923): requestPowerState: policy=DOZE, useProximitySensor=false, screenBrightnessOverride=-1.0, useAutoBrightness=false, screenAutoBrightnessAdjustmentOverride=NaN, screenLowPowerBrightnessFactor=1.0, blockScreenOn=false, lowPowerMode=false, boostScreenBrightness=false, dozeScreenBrightness=NaN, dozeScreenState=DOZE, waitForNegativeProximity=false displayReady=false pendingRequest=true
07-25 14:42:14.085 D/DisplayManagerServiceExtImpl( 1923): request size(1,1),dpc=com.android.server.display.DisplayPowerController@65c876f size(0,1),flags=0X200F,id(0,0,local:4627039422300187648),enable=true,ready=false,waitForNegativeProximity=false policy=DOZE,useProximitySensor=false,dozeState=DOZE,screenBrightnessOverride=-1.000000,useAuto=false,lowPower=false,lowPowerFactor=1.000000
07-25 14:42:14.089 V/BiometricLogger( 1923): Acquired! Modality: 1, User: 0, IsCrypto: false, Action: 2, Client: 1, AcquiredInfo: 6, VendorCode: 6
07-25 14:42:14.090 V/Biometrics/AcquisitionClient( 1923): Acquired: 6 6, shouldSend: true
07-25 14:42:14.091 D/BackLightStat( 1923): setScreenState: state changed:DOZE_SUSPEND->DOZE
07-25 14:42:14.093 D/OplusSmartBrightnessController( 1923): add for debug Aod brightness set 1.0
07-25 14:42:14.094 D/DeviceStateProviderImpl( 1923): keyguard show or sleep: true mLastReportedState 0
07-25 14:42:14.094 D/DisplayPowerState[0]( 1923): Updating screen state: id=0, state=DOZE, backlight=1.0, sdrBacklight=1.0
07-25 14:42:14.096 D/VRR [OPlusRefreshRateService]( 1923): handleScreenStateChange state: 3
07-25 14:42:14.096 D/OplusSmartBrightnessController( 1923): requestDisplayState isFirstDisplay=true state=3 globalDisplayState=0x7
07-25 14:42:14.096 D/LocalDisplayAdapter( 1923): setDisplayState(id=4627039422300187648 isFirstDisplay=true state changed:DOZE_SUSPEND->DOZE) t-Name=PhotonicModulator
07-25 14:42:14.103 V/WindowManager( 1923): Relayout Window{70727e4 u0 OnScreenFingerprintIcon}: viewVisibility=0, oldvis=8, req=1080x1080, vsysui=
07-25 14:42:14.103 D/OplusInterceptLockScreenWindow( 1923): starting IOplusLockScreenCallbacks service...
07-25 14:42:14.103 I/WindowManager( 1923): Window{70727e4 u0 OnScreenFingerprintIcon} state from NO_SURFACE to DRAW_PENDING; reason: resetDrawState
07-25 14:42:14.103 V/UsbDeviceManager( 1923): onKeyguardStateChanged: isShowing:true secure:true user:0
07-25 14:42:14.105 D/vold    (  593): Cannot find key for 0
07-25 14:42:14.105 D/vold    (  593): Cannot find key for 0
07-25 14:42:14.105 I/vold    (  593): evict_sensitive_key: 1,sensitiveType=0
07-25 14:42:14.105 I/vold    (  593): evict_sensitive_key: 1
07-25 14:42:14.108 D/vold    (  593): Cannot find key for 0
07-25 14:42:14.108 D/vold    (  593): Cannot find key for 0
07-25 14:42:14.108 I/vold    (  593): evict_sensitive_key: 1,sensitiveType=1
07-25 14:42:14.108 I/vold    (  593): evict_sensitive_key: 1
07-25 14:42:14.108 E/OplusStorageManagerFeature( 1923): clear Ae Be key
07-25 14:42:14.115 D/WindowManager( 1923): updateOrientation: mLastOrientation = SCREEN_ORIENTATION_NOSENSOR(5) newOrientation = SCREEN_ORIENTATION_PORTRAIT(1) forceUpdate = false LastOrientationSource = Window{70727e4 u0 OnScreenFingerprintIcon}
07-25 14:42:14.116 D/WindowManager( 1923): rotation(ROTATION_0) no changed.
07-25 14:42:14.119 D/OplusSmartBrightnessController( 1923): add for debug Aod brightness set 1.0
07-25 14:42:14.120 I/StatusBarManagerService( 1923): disableLocked, what:1000000, pkg:com.android.systemui userId: 0 token:android.os.BinderProxy@9591dbe net1:1000000 net2:0
07-25 14:42:14.127 D/PowerManagerService( 1923): userActivityNoUpdateLocked: groupId=0, eventTime=2006888897, event=other, flags=0x0, uid=10175
07-25 14:42:14.131 E/OplusCustomizeRestrictionManagerService( 1923): isBiometricDisabled start
07-25 14:42:14.133 D/LockSettingsService( 1923): [scheduleNonStrongBiometricIdleTimeout]  userId = 0
07-25 14:42:14.143 I/WindowManager( 1923): Window{70727e4 u0 OnScreenFingerprintIcon} state from DRAW_PENDING to COMMIT_DRAW_PENDING; reason: finishDrawingLocked
07-25 14:42:14.144 W/VRI[NotificationShade](14113): updateBlastSurfaceIfNeeded, surfaceSize:Point(1080, 2412), lastSurfaceSize:Point(1080, 2412), format:-3, blastBufferQueue:android.graphics.BLASTBufferQueue@2f1538d
07-25 14:42:14.144 V/WindowManager( 1923): Relayout Window{ffb3849 u0 OnScreenFingerprintPressedIcon}: viewVisibility=0, oldvis=8, req=187x187, vsysui=
07-25 14:42:14.145 I/WindowManager( 1923): Window{ffb3849 u0 OnScreenFingerprintPressedIcon} state from NO_SURFACE to DRAW_PENDING; reason: resetDrawState
07-25 14:42:14.146 D/VRR [OPlusRefreshRateService]( 1923): handleConfigIdChange physicalDisplayId: 4627039422300187648 configId: 0
07-25 14:42:14.148 I/DisplayDeviceRepository( 1923): Display device changed state: "Built-in screen", DOZE
07-25 14:42:14.148 D/LogicalDisplayExt( 1923): set displayInfo flag FLAG_ROTATES_WITH_CONTENT
07-25 14:42:14.152 D/DisplayManagerServiceExtImpl( 1923): scheduleTraversalLocked intraversal=false
07-25 14:42:14.152 I/DisplayManagerServiceExtImpl( 1923): handle logical display changed logicalDisplay=id=0,stack=0,content=true,displayInfo{stack=0,type=1,id=0,uId=local:4627039422300187648,state=DOZE,pkg=null}
07-25 14:42:14.153 I/WindowManager( 1923): Window{70727e4 u0 OnScreenFingerprintIcon} state from COMMIT_DRAW_PENDING to READY_TO_SHOW; reason: commitFinishDrawingLocked
07-25 14:42:14.153 I/DisplayDeviceRepository( 1923): Display device changed: DisplayDeviceInfo{"Built-in screen": uniqueId="local:4627039422300187648", 1080 x 2412, modeId 1, renderFrameRate 60.0, defaultModeId 1, supportedModes [{id=1, width=1080, height=2412, fps=60.0, alternativeRefreshRates=[90.0, 120.00001], supportedHdrTypes=[2, 3, 4]}, {id=2, width=1080, height=2412, fps=120.00001, alternativeRefreshRates=[60.0, 90.0], supportedHdrTypes=[2, 3, 4]}, {id=3, width=1080, height=2412, fps=90.0, alternativeRefreshRates=[60.0, 120.00001], supportedHdrTypes=[2, 3, 4]}], colorMode 0, supportedColorModes [0, 7, 9], hdrCapabilities HdrCapabilities{mSupportedHdrTypes=[2, 3, 4], mMaxLuminance=500.0, mMaxAverageLuminance=500.0, mMinLuminance=0.0}, allmSupported false, gameContentTypeSupported false, density 480, 391.885 x 395.256 dpi, appVsyncOff 1133334, presDeadline 16600000, cutout DisplayCutout{insets=Rect(0, 96 - 0, 0) waterfall=Insets{left=0, top=0, right=0, bottom=0} boundingRect={Bounds=[Rect(0, 0 - 0, 0), Rect(482, 0 - 598, 96), Rect(0, 0 - 0, 0), Rect(0, 0 - 0, 0)]} cutoutPathParserInfo={CutoutPathParserInfo{displayWidth=1080 displayHeight=2412 physicalDisplayWidth=1080 physicalDisplayHeight=2412 density={3.0} cutoutSpec={M -58,0 L -58,96 L 58,96 L 58,0 Z} rotation={0} scale={1.0} physicalPixelDisplaySizeRatio={1.0}}}}, touch INTERNAL, rotation 0, type INTERNAL, address {port=0, model=0x40368bd6e7ee6c}, deviceProductInfo DeviceProductInfo{name=MTKDEV, manufacturerPnpId=MTK, productId=35638, modelYear=null, manufactureDate=ManufactureDate{week=42, year=2021}, connectionToSinkType=0}, state DOZE, committedState DOZE, frameRateOverride , brightnessMinimum 0.0, brightnessMaximum 1.0, brightnessDefault 4614.92, hdrSdrRatio 1.0005853, backlightType 0, FLAG_ALLOWED_TO_BE_DEFAULT_DISPLAY, FLAG_ROTATES_WITH_CONTENT, FLAG_SECURE, FLAG_SUPPORTS_PROTECTED_BUFFERS, FLAG_TRUSTED, installOrientation 0, displayShape DisplayShape{ spec=1406003047 displayWidth=1080 displayHeight=2412 physicalPixelDisplaySizeRatio=1.0 rotation=0 offsetX=0 offsetY=0 scale=1.0}}
07-25 14:42:14.153 D/DisplayManagerService( 1923): Delivering display event: displayId=0, event=2
07-25 14:42:14.153 I/WindowManager( 1923): Window{70727e4 u0 OnScreenFingerprintIcon} state from READY_TO_SHOW to HAS_DRAWN; reason: performShowLocked
07-25 14:42:14.155 D/DisplayManagerService( 1923): performTraversalInternal pendingTraversal
07-25 14:42:14.155 D/DisplayDevice( 1923): setLayerStackLocked id=local:4627039422300187648 token=android.os.BinderProxy@dde947c stack=0->0
07-25 14:42:14.157 I/WallpaperManagerServiceExt( 1923): removeDisplayData. displayId = 0
07-25 14:42:14.160 D/DisplayManagerService( 1923): Ignore redundant display event 0/2 to 10121/11151
07-25 14:42:14.160 D/DisplayManagerService( 1923): Ignore redundant display event 0/2 to 10249/15193
07-25 14:42:14.161 D/DisplayManagerService( 1923): Ignore redundant display event 0/2 to 10136/15605
07-25 14:42:14.161 D/DisplayManagerService( 1923): Ignore redundant display event 0/2 to 10093/15647
07-25 14:42:14.161 D/DisplayManagerService( 1923): Ignore redundant display event 0/2 to 10439/18436
07-25 14:42:14.161 D/DisplayManagerService( 1923): MSG_REQUEST_TRAVERSAL pendingCompleted=false
07-25 14:42:14.165 W/FingerprintManager(14113): Invalid acquired message: 6, 6
07-25 14:42:14.184 D/OplusVFXScreenEffectFeature( 1923): notifySFCompatWindowStateChange entered false
07-25 14:42:14.184 D/FlexibleWindowManager( 1923): physicalDisplayChangedForFlexibleWindow displayId 0, current display info 1080 x 2412, new display info 1080 x 2412
07-25 14:42:14.184 D/FlexibleTaskController( 1923): onDisplayChanged displayId#0 ,cur:1080x2412 ,new:1080x2412
07-25 14:42:14.184 D/FlexibleTaskController( 1923): onDisplayChanged displayId not support flexible.
07-25 14:42:14.184 D/FlexibleWindowManager( 1923): physicalDisplayChangedForFlexibleWindow return for unsupported devices
07-25 14:42:14.188 D/WindowManagerServiceExtImpl( 1923): extractConfigInfoAndRealFlags rotation=0, screenDp=720, win=Window{c31e6ba u0 NotificationShade}
07-25 14:42:14.188 V/WindowManager( 1923): Relayout Window{c31e6ba u0 NotificationShade}: viewVisibility=0, oldvis=0, req=1080x2412, vsysui=
07-25 14:42:14.192 I/DisplayDeviceRepository( 1923): Display device changed: DisplayDeviceInfo{"Built-in screen": uniqueId="local:4627039422300187648", 1080 x 2412, modeId 2, renderFrameRate 120.00001, defaultModeId 1, supportedModes [{id=1, width=1080, height=2412, fps=60.0, alternativeRefreshRates=[90.0, 120.00001], supportedHdrTypes=[2, 3, 4]}, {id=2, width=1080, height=2412, fps=120.00001, alternativeRefreshRates=[60.0, 90.0], supportedHdrTypes=[2, 3, 4]}, {id=3, width=1080, height=2412, fps=90.0, alternativeRefreshRates=[60.0, 120.00001], supportedHdrTypes=[2, 3, 4]}], colorMode 0, supportedColorModes [0, 7, 9], hdrCapabilities HdrCapabilities{mSupportedHdrTypes=[2, 3, 4], mMaxLuminance=500.0, mMaxAverageLuminance=500.0, mMinLuminance=0.0}, allmSupported false, gameContentTypeSupported false, density 480, 391.885 x 395.256 dpi, appVsyncOff 1099999, presDeadline 13300000, cutout DisplayCutout{insets=Rect(0, 96 - 0, 0) waterfall=Insets{left=0, top=0, right=0, bottom=0} boundingRect={Bounds=[Rect(0, 0 - 0, 0), Rect(482, 0 - 598, 96), Rect(0, 0 - 0, 0), Rect(0, 0 - 0, 0)]} cutoutPathParserInfo={CutoutPathParserInfo{displayWidth=1080 displayHeight=2412 physicalDisplayWidth=1080 physicalDisplayHeight=2412 density={3.0} cutoutSpec={M -58,0 L -58,96 L 58,96 L 58,0 Z} rotation={0} scale={1.0} physicalPixelDisplaySizeRatio={1.0}}}}, touch INTERNAL, rotation 0, type INTERNAL, address {port=0, model=0x40368bd6e7ee6c}, deviceProductInfo DeviceProductInfo{name=MTKDEV, manufacturerPnpId=MTK, productId=35638, modelYear=null, manufactureDate=ManufactureDate{week=42, year=2021}, connectionToSinkType=0}, state DOZE, committedState DOZE, frameRateOverride , brightnessMinimum 0.0, brightnessMaximum 1.0, brightnessDefault 4614.92, hdrSdrRatio 1.0005853, backlightType 0, FLAG_ALLOWED_TO_BE_DEFAULT_DISPLAY, FLAG_ROTATES_WITH_CONTENT, FLAG_SECURE, FLAG_SUPPORTS_PROTECTED_BUFFERS, FLAG_TRUSTED, installOrientation 0, displayShape DisplayShape{ spec=1406003047 displayWidth=1080 displayHeight=2412 physicalPixelDisplaySizeRatio=1.0 rotation=0 offsetX=0 offsetY=0 scale=1.0}}
07-25 14:42:14.192 D/LogicalDisplayExt( 1923): set displayInfo flag FLAG_ROTATES_WITH_CONTENT
07-25 14:42:14.194 D/DisplayManagerServiceExtImpl( 1923): scheduleTraversalLocked intraversal=false
07-25 14:42:14.194 I/DisplayManagerServiceExtImpl( 1923): handle logical display changed logicalDisplay=id=0,stack=0,content=true,displayInfo{stack=0,type=1,id=0,uId=local:4627039422300187648,state=DOZE,pkg=null}
07-25 14:42:14.195 D/DisplayManagerService( 1923): Delivering display event: displayId=0, event=2
07-25 14:42:14.195 D/DisplayManagerService( 1923): performTraversalInternal pendingTraversal
07-25 14:42:14.195 D/DisplayDevice( 1923): setLayerStackLocked id=local:4627039422300187648 token=android.os.BinderProxy@dde947c stack=0->0
07-25 14:42:14.196 I/WallpaperManagerServiceExt( 1923): removeDisplayData. displayId = 0
07-25 14:42:14.201 D/DisplayManagerService( 1923): performTraversalInternal pendingTraversal
07-25 14:42:14.201 D/DisplayDevice( 1923): setLayerStackLocked id=local:4627039422300187648 token=android.os.BinderProxy@dde947c stack=0->0
07-25 14:42:14.204 D/DisplayManagerService( 1923): Ignore redundant display event 0/2 to 10121/11151
07-25 14:42:14.204 D/SystemServerTiming( 1923): getUserSwitchability-0
07-25 14:42:14.205 D/SystemServerTiming( 1923): TM.isInCall
07-25 14:42:14.205 D/DisplayManagerService( 1923): Ignore redundant display event 0/2 to 10249/15193
07-25 14:42:14.206 D/DisplayManagerService( 1923): Ignore redundant display event 0/2 to 10136/15605
07-25 14:42:14.206 D/DisplayManagerService( 1923): Ignore redundant display event 0/2 to 10093/15647
07-25 14:42:14.207 D/DisplayManagerService( 1923): Ignore redundant display event 0/2 to 10439/18436
07-25 14:42:14.207 D/SystemServerTiming( 1923): hasUserRestriction-DISALLOW_USER_SWITCH
07-25 14:42:14.207 D/SystemServerTiming( 1923): getInt-ALLOW_USER_SWITCHING_WHEN_SYSTEM_USER_LOCKED
07-25 14:42:14.208 D/DisplayManagerService( 1923): MSG_REQUEST_TRAVERSAL pendingCompleted=false
07-25 14:42:14.209 V/WindowManager( 1923): Relayout Window{76dde3e u0 NavigationBar_displayId_0}: viewVisibility=0, oldvis=0, req=1080x132, vsysui=
07-25 14:42:14.211 D/SystemServerTiming( 1923): isUserUnlocked-USER_SYSTEM
07-25 14:42:14.218 D/WindowManagerServiceExtImpl( 1923): extractConfigInfoAndRealFlags rotation=0, screenDp=360, win=Window{1624f7f u0 OnScreenFingerprintDimLayer}
07-25 14:42:14.223 V/WindowManager( 1923): Relayout Window{1624f7f u0 OnScreenFingerprintDimLayer}: viewVisibility=0, oldvis=8, req=1080x2412, vsysui=LAYOUT_STABLE LAYOUT_HIDE_NAVIGATION
07-25 14:42:14.224 I/WindowManager( 1923): Window{1624f7f u0 OnScreenFingerprintDimLayer} state from NO_SURFACE to DRAW_PENDING; reason: resetDrawState
07-25 14:42:14.241 W/VRI[OnScreenFingerprintDimLayer](14113): updateBlastSurfaceIfNeeded, surfaceSize:Point(1080, 2412), lastSurfaceSize:Point(1080, 2412), format:-2, blastBufferQueue:null
07-25 14:42:14.244 D/OplusVFXScreenEffectFeature( 1923): notifySFCompatWindowStateChange entered false
07-25 14:42:14.245 D/FlexibleWindowManager( 1923): physicalDisplayChangedForFlexibleWindow displayId 0, current display info 1080 x 2412, new display info 1080 x 2412
07-25 14:42:14.245 D/FlexibleTaskController( 1923): onDisplayChanged displayId#0 ,cur:1080x2412 ,new:1080x2412
07-25 14:42:14.245 D/FlexibleTaskController( 1923): onDisplayChanged displayId not support flexible.
07-25 14:42:14.245 D/FlexibleWindowManager( 1923): physicalDisplayChangedForFlexibleWindow return for unsupported devices
07-25 14:42:14.248 I/WindowManager( 1923): Window{ffb3849 u0 OnScreenFingerprintPressedIcon} state from DRAW_PENDING to COMMIT_DRAW_PENDING; reason: finishDrawingLocked
07-25 14:42:14.251 I/WindowManager( 1923): Window{ffb3849 u0 OnScreenFingerprintPressedIcon} state from COMMIT_DRAW_PENDING to READY_TO_SHOW; reason: commitFinishDrawingLocked
07-25 14:42:14.251 I/WindowManager( 1923): Window{ffb3849 u0 OnScreenFingerprintPressedIcon} state from READY_TO_SHOW to HAS_DRAWN; reason: performShowLocked
07-25 14:42:14.266 I/WindowManager( 1923): Window{1624f7f u0 OnScreenFingerprintDimLayer} state from DRAW_PENDING to COMMIT_DRAW_PENDING; reason: finishDrawingLocked
07-25 14:42:14.268 I/WindowManager( 1923): Window{1624f7f u0 OnScreenFingerprintDimLayer} state from COMMIT_DRAW_PENDING to READY_TO_SHOW; reason: commitFinishDrawingLocked
07-25 14:42:14.268 I/WindowManager( 1923): Window{1624f7f u0 OnScreenFingerprintDimLayer} state from READY_TO_SHOW to HAS_DRAWN; reason: performShowLocked
07-25 14:42:14.284 D/VRR [OPlusRefreshRateService]( 1923): handleConfigIdChange physicalDisplayId: 4627039422300187648 configId: 1
07-25 14:42:14.397 I/OplusStatusBarManagerServiceEnhance( 1923):  getTopIsFullscreen mTopIsFullscreen: false
07-25 14:42:14.398 D/NotificationService--OplusNotificationManagerServiceExtImpl( 1923): isForwardToAssistants: false, case : Is in mMcsNotInterceptPkgList or is isSystemApp
07-25 14:42:14.398 D/NotificationService( 1923): This application enqueue notifications is not need postDelayed
07-25 14:42:15.070 W/PackageManager( 1923): Not removing package com.google.android.trichromelibrary hosting lib com.google.android.trichromelibrary version 704907933 used by [VersionedPackage[com.android.chrome/704907933]] for user 0
07-25 14:42:15.071 W/PackageManager( 1923): Not removing package com.google.android.trichromelibrary hosting lib com.google.android.trichromelibrary version 720406833 used by [VersionedPackage[com.google.android.webview/720406833]] for user 0
07-25 14:42:15.336 I/OplusJoystickManager( 1923): read game pad state for game manager -> false
07-25 14:42:15.336 W/OplusJoystickManager( 1923): mInterceptGamepadKey is false
07-25 14:42:15.336 D/OplusCustomizeRestrictionManagerService( 1923): isLongPressVolumeUpDisabled start
07-25 14:42:15.339 D/StrategyBlackscreenshot( 1923): notifyKeyBeforeQueueing, event=KeyEvent { action=ACTION_DOWN, keyCode=KEYCODE_F4, scanCode=62, metaState=0, flags=0x8, repeatCount=0, eventTime=2006890094353000, downTime=2006890094353000, deviceId=3, source=0x101, displayId=-1 }, interactive=false
07-25 14:42:15.340 I/OplusJoystickManager( 1923): read game pad state for game manager -> false
07-25 14:42:15.340 W/OplusJoystickManager( 1923): mInterceptGamepadKey is false
07-25 14:42:15.340 D/OplusCustomizeRestrictionManagerService( 1923): isLongPressVolumeUpDisabled start
07-25 14:42:15.340 D/StrategyBlackscreenshot( 1923): notifyKeyBeforeQueueing, event=KeyEvent { action=ACTION_UP, keyCode=KEYCODE_F4, scanCode=62, metaState=0, flags=0x8, repeatCount=0, eventTime=2006890094404000, downTime=2006890094353000, deviceId=3, source=0x101, displayId=-1 }, interactive=false
07-25 14:42:15.342 E/OplusSplitScreenManagerService( 1923): shouldInterceptBackKeyForSplitScreen error! connection is null
07-25 14:42:15.343 D/OplusCustomizeRestrictionManagerService( 1923): isLongPressVolumeUpDisabled start
07-25 14:42:15.344 D/OplusCustomizeRestrictionManagerService( 1923): isLongPressVolumeUpDisabled start
07-25 14:42:15.348 E/Orms_ManagerInner( 1923): cannot connect to orms core service!
07-25 14:42:15.350 D/OplusPowerManagerHelper( 1923): [isFaceAutoUnlockEnabled]
07-25 14:42:15.352 E/OplusCustomizeRestrictionManagerService( 1923): isBiometricDisabled start
07-25 14:42:15.352 E/Biometrics_DEBUG( 1923): execute mBlockReasonList.clear
07-25 14:42:15.352 I/DisplayManagerService( 1923): unblockScreenOnByBiometrics displayId = 0
07-25 14:42:15.352 D/OplusFeatureAOD( 1923): notifySfUnBlockScreenOn
07-25 14:42:15.353 D/OplusPowerManagerHelper( 1923): scheduleNotifyStopDream
07-25 14:42:15.353 D/OplusPowerManagerHelper( 1923): [onWakeUp]
07-25 14:42:15.353 E/OplusCustomizeRestrictionManagerService( 1923): isBiometricDisabled start
07-25 14:42:15.353 D/OplusPowerManagerHelper( 1923): [requestKeyguard]
07-25 14:42:15.353 I/PowerGroup( 1923): Waking up power group from Dozing (groupId=0, uid=10175, reason=WAKE_REASON_APPLICATION, details=oplus.wakeup.gesture:DOUBLE_TAP_SCREEN)...
07-25 14:42:15.354 D/PowerManagerService( 1923): userActivityNoUpdateLocked: groupId=0, eventTime=2006890121, event=other, flags=0x0, uid=10175
07-25 14:42:15.354 D/OplusPowerManagerHelper( 1923): handleMessage:102
07-25 14:42:15.354 D/OplusPowerManagerHelper( 1923): MSG_STOP_DEAM
07-25 14:42:15.354 I/DreamManagerService( 1923): Leaving dreamland.
07-25 14:42:15.354 I/PowerManagerService( 1923): Waking up from Dozing (uid=10175, reason=WAKE_REASON_APPLICATION, details=oplus.wakeup.gesture:DOUBLE_TAP_SCREEN)...
07-25 14:42:15.358 D/OplusVFXScreenEffectFeature( 1923): notifySFUpdateVFXEffectState state VFX_SCREEN_POWER_ON NeedNotify true
07-25 14:42:15.359 D/OplusScreenOffTorchHelper( 1923): onWakeUp
07-25 14:42:15.360 D/DisplayPowerController[0]( 1923): requestPowerState: policy=BRIGHT, useProximitySensor=false, screenBrightnessOverride=-1.0, useAutoBrightness=false, screenAutoBrightnessAdjustmentOverride=NaN, screenLowPowerBrightnessFactor=1.0, blockScreenOn=false, lowPowerMode=false, boostScreenBrightness=false, dozeScreenBrightness=NaN, dozeScreenState=UNKNOWN, waitForNegativeProximity=false displayReady=false pendingRequest=true
07-25 14:42:15.360 I/OplusSmartBrightnessController( 1923): handleMessage MSG_UPDATE_BRIGHTNESS_NO_ANIMATION changed:true
07-25 14:42:15.360 D/DisplayManagerServiceExtImpl( 1923): request size(1,1),dpc=com.android.server.display.DisplayPowerController@65c876f size(0,1),flags=0X200F,id(0,0,local:4627039422300187648),enable=true,ready=false,waitForNegativeProximity=false policy=BRIGHT,useProximitySensor=false,dozeState=UNKNOWN,screenBrightnessOverride=-1.000000,useAuto=false,lowPower=false,lowPowerFactor=1.000000
07-25 14:42:15.361 E/ActivityManager( 1923): Cancel pending or running compactions as system is awake
07-25 14:42:15.367 D/OplusFeatureAOD( 1923): clearDozeStateMap
07-25 14:42:15.367 D/OplusSmartBrightnessController( 1923): onScreenEvent isScreenOn displayId[0]=true isFolding=false policy=BRIGHT
07-25 14:42:15.368 D/VRR [OPlusRefreshRateService]( 1923): handleScreenStateChange state: 2
07-25 14:42:15.369 D/DisplayPowerState[0]( 1923): setScreenState: state=2
07-25 14:42:15.369 D/BackLightStat( 1923): setScreenState: state changed:DOZE->ON
07-25 14:42:15.369 D/WindowManager( 1923): screenTurnedOn  Display{#0 state=DOZE size=1080x2412 ROTATION_0}
07-25 14:42:15.372 I/DreamController( 1923): Stopping dream: name=ComponentInfo{com.android.systemui/com.android.systemui.doze.DozeService}, isPreviewMode=false, canDoze=true, userId=0, reason='requested stopDream from power'
07-25 14:42:15.375 D/OplusVFXScreenEffectFeature( 1923):  setColorFadeLevel 1.0
07-25 14:42:15.375 D/OplusVFXScreenEffectFeature( 1923): notifySFUpdateVFXEffectState state BRIGHTNESS_CHANGED NeedNotify false
07-25 14:42:15.375 I/ColorAutomaticBrightnessController( 1923): updateAutoBrightness: Auto, sendUpdate = false adjustment=16060.784180,changed:12->4488,modified:4488->4488->4488,changed=true,cameraMode=-1,ProximityNear=false
07-25 14:42:15.376 D/OplusSmartBrightnessController( 1923): wakeup displayId[0]=6400 -> 0
07-25 14:42:15.376 I/OplusSmartBrightnessController( 1923): setPowerOnRealTimeBrightness 2131.0
07-25 14:42:15.376 D/OplusFeatureHDREnhanceBrightness( 1923): setAnimating : displayId[0]=false
07-25 14:42:15.376 D/OplusFeatureReduceBrightness( 1923): setAnimating : animating = false
07-25 14:42:15.376 D/OplusFeatureEdrEnhanceBrightness( 1923): setAnimating: false
07-25 14:42:15.376 D/OplusFeaturePwEdrEnhanceBrightness( 1923): setAnimating: false
07-25 14:42:15.376 D/DpcExtImpl[0]( 1923): Animating brightness: target=0->2131,rate=6400->0,type=manual,byUse=false local:4627039422300187648
07-25 14:42:15.376 I/OplusSmartBrightnessController( 1923): handleMessage MSG_SET_SETTINGS_MIN_BRI_PREVIEW false
07-25 14:42:15.376 D/DisplayPowerController[0]( 1923): updatePowerStateInternal policy:DOZE->BRIGHT,state:DOZE->ON policy=BRIGHT, useProximitySensor=false, screenBrightnessOverride=-1.0, useAutoBrightness=false, screenAutoBrightnessAdjustmentOverride=NaN, screenLowPowerBrightnessFactor=1.0, blockScreenOn=false, lowPowerMode=false, boostScreenBrightness=false, dozeScreenBrightness=NaN, dozeScreenState=UNKNOWN
07-25 14:42:15.377 D/DisplayPowerState[0]( 1923): Updating screen state: id=0, state=ON, backlight=2131.0, sdrBacklight=2131.0
07-25 14:42:15.382 W/ContextImpl( 1923): Calling a method in the system process without a qualified user: android.app.ContextImpl.sendBroadcast:1247 com.android.server.policy.PhoneWindowManagerExtImpl$4.run:1373 java.lang.Thread.run:1012 <bottom of call stack> <bottom of call stack> 
07-25 14:42:15.383 I/LocalDisplayAdapterExtImpl( 1923): power on! sync real time brightness:2131.0 isFirst=true
07-25 14:42:15.389 I/DisplayDeviceRepository( 1923): Display device changed state: "Built-in screen", ON
07-25 14:42:15.389 D/LogicalDisplayExt( 1923): set displayInfo flag FLAG_ROTATES_WITH_CONTENT
07-25 14:42:15.395 D/OplusUserManagerServiceEnhance( 1923): getMultiSystemUserId  res = -10000
07-25 14:42:15.399 W/ContextImpl( 1923): Calling a method in the system process without a qualified user: android.app.ContextImpl.sendBroadcast:1232 com.android.server.am.OplusAppStartupConfig.handleCountRestrictedList:1385 com.android.server.am.OplusAppStartupManager.updateScreenStatus:5102 com.android.server.OplusSysStateManager$LocalService.onWakefulnessChanged:417 com.android.server.power.NotifierExtImpl.onWakefulnessChanged:130 
07-25 14:42:15.401 D/DisplayManagerServiceExtImpl( 1923): scheduleTraversalLocked intraversal=false
07-25 14:42:15.401 I/DisplayManagerServiceExtImpl( 1923): handle logical display changed logicalDisplay=id=0,stack=0,content=true,displayInfo{stack=0,type=1,id=0,uId=local:4627039422300187648,state=ON,pkg=null}
07-25 14:42:15.402 D/OplusUserManagerServiceEnhance( 1923): getMultiSystemUserId  res = -10000
07-25 14:42:15.403 D/DisplayManagerService( 1923): Delivering display event: displayId=0, event=2
07-25 14:42:15.405 I/WallpaperManagerServiceExt( 1923): removeDisplayData. displayId = 0
07-25 14:42:15.407 D/OplusFeatureDCBacklight( 1923): notifySfRepaintEverything begin mCurrentDCMode:0brightness=2131threshold=260
07-25 14:42:15.407 D/DisplayManagerService( 1923): Ignore redundant display event 0/2 to 10121/11151
07-25 14:42:15.407 D/DisplayManagerService( 1923): Ignore redundant display event 0/2 to 10249/15193
07-25 14:42:15.408 D/DisplayManagerService( 1923): Ignore redundant display event 0/2 to 10136/15605
07-25 14:42:15.408 D/DisplayManagerService( 1923): Ignore redundant display event 0/2 to 10093/15647
07-25 14:42:15.408 D/DisplayManagerService( 1923): Ignore redundant display event 0/2 to 10439/18436
07-25 14:42:15.408 D/DisplayManagerService( 1923): MSG_REQUEST_TRAVERSAL pendingCompleted=false
07-25 14:42:15.414 D/DisplayManagerService( 1923): performTraversalInternal pendingTraversal
07-25 14:42:15.415 D/DisplayDevice( 1923): setLayerStackLocked id=local:4627039422300187648 token=android.os.BinderProxy@dde947c stack=0->0
07-25 14:42:15.423 D/DeviceStateProviderImpl( 1923): keyguard show or sleep: true mLastReportedState 0
07-25 14:42:15.424 V/UsbDeviceManager( 1923): onKeyguardStateChanged: isShowing:true secure:true user:0
07-25 14:42:15.428 D/OplusVFXScreenEffectFeature( 1923): notifySFCompatWindowStateChange entered false
07-25 14:42:15.429 D/FlexibleWindowManager( 1923): physicalDisplayChangedForFlexibleWindow displayId 0, current display info 1080 x 2412, new display info 1080 x 2412
07-25 14:42:15.429 D/FlexibleTaskController( 1923): onDisplayChanged displayId#0 ,cur:1080x2412 ,new:1080x2412
07-25 14:42:15.429 D/FlexibleTaskController( 1923): onDisplayChanged displayId not support flexible.
07-25 14:42:15.429 D/FlexibleWindowManager( 1923): physicalDisplayChangedForFlexibleWindow return for unsupported devices
07-25 14:42:15.429 D/FSS_FoldScreenBlackCoverController( 1923): displayChangeToOn, dc:Display{#0 state=ON size=1080x2412 ROTATION_0}
07-25 14:42:15.448 D/OplusProxyWakeLock( 1923): restore uid :10249  pid : 0 wakelock: lock:194464761 PARTIAL_WAKE_LOCK              'Metri' (uid=10249 pid=15193)
07-25 14:42:15.454 D/OplusSmartBrightnessController( 1923): brightness(primary) = 2131, brightness color = 2131.0, brightness nit = 24.574408,id:4627039422300187648 provider=false,verbose[auto=false,dragging=false,lowAnimating=false,hdrAnimating=false,needUpdate=true,window=false,dolbyRecord=false,edrEnhance=false,cover=false,isFirst=true,onlyOne=false,isDragAnimating=false,noAnim=true,state=ON,smbPreview=false]
07-25 14:42:15.455 D/OplusSmartBrightnessController( 1923): requestDisplayState isFirstDisplay=true state=2 globalDisplayState=0x7
07-25 14:42:15.455 D/LocalDisplayAdapter( 1923): setDisplayState(id=4627039422300187648 isFirstDisplay=true state changed:DOZE->ON) t-Name=PhotonicModulator
07-25 14:42:15.463 W/OplusStorageManagerFeature( 1923): turn screenOn, maintPrepared:false
07-25 14:42:15.464 D/vold    (  593): idle maintenance stopped
07-25 14:42:15.465 D/NotifierExtImpl( 1923): notifyScreenOnOff: on = true
07-25 14:42:15.465 D/OplusPowerManagerServiceEnhance( 1923): notifyScreenOnOff on=true
07-25 14:42:15.484 D/WindowManager( 1923): mKeyguardDelegate.ShowListener.onDrawn.
07-25 14:42:15.484 W/WindowManager( 1923): Setting mKeyguardDrawComplete
07-25 14:42:15.485 I/WindowManager( 1923): Window{c31e6ba u0 NotificationShade} state from HAS_DRAWN to DRAW_PENDING; reason: requestDrawIfNeeded
07-25 14:42:15.485 I/WindowManager( 1923): Waiting for drawn Window{c31e6ba u0 NotificationShade}: removed=false visible=true mHasSurface=true drawState=1
07-25 14:42:15.485 D/OplusWindowAnimationManager( 1923): Is NotificationShade draw check disabled: false, win: Window{c31e6ba u0 NotificationShade}, clientRotation: 0, isFullscreen: true, requestedWidth: 1080, requestedHeight: 2412, physicalHeight: 2412, physicalWidth: 1080
07-25 14:42:15.486 D/WindowManager( 1923): waitForAllWindowsDrawn displayId=-1,false,message={ when=-23d5h28m10s260ms what=7 arg1=-1 target=com.android.server.policy.PhoneWindowManager$PolicyHandler }
07-25 14:42:15.493 D/OplusBatteryServiceFeature( 1923): nightstandby: status = 0
07-25 14:42:15.497 I/WindowManager( 1923): Waiting for drawn Window{c31e6ba u0 NotificationShade}: removed=false visible=true mHasSurface=true drawState=1
07-25 14:42:15.497 D/OplusWindowAnimationManager( 1923): Is NotificationShade draw check disabled: false, win: Window{c31e6ba u0 NotificationShade}, clientRotation: 0, isFullscreen: true, requestedWidth: 1080, requestedHeight: 2412, physicalHeight: 2412, physicalWidth: 1080
07-25 14:42:15.503 D/NotificationService( 1923): on screen turned on, screen locked:true
07-25 14:42:15.517 D/NAS-CallIssueController[0]( 2870): ActionsExecuteStateMachine recv msg:5
07-25 14:42:15.518 D/NAS-CallIssueController[1]( 2870): ActionsExecuteStateMachine recv msg:5
07-25 14:42:15.525 D/OplusAlarmAdjustment( 1923): MSG_SCREEN_ON, mScreenOnElapsed=4077838705 ms
07-25 14:42:15.525 D/OplusAlarmAdjustMap( 1923): removeAlignUid, uid=0, requester=0
07-25 14:42:15.526 W/VRI[NotificationShade](14113): updateBlastSurfaceIfNeeded, surfaceSize:Point(1080, 2412), lastSurfaceSize:Point(1080, 2412), format:-3, blastBufferQueue:android.graphics.BLASTBufferQueue@2f1538d
07-25 14:42:15.527 D/WindowManagerServiceExtImpl( 1923): extractConfigInfoAndRealFlags rotation=0, screenDp=720, win=Window{c31e6ba u0 NotificationShade}
07-25 14:42:15.527 V/WindowManager( 1923): Relayout Window{c31e6ba u0 NotificationShade}: viewVisibility=0, oldvis=0, req=1080x2412, vsysui=
07-25 14:42:15.531 I/WindowManager( 1923): Waiting for drawn Window{c31e6ba u0 NotificationShade}: removed=false visible=true mHasSurface=true drawState=1
07-25 14:42:15.531 D/OplusWindowAnimationManager( 1923): Is NotificationShade draw check disabled: false, win: Window{c31e6ba u0 NotificationShade}, clientRotation: 0, isFullscreen: true, requestedWidth: 1080, requestedHeight: 2412, physicalHeight: 2412, physicalWidth: 1080
07-25 14:42:15.538 I/WindowManager( 1923): Waiting for drawn Window{c31e6ba u0 NotificationShade}: removed=false visible=true mHasSurface=true drawState=1
07-25 14:42:15.538 D/OplusWindowAnimationManager( 1923): Is NotificationShade draw check disabled: false, win: Window{c31e6ba u0 NotificationShade}, clientRotation: 0, isFullscreen: true, requestedWidth: 1080, requestedHeight: 2412, physicalHeight: 2412, physicalWidth: 1080
07-25 14:42:15.544 I/OplusSmartBrightnessController( 1923): setPowerOnRealTimeBrightness -1.0
07-25 14:42:15.544 I/OplusSmartBrightnessController( 1923): handleMessage MSG_UPDATE_BRIGHTNESS_NO_ANIMATION changed:false
07-25 14:42:15.544 D/DisplayPowerController[0]( 1923): screenTurnedOn state=2 brightnessState=2131.0 mustNotify=true
07-25 14:42:15.544 I/DisplayDeviceRepository( 1923): Display device changed state: "Built-in screen", ON
07-25 14:42:15.545 D/LogicalDisplayExt( 1923): set displayInfo flag FLAG_ROTATES_WITH_CONTENT
07-25 14:42:15.546 D/DisplayManagerServiceExtImpl( 1923): scheduleTraversalLocked intraversal=false
07-25 14:42:15.546 D/DpcExtImpl[0]( 1923): RECORD:onUpdatePowerState policy:3 state:2 brightness:2131
07-25 14:42:15.546 I/DisplayManagerServiceExtImpl( 1923): handle logical display changed logicalDisplay=id=0,stack=0,content=true,displayInfo{stack=0,type=1,id=0,uId=local:4627039422300187648,state=ON,pkg=null}
07-25 14:42:15.546 D/DisplayManagerService( 1923): Delivering display event: displayId=0, event=2
07-25 14:42:15.547 W/PowerManagerService( 1923): Screen on took 200 ms. groupId = 0
07-25 14:42:15.547 D/OplusPowerManagerHelper( 1923): [onWakeUpFinish]
07-25 14:42:15.547 I/WallpaperManagerServiceExt( 1923): removeDisplayData. displayId = 0
07-25 14:42:15.548 D/OplusVFXScreenEffectFeature( 1923): notifySFCompatWindowStateChange entered false
