07-25 14:42:15.548 D/FlexibleWindowManager( 1923): physicalDisplayChangedForFlexibleWindow displayId 0, current display info 1080 x 2412, new display info 1080 x 2412
07-25 14:42:15.548 D/FlexibleTaskController( 1923): onDisplayChanged displayId#0 ,cur:1080x2412 ,new:1080x2412
07-25 14:42:15.548 D/FlexibleTaskController( 1923): onDisplayChanged displayId not support flexible.
07-25 14:42:15.548 D/FlexibleWindowManager( 1923): physicalDisplayChangedForFlexibleWindow return for unsupported devices
07-25 14:42:15.548 D/FSS_FoldScreenBlackCoverController( 1923): displayChangeToOn, dc:Display{#0 state=ON size=1080x2412 ROTATION_0}
07-25 14:42:15.548 E/OplusCustomizeRestrictionManagerService( 1923): isBiometricDisabled start
07-25 14:42:15.548 D/OplusPowerManagerHelper( 1923): scheduleNotifyStopDream
07-25 14:42:15.548 D/OplusFeatureAOD( 1923): notifySfUnBlockScreenOn
07-25 14:42:15.549 D/OplusPowerManagerHelper( 1923): handleMessage:102
07-25 14:42:15.549 D/OplusPowerManagerHelper( 1923): MSG_STOP_DEAM
07-25 14:42:15.550 D/DisplayManagerService( 1923): performTraversalInternal pendingTraversal
07-25 14:42:15.550 D/DisplayDevice( 1923): setLayerStackLocked id=local:4627039422300187648 token=android.os.BinderProxy@dde947c stack=0->0
07-25 14:42:15.551 I/WindowManager( 1923): Waiting for drawn Window{c31e6ba u0 NotificationShade}: removed=false visible=true mHasSurface=true drawState=1
07-25 14:42:15.551 D/OplusWindowAnimationManager( 1923): Is NotificationShade draw check disabled: false, win: Window{c31e6ba u0 NotificationShade}, clientRotation: 0, isFullscreen: true, requestedWidth: 1080, requestedHeight: 2412, physicalHeight: 2412, physicalWidth: 1080
07-25 14:42:15.553 D/DisplayManagerService( 1923): Ignore redundant display event 0/2 to 10121/11151
07-25 14:42:15.554 D/DisplayManagerService( 1923): Ignore redundant display event 0/2 to 10249/15193
07-25 14:42:15.554 D/DisplayManagerService( 1923): Ignore redundant display event 0/2 to 10136/15605
07-25 14:42:15.554 D/DisplayManagerService( 1923): Ignore redundant display event 0/2 to 10093/15647
07-25 14:42:15.554 D/DisplayManagerService( 1923): Ignore redundant display event 0/2 to 10439/18436
07-25 14:42:15.554 D/DisplayManagerService( 1923): MSG_REQUEST_TRAVERSAL pendingCompleted=false
07-25 14:42:15.555 I/WindowManager( 1923): Waiting for drawn Window{c31e6ba u0 NotificationShade}: removed=false visible=true mHasSurface=true drawState=1
07-25 14:42:15.555 D/OplusWindowAnimationManager( 1923): Is NotificationShade draw check disabled: false, win: Window{c31e6ba u0 NotificationShade}, clientRotation: 0, isFullscreen: true, requestedWidth: 1080, requestedHeight: 2412, physicalHeight: 2412, physicalWidth: 1080
07-25 14:42:15.564 E/Biometrics/Fingerprint21/Fingerprint21ServiceProviderExtImpl( 1923): mFingerprintCommandCallback is null
07-25 14:42:15.582 D/OplusUserManagerServiceEnhance( 1923): getMultiSystemUserId  res = -10000
07-25 14:42:15.582 I/WindowManager( 1923): Window{c31e6ba u0 NotificationShade} state from DRAW_PENDING to COMMIT_DRAW_PENDING; reason: finishDrawingLocked
07-25 14:42:15.583 D/OplusUserManagerServiceEnhance( 1923): getMultiSystemUserId  res = -10000
07-25 14:42:15.595 I/WindowManager( 1923): Window{c31e6ba u0 NotificationShade} state from COMMIT_DRAW_PENDING to READY_TO_SHOW; reason: commitFinishDrawingLocked
07-25 14:42:15.595 I/WindowManager( 1923): Window{c31e6ba u0 NotificationShade} state from READY_TO_SHOW to HAS_DRAWN; reason: performShowLocked
07-25 14:42:15.595 W/VRI[NotificationShade](14113): handleResized, msg:5, frameChanged:false, configChanged:false, displayChanged:false, attachedFrameChanged:false, compatScaleChanged:false, pendingDragResizing=false
07-25 14:42:15.602 I/WindowManager( 1923): Waiting for drawn Window{c31e6ba u0 NotificationShade}: removed=false visible=true mHasSurface=true drawState=4
07-25 14:42:15.602 D/OplusWindowAnimationManager( 1923): Is NotificationShade draw check disabled: false, win: Window{c31e6ba u0 NotificationShade}, clientRotation: 0, isFullscreen: true, requestedWidth: 1080, requestedHeight: 2412, physicalHeight: 2412, physicalWidth: 1080
07-25 14:42:15.602 D/WindowManager( 1923): All windows drawn!
07-25 14:42:15.603 W/WindowManager( 1923): All windows drawn on display -1
07-25 14:42:15.603 D/FSS_FoldScreenBlackCoverController( 1923): finishWindowsDrawn, displayId:-1
07-25 14:42:15.607 I/WindowManager( 1923): Finished screen turning on...0
07-25 14:42:15.607 D/OplusFeatureMEMCGame_PW( 1923): isScreenLock: true
07-25 14:42:15.607 D/OplusFeatureMEMCGame_PW( 1923): mEdrEnable get from settings: false
07-25 14:42:15.609 D/AlarmWakeupCheck( 1923): SCREEN_ON: CntAlarmWakeup = 1
07-25 14:42:15.617 D/OneHandedController(14113): setLockedDisabled locked = false, enabled = false ,FeatureEnabled = false
07-25 14:42:15.627 V/MonthTrafficAlert( 2870): getWarningNotification subId:1 numWarningNotificaion:0
07-25 14:42:15.627 V/TrafficAlert( 2870): getLimitNotification subId:1 ,numLimitNotificaion:0
07-25 14:42:15.641 V/MonthTrafficAlert( 2870): getWarningNotification subId:1 numWarningNotificaion:0
07-25 14:42:15.641 V/TrafficAlert( 2870): getLimitNotification subId:1 ,numLimitNotificaion:0
07-25 14:42:15.653 E/OplusCustomizeRestrictionManagerService( 1923): isBiometricDisabled start
07-25 14:42:15.665 D/OplusFeatureBrightnessBarController( 1923): screen state:true
07-25 14:42:15.684 D/OplusBatteryManager( 1923): getPsyBatteryRm: 2640
07-25 14:42:15.692 W/OplusStorageManagerFeature( 1923): turn screenOn, maintPrepared:false
07-25 14:42:15.693 D/vold    (  593): idle maintenance stopped
07-25 14:42:15.718 I/OplusAppSwitchManagerService( 1923): appswitch registerAppSwitchObserver pName = com@@heytap@@accessory observer = com.oplus.app.IOplusAppSwitchObserver$Stub$Proxy@c4dfc63 config = OplusAppSwitchConfig = {  mConfigs = {1=[TOM@@NM@@wirelesssettings@@bluetooth@@DevicePickerActivity, TOM@@android@@internal@@app@@ChooserActivity, TOM@@NM@@melody@@TOMponent@@discovery@@DiscoveryDialogActivity, TOM@@heytap@@smarthome@@webview@@PolicyWebviewActivityHalfScreen, TOM@@heytap@@smarthome@@ipc@@halfcreen@@HalfScreenDeviceFindActivity], 2=[]} observerFingerPrint = 27051057}
07-25 14:42:15.718 I/OplusAppSwitchStateDispatcher( 1923): registerAppSwitchObserver addDynamicListener OK, info = OplusAppSwitchRuleInfo = {  observer = com.oplus.app.IOplusAppSwitchObserver$Stub$Proxy@c4dfc63 observerFingerPrint = 27051057} rule size =0
07-25 14:42:15.949 W/NotificationHistory( 1923): Attempted to add notif for locked/gone/disabled user 0
07-25 14:42:16.046 I/ActivityManager( 1923): Waited long enough for: ServiceRecord{3f9d3f2 u0 com.oplus.account/com.platform.usercenter.push.PushServiceAfterQ}
07-25 14:42:16.817 D/CompatibilityChangeReporter( 1923): Compat change id reported: 171306433; UID 10097; state: ENABLED
07-25 14:42:17.189 D/OplusFeatureHDREnhanceBrightness( 1923): checkIsPlayingHDR isPlayingHDR=0 rotation=0 whiteApp=false battery=74
07-25 14:42:17.461 I/OplusStatusBarManagerServiceEnhance( 1923):  getTopIsFullscreen mTopIsFullscreen: false
07-25 14:42:17.461 D/NotificationService--OplusNotificationManagerServiceExtImpl( 1923): isForwardToAssistants: false, case : Is in mMcsNotInterceptPkgList or is isSystemApp
07-25 14:42:17.461 D/NotificationService( 1923): This application enqueue notifications is not need postDelayed
07-25 14:42:17.510 V/MonthTrafficAlert( 2870): getWarningNotification subId:1 numWarningNotificaion:0
07-25 14:42:17.511 V/TrafficAlert( 2870): getLimitNotification subId:1 ,numLimitNotificaion:0
07-25 14:42:18.459 V/MonthTrafficAlert( 2870): getWarningNotification subId:1 numWarningNotificaion:0
07-25 14:42:18.459 V/TrafficAlert( 2870): getLimitNotification subId:1 ,numLimitNotificaion:0
07-25 14:42:18.465 D/OplusProxyWakeLock( 1923): add uid: 10249 wakelock: lock:194464761 PARTIAL_WAKE_LOCK              'Metri' DISABLED (uid=10249 pid=15193)to FroceReleaseWakeLock list
07-25 14:42:18.466 D/DisplayPowerController[0]( 1923): requestPowerState: policy=BRIGHT, useProximitySensor=false, screenBrightnessOverride=-1.0, useAutoBrightness=false, screenAutoBrightnessAdjustmentOverride=NaN, screenLowPowerBrightnessFactor=1.0, blockScreenOn=false, lowPowerMode=false, boostScreenBrightness=false, dozeScreenBrightness=NaN, dozeScreenState=UNKNOWN, waitForNegativeProximity=true displayReady=false pendingRequest=true
07-25 14:42:18.466 D/DisplayManagerServiceExtImpl( 1923): request size(1,1),dpc=com.android.server.display.DisplayPowerController@65c876f size(0,1),flags=0X200F,id(0,0,local:4627039422300187648),enable=true,ready=false,waitForNegativeProximity=true policy=BRIGHT,useProximitySensor=false,dozeState=UNKNOWN,screenBrightnessOverride=-1.000000,useAuto=false,lowPower=false,lowPowerFactor=1.000000
07-25 14:42:18.466 D/DpcExtImpl[0]( 1923): RECORD:onUpdatePowerState policy:3 state:2 brightness:2131
07-25 14:42:18.467 D/DisplayManagerServiceExtImpl( 1923): request size(1,1),dpc=com.android.server.display.DisplayPowerController@65c876f size(0,1),flags=0X200F,id(0,0,local:4627039422300187648),enable=true,ready=true,waitForNegativeProximity=false policy=BRIGHT,useProximitySensor=false,dozeState=UNKNOWN,screenBrightnessOverride=-1.000000,useAuto=false,lowPower=false,lowPowerFactor=1.000000
07-25 14:42:19.089 V/BiometricLogger( 1923): Acquired! Modality: 1, User: 0, IsCrypto: false, Action: 2, Client: 1, AcquiredInfo: 6, VendorCode: 6
07-25 14:42:19.090 V/Biometrics/AcquisitionClient( 1923): Acquired: 6 6, shouldSend: true
07-25 14:42:19.091 W/FingerprintManager(14113): Invalid acquired message: 6, 6
07-25 14:42:20.517 I/OplusStatusBarManagerServiceEnhance( 1923):  getTopIsFullscreen mTopIsFullscreen: false
07-25 14:42:20.517 I/TcpSyn  ( 2870): onIfNameChange: foregroundAppChange
07-25 14:42:20.517 I/TcpSyn  ( 2870): onIfNameChange: foregroundAppChange appUid=[]
07-25 14:42:20.517 D/NotificationService--OplusNotificationManagerServiceExtImpl( 1923): isForwardToAssistants: false, case : Is in mMcsNotInterceptPkgList or is isSystemApp
07-25 14:42:20.517 D/NotificationService( 1923): This application enqueue notifications is not need postDelayed
07-25 14:42:20.576 V/MonthTrafficAlert( 2870): getWarningNotification subId:1 numWarningNotificaion:0
07-25 14:42:20.576 V/TrafficAlert( 2870): getLimitNotification subId:1 ,numLimitNotificaion:0
07-25 14:42:21.519 V/MonthTrafficAlert( 2870): getWarningNotification subId:1 numWarningNotificaion:0
07-25 14:42:21.519 V/TrafficAlert( 2870): getLimitNotification subId:1 ,numLimitNotificaion:0
07-25 14:42:21.537 W/ContextImpl( 1923): Calling a method in the system process without a qualified user: android.app.ContextImpl.sendBroadcastMultiplePermissions:1282 android.content.Context.sendBroadcastMultiplePermissions:2476 com.android.server.TelephonyRegistry.broadcastServiceStateChanged:3594 com.android.server.TelephonyRegistry.notifyServiceStateForPhoneId:1759 com.android.internal.telephony.ITelephonyRegistry$Stub.onTransact:534 
07-25 14:42:21.538 W/ContextImpl( 1923): Calling a method in the system process without a qualified user: android.app.ContextImpl.sendBroadcastMultiplePermissions:1315 com.android.server.TelephonyRegistry.broadcastServiceStateChanged:3599 com.android.server.TelephonyRegistry.notifyServiceStateForPhoneId:1759 com.android.internal.telephony.ITelephonyRegistry$Stub.onTransact:534 android.os.Binder.execTransactInternal:1392 
07-25 14:42:21.541 W/ContextImpl( 1923): Calling a method in the system process without a qualified user: android.app.ContextImpl.sendBroadcastMultiplePermissions:1315 com.android.server.TelephonyRegistry.broadcastServiceStateChanged:3608 com.android.server.TelephonyRegistry.notifyServiceStateForPhoneId:1759 com.android.internal.telephony.ITelephonyRegistry$Stub.onTransact:534 android.os.Binder.execTransactInternal:1392 
07-25 14:42:21.542 W/ContextImpl( 1923): Calling a method in the system process without a qualified user: android.app.ContextImpl.sendBroadcastMultiplePermissions:1315 com.android.server.TelephonyRegistry.broadcastServiceStateChanged:3614 com.android.server.TelephonyRegistry.notifyServiceStateForPhoneId:1759 com.android.internal.telephony.ITelephonyRegistry$Stub.onTransact:534 android.os.Binder.execTransactInternal:1392 
07-25 14:42:21.623 D/CompatibilityChangeReporter( 1923): Compat change id reported: 181658987; UID 1000; state: ENABLED
07-25 14:42:21.625 D/CompatibilityChangeReporter( 1923): Compat change id reported: 181658987; UID 10252; state: ENABLED
07-25 14:42:21.625 D/CompatibilityChangeReporter( 1923): Compat change id reported: 181658987; UID 10449; state: ENABLED
07-25 14:42:21.646 D/OplusCustomizeRestrictionManagerService( 1923): ismmsreceiveDisabled null
07-25 14:42:21.647 E/OplusCustomizeRestrictionManagerService( 1923): getMobileDataMode error :s == null
07-25 14:42:21.687 D/OplusProxyWakeLock( 1923): restore uid :10249  pid : 0 wakelock: lock:194464761 PARTIAL_WAKE_LOCK              'Metri' (uid=10249 pid=15193)
07-25 14:42:21.815 W/ContextImpl( 1923): Calling a method in the system process without a qualified user: android.app.ContextImpl.sendBroadcastMultiplePermissions:1282 android.content.Context.sendBroadcastMultiplePermissions:2476 com.android.server.TelephonyRegistry.broadcastServiceStateChanged:3594 com.android.server.TelephonyRegistry.notifyServiceStateForPhoneId:1759 com.android.internal.telephony.ITelephonyRegistry$Stub.onTransact:534 
07-25 14:42:21.816 W/ContextImpl( 1923): Calling a method in the system process without a qualified user: android.app.ContextImpl.sendBroadcastMultiplePermissions:1315 com.android.server.TelephonyRegistry.broadcastServiceStateChanged:3599 com.android.server.TelephonyRegistry.notifyServiceStateForPhoneId:1759 com.android.internal.telephony.ITelephonyRegistry$Stub.onTransact:534 android.os.Binder.execTransactInternal:1392 
07-25 14:42:21.819 W/ContextImpl( 1923): Calling a method in the system process without a qualified user: android.app.ContextImpl.sendBroadcastMultiplePermissions:1315 com.android.server.TelephonyRegistry.broadcastServiceStateChanged:3608 com.android.server.TelephonyRegistry.notifyServiceStateForPhoneId:1759 com.android.internal.telephony.ITelephonyRegistry$Stub.onTransact:534 android.os.Binder.execTransactInternal:1392 
07-25 14:42:21.819 W/ContextImpl( 1923): Calling a method in the system process without a qualified user: android.app.ContextImpl.sendBroadcastMultiplePermissions:1315 com.android.server.TelephonyRegistry.broadcastServiceStateChanged:3614 com.android.server.TelephonyRegistry.notifyServiceStateForPhoneId:1759 com.android.internal.telephony.ITelephonyRegistry$Stub.onTransact:534 android.os.Binder.execTransactInternal:1392 
07-25 14:42:21.831 D/OplusCustomizeRestrictionManagerService( 1923): ismmsreceiveDisabled null
07-25 14:42:21.831 E/OplusCustomizeRestrictionManagerService( 1923): getMobileDataMode error :s == null
07-25 14:42:22.251 W/ProcessStats( 1923): Tracking association SourceState{fdfb81d com.google.android.googlequicksearchbox:search/10104 BFgs #10527010} whose proc state 4 is better than process ProcessState{fbc83bc com.google.android.gms/10097 pkg=com.google.android.gms (sub)} proc state 6 (39 skipped)
07-25 14:42:22.784 V/MonthTrafficAlert( 2870): getWarningNotification subId:1 numWarningNotificaion:0
07-25 14:42:22.784 V/TrafficAlert( 2870): getLimitNotification subId:1 ,numLimitNotificaion:0
07-25 14:42:23.350 D/DisplayPowerController[0]( 1923): requestPowerState: policy=DIM, useProximitySensor=false, screenBrightnessOverride=-1.0, useAutoBrightness=false, screenAutoBrightnessAdjustmentOverride=NaN, screenLowPowerBrightnessFactor=1.0, blockScreenOn=false, lowPowerMode=false, boostScreenBrightness=false, dozeScreenBrightness=NaN, dozeScreenState=UNKNOWN, waitForNegativeProximity=false displayReady=false pendingRequest=true
07-25 14:42:23.351 D/DisplayManagerServiceExtImpl( 1923): request size(1,1),dpc=com.android.server.display.DisplayPowerController@65c876f size(0,1),flags=0X200F,id(0,0,local:4627039422300187648),enable=true,ready=false,waitForNegativeProximity=false policy=DIM,useProximitySensor=false,dozeState=UNKNOWN,screenBrightnessOverride=-1.000000,useAuto=false,lowPower=false,lowPowerFactor=1.000000
07-25 14:42:23.354 I/OplusSmartBrightnessController( 1923): handleBrightnessTotalRateType displayId[0]=manual->dim
07-25 14:42:23.354 D/OplusFeatureHDREnhanceBrightness( 1923): setAnimating : displayId[0]=true
07-25 14:42:23.355 D/OplusFeatureReduceBrightness( 1923): setAnimating : animating = true
07-25 14:42:23.355 D/OplusFeatureEdrEnhanceBrightness( 1923): setAnimating: true
07-25 14:42:23.355 D/OplusFeaturePwEdrEnhanceBrightness( 1923): setAnimating: true
07-25 14:42:23.357 D/DpcExtImpl[0]( 1923): Animating brightness: target=2131->12,rate=6400->6400,type=dim,byUse=false local:4627039422300187648
07-25 14:42:23.357 D/DpcExtImpl[0]( 1923): RECORD:onUpdatePowerState policy:2 state:2 brightness:12
07-25 14:42:23.358 D/DisplayPowerController[0]( 1923): updatePowerStateInternal policy:BRIGHT->DIM,state:ON->ON policy=DIM, useProximitySensor=false, screenBrightnessOverride=-1.0, useAutoBrightness=false, screenAutoBrightnessAdjustmentOverride=NaN, screenLowPowerBrightnessFactor=1.0, blockScreenOn=false, lowPowerMode=false, boostScreenBrightness=false, dozeScreenBrightness=NaN, dozeScreenState=UNKNOWN
07-25 14:42:23.383 D/OplusFeatureDCBacklight( 1923): notifySfRepaintEverything begin mCurrentDCMode:0brightness=2076threshold=260
07-25 14:42:23.388 D/OplusFeatureDCBacklight( 1923): notifySfRepaintEverything begin mCurrentDCMode:0brightness=1970threshold=260
07-25 14:42:23.392 D/OplusFeatureDCBacklight( 1923): notifySfRepaintEverything begin mCurrentDCMode:0brightness=1917threshold=260
07-25 14:42:23.406 D/OplusFeatureDCBacklight( 1923): notifySfRepaintEverything begin mCurrentDCMode:0brightness=1864threshold=260
07-25 14:42:23.423 D/OplusFeatureDCBacklight( 1923): notifySfRepaintEverything begin mCurrentDCMode:0brightness=1811threshold=260
07-25 14:42:23.432 D/OplusFeatureDCBacklight( 1923): notifySfRepaintEverything begin mCurrentDCMode:0brightness=1705threshold=260
07-25 14:42:23.433 D/OplusFeatureDCBacklight( 1923): notifySfRepaintEverything begin mCurrentDCMode:0brightness=1652threshold=260
07-25 14:42:23.441 D/OplusFeatureDCBacklight( 1923): notifySfRepaintEverything begin mCurrentDCMode:0brightness=1599threshold=260
07-25 14:42:23.449 D/OplusFeatureDCBacklight( 1923): notifySfRepaintEverything begin mCurrentDCMode:0brightness=1546threshold=260
07-25 14:42:23.460 D/OplusFeatureDCBacklight( 1923): notifySfRepaintEverything begin mCurrentDCMode:0brightness=1493threshold=260
07-25 14:42:23.465 D/OplusFeatureDCBacklight( 1923): notifySfRepaintEverything begin mCurrentDCMode:0brightness=1440threshold=260
07-25 14:42:23.473 D/OplusFeatureDCBacklight( 1923): notifySfRepaintEverything begin mCurrentDCMode:0brightness=1387threshold=260
07-25 14:42:23.484 D/OplusFeatureDCBacklight( 1923): notifySfRepaintEverything begin mCurrentDCMode:0brightness=1334threshold=260
07-25 14:42:23.490 D/OplusFeatureDCBacklight( 1923): notifySfRepaintEverything begin mCurrentDCMode:0brightness=1281threshold=260
07-25 14:42:23.499 D/OplusFeatureDCBacklight( 1923): notifySfRepaintEverything begin mCurrentDCMode:0brightness=1228threshold=260
07-25 14:42:23.507 D/OplusFeatureDCBacklight( 1923): notifySfRepaintEverything begin mCurrentDCMode:0brightness=1175threshold=260
07-25 14:42:23.516 D/OplusFeatureDCBacklight( 1923): notifySfRepaintEverything begin mCurrentDCMode:0brightness=1122threshold=260
07-25 14:42:23.524 D/OplusFeatureDCBacklight( 1923): notifySfRepaintEverything begin mCurrentDCMode:0brightness=1068threshold=260
07-25 14:42:23.533 D/OplusFeatureDCBacklight( 1923): notifySfRepaintEverything begin mCurrentDCMode:0brightness=1015threshold=260
07-25 14:42:23.541 D/OplusFeatureDCBacklight( 1923): notifySfRepaintEverything begin mCurrentDCMode:0brightness=962threshold=260
07-25 14:42:23.549 D/OplusFeatureDCBacklight( 1923): notifySfRepaintEverything begin mCurrentDCMode:0brightness=909threshold=260
07-25 14:42:23.557 D/OplusFeatureDCBacklight( 1923): notifySfRepaintEverything begin mCurrentDCMode:0brightness=856threshold=260
07-25 14:42:23.568 D/OplusFeatureDCBacklight( 1923): notifySfRepaintEverything begin mCurrentDCMode:0brightness=803threshold=260
07-25 14:42:23.575 D/OplusFeatureDCBacklight( 1923): notifySfRepaintEverything begin mCurrentDCMode:0brightness=750threshold=260
07-25 14:42:23.589 D/OplusFeatureDCBacklight( 1923): notifySfRepaintEverything begin mCurrentDCMode:0brightness=697threshold=260
07-25 14:42:23.591 D/OplusFeatureDCBacklight( 1923): notifySfRepaintEverything begin mCurrentDCMode:0brightness=644threshold=260
07-25 14:42:23.592 I/OplusStatusBarManagerServiceEnhance( 1923):  getTopIsFullscreen mTopIsFullscreen: false
07-25 14:42:23.592 D/NotificationService--OplusNotificationManagerServiceExtImpl( 1923): isForwardToAssistants: false, case : Is in mMcsNotInterceptPkgList or is isSystemApp
07-25 14:42:23.592 D/NotificationService( 1923): This application enqueue notifications is not need postDelayed
07-25 14:42:23.605 D/OplusFeatureDCBacklight( 1923): notifySfRepaintEverything begin mCurrentDCMode:0brightness=591threshold=260
07-25 14:42:23.607 D/OplusFeatureDCBacklight( 1923): notifySfRepaintEverything begin mCurrentDCMode:0brightness=538threshold=260
07-25 14:42:23.608 V/AlarmManager( 1923): sending alarm Alarm{1e36bdc type 0 origWhen 1753434704225 whenElapsed 4077812405 com.noisefit} uid 10426 whenElapsed 4077812405 windowLength 45000 maxWhenElapsed 4077857405 repeatInterval 60000 action null component ComponentInfo{com.noisefit/com.noisefit.receiver.service.ConnectionService} flags 0x0 procName com.noisefit
07-25 14:42:23.612 V/AlarmManager( 1923): sending alarm Alarm{da24e5 type 2 origWhen 4077836787 whenElapsed 4077836787 com.heytap.mcs} uid 1000 whenElapsed 4077836787 windowLength 10000 maxWhenElapsed 4077846787 repeatInterval 0 action com.heytap.mcs.action component null flags 0x8 procName com.heytap.mcs
07-25 14:42:23.615 D/OplusFeatureDCBacklight( 1923): notifySfRepaintEverything begin mCurrentDCMode:0brightness=485threshold=260
07-25 14:42:23.618 W/ActivityManager( 1923): Foreground service started from background can not have location/camera/microphone access: service com.noisefit/.receiver.service.ConnectionService
07-25 14:42:23.623 D/OplusFeatureDCBacklight( 1923): notifySfRepaintEverything begin mCurrentDCMode:0brightness=432threshold=260
07-25 14:42:23.624 W/PackageManager( 1923): package com.noisefit uid 10426 pid 1692 call SetEnabledSetting(com.noisefit component = com.noisefit.receiver.service.NotificationAlertService, 0, 0)
07-25 14:42:23.626 W/PackageManager( 1923): package com.noisefit uid 10426 pid 1692 call SetEnabledSetting(com.noisefit component = com.noisefit.receiver.service.NotificationAlertService, 1, 0)
07-25 14:42:23.631 D/OplusFeatureDCBacklight( 1923): notifySfRepaintEverything begin mCurrentDCMode:0brightness=379threshold=260
07-25 14:42:23.639 D/OplusFeatureDCBacklight( 1923): notifySfRepaintEverything begin mCurrentDCMode:0brightness=326threshold=260
07-25 14:42:23.641 W/ActivityManager( 1923): Foreground service started from background can not have location/camera/microphone access: service com.noisefit/.receiver.service.ConnectionService
07-25 14:42:23.647 D/OplusFeatureDCBacklight( 1923): notifySfRepaintEverything begin mCurrentDCMode:0brightness=273threshold=260
07-25 14:42:23.656 D/OplusFeatureDCBacklight( 1923): notifySfRepaintEverything begin mCurrentDCMode:0brightness=220threshold=260
07-25 14:42:23.665 D/OplusFeatureDCBacklight( 1923): notifySfRepaintEverything begin mCurrentDCMode:0brightness=167threshold=260
07-25 14:42:23.672 D/OplusFeatureDCBacklight( 1923): notifySfRepaintEverything begin mCurrentDCMode:0brightness=114threshold=260
07-25 14:42:23.683 D/OplusFeatureDCBacklight( 1923): notifySfRepaintEverything begin mCurrentDCMode:0brightness=61threshold=260
07-25 14:42:23.689 D/OplusFeatureHDREnhanceBrightness( 1923): setAnimating : displayId[0]=false
07-25 14:42:23.689 D/OplusFeatureReduceBrightness( 1923): setAnimating : animating = false
07-25 14:42:23.689 I/OplusSmartBrightnessController( 1923): handleMessage MSG_SET_SETTINGS_MIN_BRI_PREVIEW false
07-25 14:42:23.689 D/OplusFeatureEdrEnhanceBrightness( 1923): setAnimating: false
07-25 14:42:23.690 D/OplusFeaturePwEdrEnhanceBrightness( 1923): setAnimating: false
07-25 14:42:23.692 V/MonthTrafficAlert( 2870): getWarningNotification subId:1 numWarningNotificaion:0
07-25 14:42:23.692 V/TrafficAlert( 2870): getLimitNotification subId:1 ,numLimitNotificaion:0
07-25 14:42:23.697 D/OplusFeatureDCBacklight( 1923): notifySfRepaintEverything begin mCurrentDCMode:0brightness=12threshold=260
07-25 14:42:23.998 W/ActivityManager( 1923): Foreground service started from background can not have location/camera/microphone access: service com.noisefit/.receiver.service.ConnectionService
07-25 14:42:24.002 W/ActivityManager( 1923): Foreground service started from background can not have location/camera/microphone access: service com.noisefit/.receiver.service.ConnectionService
07-25 14:42:24.007 W/ActivityManager( 1923): Foreground service started from background can not have location/camera/microphone access: service com.noisefit/.receiver.service.ConnectionService
07-25 14:42:24.090 V/BiometricLogger( 1923): Acquired! Modality: 1, User: 0, IsCrypto: false, Action: 2, Client: 1, AcquiredInfo: 6, VendorCode: 6
07-25 14:42:24.090 V/Biometrics/AcquisitionClient( 1923): Acquired: 6 6, shouldSend: true
07-25 14:42:24.091 W/FingerprintManager(14113): Invalid acquired message: 6, 6
07-25 14:42:24.626 I/AppsFilter( 1923): interaction: PackageSetting{f3aa887 com.android.microdroid.empty_payload/10342} -> PackageSetting{4110b9d com.noisefit/10426} BLOCKED
07-25 14:42:24.626 I/AppsFilter( 1923): interaction: PackageSetting{fba6bdd app.netmirror.netmirror/10451} -> PackageSetting{4110b9d com.noisefit/10426} BLOCKED
07-25 14:42:24.627 I/AppsFilter( 1923): interaction: PackageSetting{92b7352 com.oplus.locationproxy/10142} -> PackageSetting{4110b9d com.noisefit/10426} BLOCKED
07-25 14:42:24.627 I/AppsFilter( 1923): interaction: PackageSetting{80f4623 com.oplus.securitykeyboard/10145} -> PackageSetting{4110b9d com.noisefit/10426} BLOCKED
07-25 14:42:24.634 V/NotificationListeners( 1923): enabling notification listener for 0: ComponentInfo{com.noisefit/com.noisefit.receiver.service.NotificationAlertService}
07-25 14:42:24.635 V/NotificationListeners( 1923): Not registering ComponentInfo{com.noisefit/com.noisefit.receiver.service.NotificationAlertService} is already bound
07-25 14:42:24.636 V/ConditionProviders( 1923): enabling condition provider for 0: ComponentInfo{com.google.android.apps.wellbeing/com.google.android.apps.wellbeing.azr.impl.AzrConditionProviderService}
07-25 14:42:24.636 V/ConditionProviders( 1923): Not registering ComponentInfo{com.google.android.apps.wellbeing/com.google.android.apps.wellbeing.azr.impl.AzrConditionProviderService} is already bound
07-25 14:42:24.655 V/AutofillManagerService( 1923): onPackageModified(): com.noisefit
07-25 14:42:24.713 D/OplusProxyWakeLock( 1923): add uid: 10249 wakelock: lock:194464761 PARTIAL_WAKE_LOCK              'Metri' DISABLED (uid=10249 pid=15193)to FroceReleaseWakeLock list
07-25 14:42:24.714 D/DisplayPowerController[0]( 1923): requestPowerState: policy=DIM, useProximitySensor=false, screenBrightnessOverride=-1.0, useAutoBrightness=false, screenAutoBrightnessAdjustmentOverride=NaN, screenLowPowerBrightnessFactor=1.0, blockScreenOn=false, lowPowerMode=false, boostScreenBrightness=false, dozeScreenBrightness=NaN, dozeScreenState=UNKNOWN, waitForNegativeProximity=true displayReady=false pendingRequest=true
07-25 14:42:24.714 D/DisplayManagerServiceExtImpl( 1923): request size(1,1),dpc=com.android.server.display.DisplayPowerController@65c876f size(0,1),flags=0X200F,id(0,0,local:4627039422300187648),enable=true,ready=false,waitForNegativeProximity=true policy=DIM,useProximitySensor=false,dozeState=UNKNOWN,screenBrightnessOverride=-1.000000,useAuto=false,lowPower=false,lowPowerFactor=1.000000
07-25 14:42:24.715 D/DpcExtImpl[0]( 1923): RECORD:onUpdatePowerState policy:2 state:2 brightness:12
07-25 14:42:24.715 D/DisplayManagerServiceExtImpl( 1923): request size(1,1),dpc=com.android.server.display.DisplayPowerController@65c876f size(0,1),flags=0X200F,id(0,0,local:4627039422300187648),enable=true,ready=true,waitForNegativeProximity=false policy=DIM,useProximitySensor=false,dozeState=UNKNOWN,screenBrightnessOverride=-1.000000,useAuto=false,lowPower=false,lowPowerFactor=1.000000
07-25 14:42:24.728 I/keystore2(  702): system/security/keystore2/src/watchdog.rs:319 - Watchdog thread idle -> terminating. Have a great day.
07-25 14:42:25.349 I/PowerGroup( 1923): Napping power group (groupId=0, uid=1000)...
07-25 14:42:25.349 I/PowerManagerService( 1923): Nap time (uid 1000)...
07-25 14:42:25.351 D/OplusFeatureAOD( 1923): notifySfUnBlockScreenOn
07-25 14:42:25.352 I/PowerManagerService( 1923): handleSandman: TIMEOUT dozePowerGroupLocked
07-25 14:42:25.352 D/OplusPowerManagerHelper( 1923): goToSleepNoUpdateLocked  needIntercepet: false
07-25 14:42:25.352 I/PowerGroup( 1923): Powering off display group due to timeout (groupId= 0, uid= 1000, millisSinceLastUserActivity=10005, lastUserActivityEvent=other)...
07-25 14:42:25.353 I/PowerManagerService( 1923): Going to sleep due to timeout (uid 1000, screenOffTimeout=60000, activityTimeoutWM=10000, maxDimRatio=0.20000005, maxDimDur=7000)...
07-25 14:42:25.355 D/OplusPowerManagerHelper( 1923): wakelock list dump: mLocks.size=2:
07-25 14:42:25.355 D/OplusPowerManagerHelper( 1923): No.0: PARTIAL_WAKE_LOCK             activated(flags=1, uid=1000, pid=1923) total=181405ms)
07-25 14:42:25.355 D/OplusPowerManagerHelper( 1923): No.1: PARTIAL_WAKE_LOCK             activated(flags=1, uid=1000, pid=1923) total=181382ms)
07-25 14:42:25.357 D/DisplayPowerController[0]( 1923): requestPowerState: policy=OFF, useProximitySensor=false, screenBrightnessOverride=-1.0, useAutoBrightness=false, screenAutoBrightnessAdjustmentOverride=NaN, screenLowPowerBrightnessFactor=1.0, blockScreenOn=false, lowPowerMode=false, boostScreenBrightness=false, dozeScreenBrightness=NaN, dozeScreenState=UNKNOWN, waitForNegativeProximity=false displayReady=false pendingRequest=true
07-25 14:42:25.357 D/DisplayManagerServiceExtImpl( 1923): request size(1,1),dpc=com.android.server.display.DisplayPowerController@65c876f size(0,1),flags=0X200F,id(0,0,local:4627039422300187648),enable=true,ready=false,waitForNegativeProximity=false policy=OFF,useProximitySensor=false,dozeState=UNKNOWN,screenBrightnessOverride=-1.000000,useAuto=false,lowPower=false,lowPowerFactor=1.000000
07-25 14:42:25.389 D/OneHandedController(14113): setLockedDisabled locked = true, enabled = false ,FeatureEnabled = false
07-25 14:42:25.433 I/OplusSmartBrightnessController( 1923): handleBrightnessTotalRateType displayId[0]=dim->manual
07-25 14:42:25.433 D/DisplayPowerController[0]( 1923): updatePowerStateInternal policy:DIM->OFF,state:ON->OFF policy=OFF, useProximitySensor=false, screenBrightnessOverride=-1.0, useAutoBrightness=false, screenAutoBrightnessAdjustmentOverride=NaN, screenLowPowerBrightnessFactor=1.0, blockScreenOn=false, lowPowerMode=false, boostScreenBrightness=false, dozeScreenBrightness=NaN, dozeScreenState=UNKNOWN
07-25 14:42:25.447 D/DisplayPowerState[0]( 1923): setColorFadeLevel: level=0.9960574
07-25 14:42:25.453 D/DisplayPowerState[0]( 1923): setColorFadeLevel: level=0.98429155
07-25 14:42:25.462 D/DisplayPowerState[0]( 1923): setColorFadeLevel: level=0.96193975
07-25 14:42:25.470 D/DisplayPowerState[0]( 1923): setColorFadeLevel: level=0.9343158
07-25 14:42:25.478 D/DisplayPowerState[0]( 1923): setColorFadeLevel: level=0.89984226
07-25 14:42:25.486 D/DisplayPowerState[0]( 1923): setColorFadeLevel: level=0.85906315
07-25 14:42:25.494 D/DisplayPowerState[0]( 1923): setColorFadeLevel: level=0.8064536
07-25 14:42:25.503 D/DisplayPowerState[0]( 1923): setColorFadeLevel: level=0.75452065
07-25 14:42:25.511 D/DisplayPowerState[0]( 1923): setColorFadeLevel: level=0.69857395
07-25 14:42:25.519 D/DisplayPowerState[0]( 1923): setColorFadeLevel: level=0.63193655
07-25 14:42:25.528 D/DisplayPowerState[0]( 1923): setColorFadeLevel: level=0.57045054
07-25 14:42:25.536 D/DisplayPowerState[0]( 1923): setColorFadeLevel: level=0.5078536
07-25 14:42:25.544 D/DisplayPowerState[0]( 1923): setColorFadeLevel: level=0.44513273
07-25 14:42:25.552 D/DisplayPowerState[0]( 1923): setColorFadeLevel: level=0.37565517
07-25 14:42:25.561 D/DisplayPowerState[0]( 1923): setColorFadeLevel: level=0.3159377
07-25 14:42:25.569 D/DisplayPowerState[0]( 1923): setColorFadeLevel: level=0.25912303
07-25 14:42:25.577 D/DisplayPowerState[0]( 1923): setColorFadeLevel: level=0.19979
07-25 14:42:25.585 D/DisplayPowerState[0]( 1923): setColorFadeLevel: level=0.15204358
07-25 14:42:25.594 D/DisplayPowerState[0]( 1923): setColorFadeLevel: level=0.10978472
07-25 14:42:25.602 D/DisplayPowerState[0]( 1923): setColorFadeLevel: level=0.073679864
07-25 14:42:25.610 D/DisplayPowerState[0]( 1923): setColorFadeLevel: level=0.041122675
07-25 14:42:25.619 D/DisplayPowerState[0]( 1923): setColorFadeLevel: level=0.019853115
07-25 14:42:25.627 D/DisplayPowerState[0]( 1923): setColorFadeLevel: level=0.0061558485
07-25 14:42:25.635 D/DisplayPowerState[0]( 1923): setColorFadeLevel: level=6.169081E-5
07-25 14:42:25.643 D/DisplayPowerState[0]( 1923): setColorFadeLevel: level=0.0
07-25 14:42:25.644 D/DpcExtImpl[0]( 1923): RECORD: Animation finished when screen is off isInteractive: false
07-25 14:42:25.644 D/Biometrics_DEBUG( 1923): [onGoToSleepFinish]
07-25 14:42:25.645 E/OplusCustomizeRestrictionManagerService( 1923): isBiometricDisabled start
07-25 14:42:25.647 E/Biometrics/Fingerprint21/Fingerprint21ServiceProviderExtImpl( 1923): mFingerprintCommandCallback is null
07-25 14:42:25.647 D/DisplayPowerState[0]( 1923): updateRunnable run fadeLevle=0.0 state=ON brightness changed:12.0->-1.0
07-25 14:42:25.648 I/DisplayPowerController[0]( 1923): Blocking screen off
07-25 14:42:25.648 I/DisplayPowerController[0]( 1923): Unblocked screen off after 0 ms
07-25 14:42:25.649 D/OplusSmartBrightnessController( 1923): onScreenEvent isScreenOn displayId[0]=false isFolding=false policy=OFF
07-25 14:42:25.649 D/OplusSmartBrightnessController( 1923): NeedResetSpline:false, NeedResetSplineByLargeChange:false
07-25 14:42:25.649 D/VRR [OPlusRefreshRateService]( 1923): handleScreenStateChange state: 1
07-25 14:42:25.649 I/OplusSmartBrightnessController( 1923): handleMessage MSG_NEXT_LUX_WILL_CHANGED.
07-25 14:42:25.650 D/OplusFeatureHDREnhanceBrightness( 1923): MSG_RUS_APPLY false
07-25 14:42:25.652 D/DisplayPowerState[0]( 1923): setScreenState: state=1
07-25 14:42:25.652 D/BackLightStat( 1923): setScreenState: state changed:ON->OFF
07-25 14:42:25.652 D/WindowManager( 1923): screenTurnedOff  Display{#0 state=ON size=1080x2412 ROTATION_0}
07-25 14:42:25.656 D/OplusFeatureDCBacklight( 1923): notifySfRepaintEverything begin mCurrentDCMode:0brightness=-1threshold=260
07-25 14:42:25.665 E/OplusCustomizeRestrictionManagerService( 1923): isBiometricDisabled start
07-25 14:42:25.666 D/LockSettingsService( 1923): [scheduleNonStrongBiometricIdleTimeout]  userId = 0
07-25 14:42:25.666 I/ColorAutomaticBrightnessController( 1923): updateAutoBrightness: Auto, sendUpdate = false adjustment=16060.784180,changed:12->4488,modified:4488->4488->4488,changed=true,cameraMode=-1,ProximityNear=false
07-25 14:42:25.666 D/DisplayPowerState[0]( 1923): updateRunnable run fadeLevle=0.0 state=OFF brightness changed:12.0->-1.0
07-25 14:42:25.670 D/DisplayPowerState[0]( 1923): Updating screen state: id=0, state=OFF, backlight=-1.0, sdrBacklight=-1.0
07-25 14:42:25.671 I/DisplayDeviceRepository( 1923): Display device changed state: "Built-in screen", OFF
07-25 14:42:25.671 D/LogicalDisplayExt( 1923): set displayInfo flag FLAG_ROTATES_WITH_CONTENT
07-25 14:42:25.673 D/OplusSmartBrightnessController( 1923): requestDisplayState isFirstDisplay=true state=1 globalDisplayState=0x0
07-25 14:42:25.673 D/LocalDisplayAdapter( 1923): setDisplayState(id=4627039422300187648 isFirstDisplay=true state changed:ON->OFF) t-Name=PhotonicModulator
07-25 14:42:25.678 D/DisplayManagerServiceExtImpl( 1923): scheduleTraversalLocked intraversal=false
07-25 14:42:25.678 I/DisplayManagerServiceExtImpl( 1923): handle logical display changed logicalDisplay=id=0,stack=0,content=true,displayInfo{stack=0,type=1,id=0,uId=local:4627039422300187648,state=OFF,pkg=null}
07-25 14:42:25.679 D/DisplayManagerService( 1923): Delivering display event: displayId=0, event=2
07-25 14:42:25.679 W/VRI[NotificationShade](14113): updateBlastSurfaceIfNeeded, surfaceSize:Point(1080, 2412), lastSurfaceSize:Point(1080, 2412), format:-3, blastBufferQueue:android.graphics.BLASTBufferQueue@2f1538d
07-25 14:42:25.680 W/NotificationHistory( 1923): Attempted to add notif for locked/gone/disabled user 0
07-25 14:42:25.681 D/WindowManagerServiceExtImpl( 1923): extractConfigInfoAndRealFlags rotation=0, screenDp=720, win=Window{c31e6ba u0 NotificationShade}
07-25 14:42:25.682 V/WindowManager( 1923): Relayout Window{c31e6ba u0 NotificationShade}: viewVisibility=0, oldvis=0, req=1080x2412, vsysui=
07-25 14:42:25.683 I/WallpaperManagerServiceExt( 1923): removeDisplayData. displayId = 0
07-25 14:42:25.684 D/DisplayManagerService( 1923): Ignore redundant display event 0/2 to 10121/11151
07-25 14:42:25.685 D/DisplayManagerService( 1923): Ignore redundant display event 0/2 to 10249/15193
07-25 14:42:25.685 D/DisplayManagerService( 1923): Ignore redundant display event 0/2 to 10136/15605
07-25 14:42:25.685 D/DisplayManagerService( 1923): Ignore redundant display event 0/2 to 10093/15647
07-25 14:42:25.685 D/DisplayManagerService( 1923): Ignore redundant display event 0/2 to 10439/18436
07-25 14:42:25.685 D/DisplayManagerService( 1923): MSG_REQUEST_TRAVERSAL pendingCompleted=false
07-25 14:42:25.698 D/DisplayManagerService( 1923): performTraversalInternal pendingTraversal
07-25 14:42:25.700 D/DisplayDevice( 1923): setLayerStackLocked id=local:4627039422300187648 token=android.os.BinderProxy@dde947c stack=0->-1
07-25 14:42:25.700 I/DisplayDevice( 1923): [0] Layerstack set to -1 for local:4627039422300187648
07-25 14:42:25.703 W/VRI[NotificationShade](14113): updateBlastSurfaceIfNeeded, surfaceSize:Point(1080, 2412), lastSurfaceSize:Point(1080, 2412), format:-3, blastBufferQueue:android.graphics.BLASTBufferQueue@2f1538d
07-25 14:42:25.704 D/WindowManagerServiceExtImpl( 1923): extractConfigInfoAndRealFlags rotation=0, screenDp=720, win=Window{c31e6ba u0 NotificationShade}
07-25 14:42:25.704 V/WindowManager( 1923): Relayout Window{c31e6ba u0 NotificationShade}: viewVisibility=0, oldvis=0, req=1080x2412, vsysui=
07-25 14:42:25.712 D/OplusVFXScreenEffectFeature( 1923): notifySFCompatWindowStateChange entered false
07-25 14:42:25.713 D/FlexibleWindowManager( 1923): physicalDisplayChangedForFlexibleWindow displayId 0, current display info 1080 x 2412, new display info 1080 x 2412
07-25 14:42:25.713 D/FlexibleTaskController( 1923): onDisplayChanged displayId#0 ,cur:1080x2412 ,new:1080x2412
07-25 14:42:25.713 D/FlexibleTaskController( 1923): onDisplayChanged displayId not support flexible.
07-25 14:42:25.713 D/FlexibleWindowManager( 1923): physicalDisplayChangedForFlexibleWindow return for unsupported devices
07-25 14:42:25.714 D/OplusProxyWakeLock( 1923): restore uid :10249  pid : 0 wakelock: lock:194464761 PARTIAL_WAKE_LOCK              'Metri' (uid=10249 pid=15193)
07-25 14:42:25.974 D/HidlDisplayPanelFeature( 1923): getDisplayPanelFeatureValue +++, featureID:20
07-25 14:42:25.974 I/DisplayDeviceRepository( 1923): Display device changed state: "Built-in screen", OFF
07-25 14:42:25.975 D/LogicalDisplayExt( 1923): set displayInfo flag FLAG_ROTATES_WITH_CONTENT
07-25 14:42:25.975 D/HidlDisplayPanelFeature( 1923): getDisplayPanelFeatureValue, ret = 0
07-25 14:42:25.975 I/HidlDisplayPanelFeature( 1923): [0]
07-25 14:42:25.975 D/HidlDisplayPanelFeature( 1923): getDisplayPanelFeatureValue ---, result = [0]
07-25 14:42:25.975 D/OplusSilentRebootManager( 1923): silence flags file value is :0
07-25 14:42:25.976 D/DisplayPowerState[0]( 1923): updateRunnable run fadeLevle=0.0 state=OFF brightness changed:12.0->-1.0
07-25 14:42:25.977 D/DisplayManagerServiceExtImpl( 1923): scheduleTraversalLocked intraversal=false
07-25 14:42:25.977 I/DisplayManagerServiceExtImpl( 1923): handle logical display changed logicalDisplay=id=0,stack=0,content=true,displayInfo{stack=0,type=1,id=0,uId=local:4627039422300187648,state=OFF,pkg=null}
07-25 14:42:25.978 D/DisplayManagerService( 1923): Delivering display event: displayId=0, event=2
07-25 14:42:25.979 I/WallpaperManagerServiceExt( 1923): removeDisplayData. displayId = 0
07-25 14:42:25.980 D/PowerManagerServiceExtImpl( 1923): aodEnable: true
07-25 14:42:25.981 I/DreamManagerService( 1923): Entering dreamland.
07-25 14:42:25.982 I/PowerManagerService( 1923): Dozing...
07-25 14:42:25.982 D/OplusVFXScreenEffectFeature( 1923): notifySFCompatWindowStateChange entered false
07-25 14:42:25.983 D/FlexibleWindowManager( 1923): physicalDisplayChangedForFlexibleWindow displayId 0, current display info 1080 x 2412, new display info 1080 x 2412
07-25 14:42:25.983 D/FlexibleTaskController( 1923): onDisplayChanged displayId#0 ,cur:1080x2412 ,new:1080x2412
07-25 14:42:25.983 D/FlexibleTaskController( 1923): onDisplayChanged displayId not support flexible.
07-25 14:42:25.983 D/FlexibleWindowManager( 1923): physicalDisplayChangedForFlexibleWindow return for unsupported devices
07-25 14:42:25.984 I/DreamController( 1923): Starting dream: name=ComponentInfo{com.android.systemui/com.android.systemui.doze.DozeService}, isPreviewMode=false, canDoze=true, userId=0, reason='power manager request'
07-25 14:42:25.985 D/DisplayManagerService( 1923): Ignore redundant display event 0/2 to 10121/11151
07-25 14:42:25.986 D/DisplayManagerService( 1923): performTraversalInternal pendingTraversal
07-25 14:42:25.986 D/DisplayDevice( 1923): setLayerStackLocked id=local:4627039422300187648 token=android.os.BinderProxy@dde947c stack=-1->-1
07-25 14:42:25.987 D/DisplayManagerService( 1923): Ignore redundant display event 0/2 to 10249/15193
07-25 14:42:25.987 D/DisplayManagerService( 1923): Ignore redundant display event 0/2 to 10136/15605
07-25 14:42:25.987 D/DisplayManagerService( 1923): Ignore redundant display event 0/2 to 10093/15647
07-25 14:42:25.988 D/DisplayManagerService( 1923): Ignore redundant display event 0/2 to 10439/18436
07-25 14:42:25.988 D/DisplayManagerService( 1923): MSG_REQUEST_TRAVERSAL pendingCompleted=false
07-25 14:42:26.001 D/AutofillManagerService( 1923): Close system dialogs
07-25 14:42:26.001 V/AutofillUI( 1923): hideSaveUiUiThread(): mSaveUi=null, callback=null, mCallback=null
07-25 14:42:26.014 W/OplusStorageManagerFeature( 1923): turn screenOff, maintPrepared:false
07-25 14:42:26.016 D/vold    (  593): ufshid started
07-25 14:42:26.019 I/vold    (  593): [libfs_mgr] mgs test solvit start
07-25 14:42:26.030 I/vold    (  593): [libfs_mgr] stream not support 
07-25 14:42:26.031 D/vold    (  593): ufshid end
07-25 14:42:26.033 D/OplusFeatureAOD( 1923): key:1923 tmp:2
07-25 14:42:26.034 D/DisplayPowerController[0]( 1923): requestPowerState: policy=DOZE, useProximitySensor=false, screenBrightnessOverride=-1.0, useAutoBrightness=false, screenAutoBrightnessAdjustmentOverride=NaN, screenLowPowerBrightnessFactor=1.0, blockScreenOn=false, lowPowerMode=false, boostScreenBrightness=false, dozeScreenBrightness=NaN, dozeScreenState=UNKNOWN, waitForNegativeProximity=false displayReady=false pendingRequest=true
07-25 14:42:26.034 D/DisplayManagerServiceExtImpl( 1923): request size(1,1),dpc=com.android.server.display.DisplayPowerController@65c876f size(0,1),flags=0X200F,id(0,0,local:4627039422300187648),enable=true,ready=false,waitForNegativeProximity=false policy=DOZE,useProximitySensor=false,dozeState=UNKNOWN,screenBrightnessOverride=-1.000000,useAuto=false,lowPower=false,lowPowerFactor=1.000000
07-25 14:42:26.038 D/DisplayPowerController[0]( 1923): updatePowerStateInternal policy:OFF->DOZE,state:OFF->OFF policy=DOZE, useProximitySensor=false, screenBrightnessOverride=-1.0, useAutoBrightness=false, screenAutoBrightnessAdjustmentOverride=NaN, screenLowPowerBrightnessFactor=1.0, blockScreenOn=false, lowPowerMode=false, boostScreenBrightness=false, dozeScreenBrightness=NaN, dozeScreenState=UNKNOWN
07-25 14:42:26.038 D/OplusPowerManagerHelper( 1923): [onGoToSleep]
07-25 14:42:26.039 E/OplusCustomizeRestrictionManagerService( 1923): isBiometricDisabled start
07-25 14:42:26.039 D/OplusFeatureAOD( 1923): notifySfUnBlockScreenOn
07-25 14:42:26.043 D/NotifierExtImpl( 1923): notifyScreenOnOff: on = false
07-25 14:42:26.043 D/OplusPowerManagerServiceEnhance( 1923): notifyScreenOnOff on=false
07-25 14:42:26.055 D/NAS-CallIssueController[1]( 2870): ActionsExecuteStateMachine recv msg:5
07-25 14:42:26.056 D/NAS-CallIssueController[0]( 2870): ActionsExecuteStateMachine recv msg:5
07-25 14:42:26.057 D/OplusGuardElfFeature( 1923): ICharger service = vendor.oplus.hardware.charger.ICharger$Stub$Proxy@2458e3d
07-25 14:42:26.059 D/OplusGuardElfFeature( 1923): ICharger set value = 0
07-25 14:42:26.059 D/OplusGuardElfFeature( 1923): calling class name = ThermalControlUtils
07-25 14:42:26.060 D/OplusBatteryManager( 4732): set charge value = 0
07-25 14:42:26.077 I/PowerManagerService( 1923): onFlip(): Face up.
07-25 14:42:26.078 D/PowerManagerService( 1923): onFlip: isFaceDown=false
07-25 14:42:26.078 D/PowerManagerService( 1923): userActivityNoUpdateLocked: groupId=0, eventTime=2006900852, event=other, flags=0x0, uid=1000
07-25 14:42:26.104 D/OplusAlarmAdjustment( 1923): MSG_SCREEN_OFF, mAlignInterval=300000 ms, mScreenOffElapsed=4077849284 ms
07-25 14:42:26.108 D/OplusUserManagerServiceEnhance( 1923): getMultiSystemUserId  res = -10000
07-25 14:42:26.108 D/OplusFeatureColorMode( 1923): +updateUserDreaming
07-25 14:42:26.114 D/OplusUserManagerServiceEnhance( 1923): getMultiSystemUserId  res = -10000
07-25 14:42:26.118 D/DeviceStateProviderImpl( 1923): keyguard show or sleep: true mLastReportedState 0
07-25 14:42:26.126 D/OplusFeatureAOD( 1923): key:1923 tmp:3
07-25 14:42:26.127 D/DisplayPowerController[0]( 1923): requestPowerState: policy=DOZE, useProximitySensor=false, screenBrightnessOverride=-1.0, useAutoBrightness=false, screenAutoBrightnessAdjustmentOverride=NaN, screenLowPowerBrightnessFactor=1.0, blockScreenOn=false, lowPowerMode=false, boostScreenBrightness=false, dozeScreenBrightness=NaN, dozeScreenState=DOZE, waitForNegativeProximity=false displayReady=false pendingRequest=true
07-25 14:42:26.127 D/DisplayManagerServiceExtImpl( 1923): request size(1,1),dpc=com.android.server.display.DisplayPowerController@65c876f size(0,1),flags=0X200F,id(0,0,local:4627039422300187648),enable=true,ready=false,waitForNegativeProximity=false policy=DOZE,useProximitySensor=false,dozeState=DOZE,screenBrightnessOverride=-1.000000,useAuto=false,lowPower=false,lowPowerFactor=1.000000
07-25 14:42:26.129 D/OplusFeatureMEMCGame_PW( 1923): screen off
07-25 14:42:26.133 D/VRR [OPlusRefreshRateService]( 1923): handleScreenStateChange state: 3
07-25 14:42:26.134 D/OplusInterceptLockScreenWindow( 1923): starting IOplusLockScreenCallbacks service...
07-25 14:42:26.135 V/UsbDeviceManager( 1923): onKeyguardStateChanged: isShowing:true secure:true user:0
07-25 14:42:26.135 D/BackLightStat( 1923): setScreenState: state changed:OFF->DOZE
07-25 14:42:26.135 V/UsbDeviceManager( 1923): onKeyguardStateChanged: isShowing:true secure:true user:0
07-25 14:42:26.135 D/DisplayPowerState[0]( 1923): setColorFadeLevel: level=1.0
07-25 14:42:26.144 D/OplusFeatureHDREnhanceBrightness( 1923): setAnimating : displayId[0]=true
07-25 14:42:26.144 D/OplusFeatureReduceBrightness( 1923): setAnimating : animating = true
07-25 14:42:26.144 D/OplusFeatureEdrEnhanceBrightness( 1923): setAnimating: true
07-25 14:42:26.144 D/OplusFeaturePwEdrEnhanceBrightness( 1923): setAnimating: true
07-25 14:42:26.145 D/DpcExtImpl[0]( 1923): Animating brightness: target=12->0,rate=6400->6400,type=manual,byUse=false local:4627039422300187648
07-25 14:42:26.145 D/OplusSmartBrightnessController( 1923): add for debug Aod brightness set 1.0
07-25 14:42:26.150 D/DisplayPowerState[0]( 1923): Updating screen state: id=0, state=DOZE, backlight=1.0, sdrBacklight=1.0
07-25 14:42:26.150 D/OplusSmartBrightnessController( 1923): requestDisplayState isFirstDisplay=true state=3 globalDisplayState=0x3
07-25 14:42:26.150 D/LocalDisplayAdapter( 1923): setDisplayState(id=4627039422300187648 isFirstDisplay=true state changed:OFF->DOZE) t-Name=PhotonicModulator
07-25 14:42:26.153 I/DisplayDeviceRepository( 1923): Display device changed state: "Built-in screen", DOZE
07-25 14:42:26.153 D/LogicalDisplayExt( 1923): set displayInfo flag FLAG_ROTATES_WITH_CONTENT
07-25 14:42:26.158 D/OplusFeatureHDREnhanceBrightness( 1923): setAnimating : displayId[0]=false
07-25 14:42:26.158 D/OplusFeatureReduceBrightness( 1923): setAnimating : animating = false
07-25 14:42:26.158 D/OplusFeatureEdrEnhanceBrightness( 1923): setAnimating: false
07-25 14:42:26.158 D/OplusFeaturePwEdrEnhanceBrightness( 1923): setAnimating: false
07-25 14:42:26.158 D/OplusSmartBrightnessController( 1923): add for debug Aod brightness set 1.0
07-25 14:42:26.160 D/DisplayManagerServiceExtImpl( 1923): scheduleTraversalLocked intraversal=false
07-25 14:42:26.160 I/DisplayManagerServiceExtImpl( 1923): handle logical display changed logicalDisplay=id=0,stack=0,content=true,displayInfo{stack=0,type=1,id=0,uId=local:4627039422300187648,state=DOZE,pkg=null}
07-25 14:42:26.160 D/DisplayManagerService( 1923): Delivering display event: displayId=0, event=2
07-25 14:42:26.164 D/DisplayManagerService( 1923): Ignore redundant display event 0/2 to 10121/11151
