07-25 14:42:02.578 W/ActivityManager( 1923): 	at com.android.server.am.ActiveServices.removeConnectionLocked(ActiveServices.java:6287)
07-25 14:42:02.578 W/ActivityManager( 1923): 	at com.android.server.am.ActiveServices.unbindServiceLocked(ActiveServices.java:4157)
07-25 14:42:02.578 W/ActivityManager( 1923): 	at com.android.server.am.ActivityManagerService.unbindService(ActivityManagerService.java:14379)
07-25 14:42:02.578 W/ActivityManager( 1923): 	at android.app.ContextImpl.unbindService(ContextImpl.java:2223)
07-25 14:42:02.578 W/ActivityManager( 1923): 	at com.android.server.additional.DebugLogService$2.onServiceDisconnected(DebugLogService.java:165)
07-25 14:42:02.578 W/ActivityManager( 1923): 	at android.app.LoadedApk$ServiceDispatcher.doDeath(LoadedApk.java:2423)
07-25 14:42:02.578 W/ActivityManager( 1923): 	at android.app.LoadedApk$ServiceDispatcher$RunConnection.run(LoadedApk.java:2438)
07-25 14:42:02.578 W/ActivityManager( 1923): 	at android.os.Handler.handleCallback(Handler.java:958)
07-25 14:42:02.578 W/ActivityManager( 1923): 	at android.os.Handler.dispatchMessage(Handler.java:99)
07-25 14:42:02.578 W/ActivityManager( 1923): 	at android.os.Looper.loopOnce(Looper.java:257)
07-25 14:42:02.578 W/ActivityManager( 1923): 	at android.os.Looper.loop(Looper.java:368)
07-25 14:42:02.578 W/ActivityManager( 1923): 	at com.android.server.SystemServer.run(SystemServer.java:1077)
07-25 14:42:02.578 W/ActivityManager( 1923): 	at com.android.server.SystemServer.main(SystemServer.java:688)
07-25 14:42:02.578 W/ActivityManager( 1923): 	at java.lang.reflect.Method.invoke(Native Method)
07-25 14:42:02.578 W/ActivityManager( 1923): 	at com.android.internal.os.RuntimeInit$MethodAndArgsCaller.run(RuntimeInit.java:572)
07-25 14:42:02.578 W/ActivityManager( 1923): 	at com.android.internal.os.ZygoteInit.main(ZygoteInit.java:1027)
07-25 14:42:02.579 W/ActivityManager( 1923): Process 18583 does not match uid 1000 ignore setting hits oom adj
07-25 14:42:02.580 I/ActivityManager( 1923): Process com.oplus.lfeh (pid 18583) has died: cch+5 CEM 
07-25 14:42:02.774 V/MonthTrafficAlert( 2870): getWarningNotification subId:1 numWarningNotificaion:0
07-25 14:42:02.774 V/TrafficAlert( 2870): getLimitNotification subId:1 ,numLimitNotificaion:0
07-25 14:42:03.438 D/UsageStatsService( 1923): User[0] type=0 b=1753434559476 e=1753434723436 cb=1753366481953 ce=1753434721203 disk=0 all=9
07-25 14:42:04.004 W/ActivityManager( 1923): Foreground service started from background can not have location/camera/microphone access: service com.noisefit/.receiver.service.ConnectionService
07-25 14:42:04.011 W/ActivityManager( 1923): Foreground service started from background can not have location/camera/microphone access: service com.noisefit/.receiver.service.ConnectionService
07-25 14:42:04.018 W/ActivityManager( 1923): Foreground service started from background can not have location/camera/microphone access: service com.noisefit/.receiver.service.ConnectionService
07-25 14:42:05.015 I/OplusStatusBarManagerServiceEnhance( 1923):  getTopIsFullscreen mTopIsFullscreen: false
07-25 14:42:05.015 D/NotificationService--OplusNotificationManagerServiceExtImpl( 1923): isForwardToAssistants: false, case : Is in mMcsNotInterceptPkgList or is isSystemApp
07-25 14:42:05.015 D/NotificationService( 1923): This application enqueue notifications is not need postDelayed
07-25 14:42:05.022 V/MonthTrafficAlert( 2870): getWarningNotification subId:1 numWarningNotificaion:0
07-25 14:42:05.023 V/TrafficAlert( 2870): getLimitNotification subId:1 ,numLimitNotificaion:0
07-25 14:42:05.885 V/MonthTrafficAlert( 2870): getWarningNotification subId:1 numWarningNotificaion:0
07-25 14:42:05.885 V/TrafficAlert( 2870): getLimitNotification subId:1 ,numLimitNotificaion:0
07-25 14:42:08.231 I/OplusStatusBarManagerServiceEnhance( 1923):  getTopIsFullscreen mTopIsFullscreen: false
07-25 14:42:08.231 D/NotificationService--OplusNotificationManagerServiceExtImpl( 1923): isForwardToAssistants: false, case : Is in mMcsNotInterceptPkgList or is isSystemApp
07-25 14:42:08.231 D/NotificationService( 1923): This application enqueue notifications is not need postDelayed
07-25 14:42:08.257 V/MonthTrafficAlert( 2870): getWarningNotification subId:1 numWarningNotificaion:0
07-25 14:42:08.257 V/TrafficAlert( 2870): getLimitNotification subId:1 ,numLimitNotificaion:0
07-25 14:42:08.266 D/OplusProxyWakeLock( 1923): restore uid :10249  pid : 0 wakelock: lock:194464761 PARTIAL_WAKE_LOCK              'Metri' (uid=10249 pid=15193)
07-25 14:42:08.973 I/PowerGroup( 1923): Napping power group (groupId=0, uid=1000)...
07-25 14:42:08.973 I/PowerManagerService( 1923): Nap time (uid 1000)...
07-25 14:42:08.977 D/OplusFeatureAOD( 1923): notifySfUnBlockScreenOn
07-25 14:42:08.978 I/PowerManagerService( 1923): handleSandman: TIMEOUT dozePowerGroupLocked
07-25 14:42:08.979 D/OplusPowerManagerHelper( 1923): goToSleepNoUpdateLocked  needIntercepet: false
07-25 14:42:08.984 I/PowerGroup( 1923): Powering off display group due to timeout (groupId= 0, uid= 1000, millisSinceLastUserActivity=60027, lastUserActivityEvent=touch)...
07-25 14:42:08.984 I/PowerManagerService( 1923): Going to sleep due to timeout (uid 1000, screenOffTimeout=60000, activityTimeoutWM=-1, maxDimRatio=0.20000005, maxDimDur=7000)...
07-25 14:42:08.987 D/OplusPowerManagerHelper( 1923): wakelock list dump: mLocks.size=3:
07-25 14:42:08.987 D/OplusPowerManagerHelper( 1923): No.0: PARTIAL_WAKE_LOCK             activated(flags=1, uid=1000, pid=1923) total=165037ms)
07-25 14:42:08.987 D/OplusPowerManagerHelper( 1923): No.1: PARTIAL_WAKE_LOCK             activated(flags=1, uid=1000, pid=1923) total=165014ms)
07-25 14:42:08.987 D/OplusPowerManagerHelper( 1923): No.2: PARTIAL_WAKE_LOCK             activated(flags=1, uid=10249, pid=15193) total=721ms)
07-25 14:42:08.994 V/AutofillInlineSuggestionsRequestSession( 1923): onInputMethodFinishInput() received
07-25 14:42:08.995 D/DisplayPowerController[0]( 1923): requestPowerState: policy=OFF, useProximitySensor=false, screenBrightnessOverride=-1.0, useAutoBrightness=false, screenAutoBrightnessAdjustmentOverride=NaN, screenLowPowerBrightnessFactor=1.0, blockScreenOn=false, lowPowerMode=false, boostScreenBrightness=false, dozeScreenBrightness=NaN, dozeScreenState=UNKNOWN, waitForNegativeProximity=false displayReady=false pendingRequest=true
07-25 14:42:08.996 D/DisplayManagerServiceExtImpl( 1923): request size(1,1),dpc=com.android.server.display.DisplayPowerController@65c876f size(0,1),flags=0X200F,id(0,0,local:4627039422300187648),enable=true,ready=false,waitForNegativeProximity=false policy=OFF,useProximitySensor=false,dozeState=UNKNOWN,screenBrightnessOverride=-1.000000,useAuto=false,lowPower=false,lowPowerFactor=1.000000
07-25 14:42:09.084 D/OneHandedController(14113): setLockedDisabled locked = true, enabled = false ,FeatureEnabled = false
07-25 14:42:09.117 I/OplusSmartBrightnessController( 1923): handleBrightnessTotalRateType displayId[0]=dim->manual
07-25 14:42:09.118 D/DisplayPowerController[0]( 1923): updatePowerStateInternal policy:DIM->OFF,state:ON->OFF policy=OFF, useProximitySensor=false, screenBrightnessOverride=-1.0, useAutoBrightness=false, screenAutoBrightnessAdjustmentOverride=NaN, screenLowPowerBrightnessFactor=1.0, blockScreenOn=false, lowPowerMode=false, boostScreenBrightness=false, dozeScreenBrightness=NaN, dozeScreenState=UNKNOWN
07-25 14:42:09.126 V/MonthTrafficAlert( 2870): getWarningNotification subId:1 numWarningNotificaion:0
07-25 14:42:09.127 V/TrafficAlert( 2870): getLimitNotification subId:1 ,numLimitNotificaion:0
07-25 14:42:09.142 D/DisplayPowerState[0]( 1923): setColorFadeLevel: level=0.98429155
07-25 14:42:09.158 D/DisplayPowerState[0]( 1923): setColorFadeLevel: level=0.9343158
07-25 14:42:09.174 D/DisplayPowerState[0]( 1923): setColorFadeLevel: level=0.8535534
07-25 14:42:09.191 D/DisplayPowerState[0]( 1923): setColorFadeLevel: level=0.75452065
07-25 14:42:09.208 D/DisplayPowerState[0]( 1923): setColorFadeLevel: level=0.63193655
07-25 14:42:09.224 D/DisplayPowerState[0]( 1923): setColorFadeLevel: level=0.5078536
07-25 14:42:09.242 D/DisplayPowerState[0]( 1923): setColorFadeLevel: level=0.37565517
07-25 14:42:09.257 D/DisplayPowerState[0]( 1923): setColorFadeLevel: level=0.2522707
07-25 14:42:09.274 D/DisplayPowerState[0]( 1923): setColorFadeLevel: level=0.15204358
07-25 14:42:09.291 D/DisplayPowerState[0]( 1923): setColorFadeLevel: level=0.06962907
07-25 14:42:09.307 D/DisplayPowerState[0]( 1923): setColorFadeLevel: level=0.019853115
07-25 14:42:09.324 D/DisplayPowerState[0]( 1923): setColorFadeLevel: level=6.169081E-5
07-25 14:42:09.340 D/DisplayPowerState[0]( 1923): setColorFadeLevel: level=0.0
07-25 14:42:09.341 D/DpcExtImpl[0]( 1923): RECORD: Animation finished when screen is off isInteractive: false
07-25 14:42:09.344 D/Biometrics_DEBUG( 1923): [onGoToSleepFinish]
07-25 14:42:09.356 E/OplusCustomizeRestrictionManagerService( 1923): isBiometricDisabled start
07-25 14:42:09.360 D/DisplayPowerState[0]( 1923): updateRunnable run fadeLevle=0.0 state=ON brightness changed:12.0->-1.0
07-25 14:42:09.360 I/DisplayPowerController[0]( 1923): Blocking screen off
07-25 14:42:09.360 I/DisplayPowerController[0]( 1923): Unblocked screen off after 0 ms
07-25 14:42:09.360 D/OplusSmartBrightnessController( 1923): onScreenEvent isScreenOn displayId[0]=false isFolding=false policy=OFF
07-25 14:42:09.360 D/OplusSmartBrightnessController( 1923): NeedResetSpline:false, NeedResetSplineByLargeChange:false
07-25 14:42:09.362 D/VRR [OPlusRefreshRateService]( 1923): handleScreenStateChange state: 1
07-25 14:42:09.362 I/OplusSmartBrightnessController( 1923): handleMessage MSG_NEXT_LUX_WILL_CHANGED.
07-25 14:42:09.363 D/OplusFeatureHDREnhanceBrightness( 1923): MSG_RUS_APPLY false
07-25 14:42:09.364 D/DisplayPowerState[0]( 1923): setScreenState: state=1
07-25 14:42:09.364 W/WindowManager( 1923): captureTaskSnapshot mSnapshotMode= 0
07-25 14:42:09.365 D/BackLightStat( 1923): setScreenState: state changed:ON->OFF
07-25 14:42:09.365 D/TaskSnapshotControllerExtImpl( 1923): createTaskSnapshot isCompatMode:false, isCompactWindow:false
07-25 14:42:09.366 D/OplusFeatureDCBacklight( 1923): notifySfRepaintEverything begin mCurrentDCMode:0brightness=-1threshold=260
07-25 14:42:09.379 E/Biometrics/Fingerprint21/Fingerprint21ServiceProviderExtImpl( 1923): mFingerprintCommandCallback is null
07-25 14:42:09.385 D/TaskSnapshotCache( 1923): putSnapshot mRunningCache top= ActivityRecord{ec4ad12 u0 com.Slack/slack.features.messagedetails.MessageDetailsActivity t15736}, mTaskId=15736, snapshot=TaskSnapshot{ mId=1753434729364 mCaptureTime=4077832565183992 mTopActivityComponent=com.Slack/slack.features.messagedetails.MessageDetailsActivity mSnapshot=android.hardware.HardwareBuffer@f9b2bc5 (1080x2412) mColorSpace=sRGB IEC61966-2.1 (id=0, model=RGB) mOrientation=1 mRotation=0 mTaskSize=Point(1080, 2412) mContentInsets=[0,96][0,48] mLetterboxInsets=[0,0][0,0] mIsLowResolution=false mIsRealSnapshot=true mWindowingMode=1 mAppearance=0 mIsTranslucent=true mHasImeSurface=false, mAppIdMap size= 7
07-25 14:42:09.385 D/ActivityTaskManager( 1923): Top Process State changed to PROCESS_STATE_TOP_SLEEPING
07-25 14:42:09.387 D/WindowManager( 1923):  setIsSleeping from  false to true this=Display{#0 state=ON size=1080x2412 ROTATION_0}
07-25 14:42:09.393 D/OplusTransitionController( 1923): requestStartTransition, requestInfo type: SLEEP, remoteTransition: null, displayChange: null, transition: TransitionRecord{30fc628 id=46850 type=SLEEP flags=0x0}, caller: com.android.server.wm.TransitionControllerExtImpl.requestStartTransition:41 com.android.server.wm.TransitionController.requestStartTransition:738 com.android.server.wm.RootWindowContainer.lambda$applySleepTokens$19:2705 com.android.server.wm.RootWindowContainer.$r8$lambda$23BILeSwDpDN-3rvXPe_T49ONuI:0 com.android.server.wm.RootWindowContainer$$ExternalSyntheticLambda11.onCollectStarted:0 
07-25 14:42:09.394 D/OplusFlexibleActivityTransitionManager( 1923): fixTransitType type result:12, targets: []
07-25 14:42:09.394 D/OplusTransitionController( 1923): onTransactionReady, syncId: 46850, 
07-25 14:42:09.394 D/OplusTransitionController( 1923):  info: {id=46850 t=SLEEP f=0x0 trk=0 r=[] c=[]}, 
07-25 14:42:09.394 D/OplusTransitionController( 1923):  targets : []
07-25 14:42:09.395 V/WindowManagerShell(14113): Transition requested: android.os.BinderProxy@bc79f5b TransitionRequestInfo { type = SLEEP, triggerTask = null, remoteTransition = null, displayChange = null }
07-25 14:42:09.399 V/WindowManager( 1923): Sent Transition #46850 createdAt=07-25 14:42:09.387 via request=TransitionRequestInfo { type = SLEEP, triggerTask = null, remoteTransition = null, displayChange = null }
07-25 14:42:09.399 V/WindowManager( 1923):     startWCT=null
07-25 14:42:09.399 V/WindowManager( 1923):     info={id=46850 t=SLEEP f=0x0 trk=0 r=[] c=[]}
07-25 14:42:09.405 D/WindowManager( 1923): screenTurnedOff  Display{#0 state=ON size=1080x2412 ROTATION_0}
07-25 14:42:09.405 W/Transition( 1923): Transition already started id=46850 state=2
07-25 14:42:09.406 D/OplusInterceptLockScreenWindow( 1923): starting IOplusLockScreenCallbacks service...
07-25 14:42:09.406 V/WindowManagerShell(14113): onTransitionReady android.os.BinderProxy@bc79f5b: {id=46850 t=SLEEP f=0x0 trk=0 r=[] c=[]}
07-25 14:42:09.408 V/WindowManagerShell(14113): No transition roots in (#46850)android.os.BinderProxy@bc79f5b@0 so abort
07-25 14:42:09.411 V/WindowManagerShell(14113): Transition animation finished (aborted=true), notifying core (#46850)android.os.BinderProxy@bc79f5b@0
07-25 14:42:09.413 D/OplusTransitionController( 1923): finishTransition, transition: TransitionRecord{30fc628 id=46850 type=SLEEP flags=0x0}
07-25 14:42:09.413 D/RefreshRate( 1923): ***** request traversal for refresh rate change : mChangeInAnimation = false, highTempRefreshRateChanged = false *****
07-25 14:42:09.413 D/TransitionController( 1923): NFW_send RECOMPUTE_FOCUS in finishTransition
07-25 14:42:09.414 D/ShellTaskOrganizer(14113): onTransitionFinish, isRecent:false
07-25 14:42:09.414 V/WindowManager( 1923): Finish Transition #46850: created at 07-25 14:42:09.387 collect-started=0.026ms request-sent=0.537ms started=6.726ms ready=6.722ms sent=7.113ms finished=24.582ms
07-25 14:42:09.414 V/WindowManagerShell(14113): Track 0 became idle
07-25 14:42:09.414 V/WindowManagerShell(14113): All active transition animations finished
07-25 14:42:09.423 D/OplusAppListInterceptManager( 1923): shouldFilterTask
07-25 14:42:09.423 D/OplusAppListInterceptManager( 1923): shouldFilterTask::packageName = com.Slack
07-25 14:42:09.423 D/ActivityTaskManager( 1923): Skipping, invisible task: Task{f12601b #12069 type=home I=com.android.launcher/.Launcher}
07-25 14:42:09.424 D/OplusAppListInterceptManager( 1923): shouldFilterTask
07-25 14:42:09.424 D/OplusAppListInterceptManager( 1923): shouldFilterTask::packageName = com.coloros.filemanager
07-25 14:42:09.424 D/OplusAppListInterceptManager( 1923): shouldFilterTask
07-25 14:42:09.424 D/OplusAppListInterceptManager( 1923): shouldFilterTask::packageName = in.amazon.mShop.android.shopping
07-25 14:42:09.424 D/OplusAppListInterceptManager( 1923): shouldFilterTask
07-25 14:42:09.424 D/OplusAppListInterceptManager( 1923): shouldFilterTask::packageName = com.android.settings
07-25 14:42:09.424 D/CompatibilityChangeReporter( 1923): Compat change id reported: 197654537; UID 1000; state: ENABLED
07-25 14:42:09.424 D/OplusSplitScreenManagerService( 1923): com.android.settings unSupportsSplitScreen by blockList or ForbidActivityList
07-25 14:42:09.424 D/OplusSplitScreenManagerService( 1923): com.android.settings unSupportsSplitScreen by blockList or ForbidActivityList
07-25 14:42:09.425 D/OplusAppListInterceptManager( 1923): shouldFilterTask
07-25 14:42:09.425 D/OplusAppListInterceptManager( 1923): shouldFilterTask::packageName = com.android.chrome
07-25 14:42:09.425 D/OplusAppListInterceptManager( 1923): shouldFilterTask
07-25 14:42:09.425 D/OplusAppListInterceptManager( 1923): shouldFilterTask::packageName = com.google.android.googlequicksearchbox
07-25 14:42:09.425 D/OplusAppListInterceptManager( 1923): shouldFilterTask
07-25 14:42:09.425 D/OplusAppListInterceptManager( 1923): shouldFilterTask::packageName = com.instagram.android
07-25 14:42:09.425 D/CompatibilityChangeReporter( 1923): Compat change id reported: 197654537; UID 10449; state: ENABLED
07-25 14:42:09.425 D/OplusSplitScreenManagerService( 1923): com.instagram.android unSupportsSplitScreen by blockList or ForbidActivityList
07-25 14:42:09.425 D/OplusAppListInterceptManager( 1923): shouldFilterTask
07-25 14:42:09.425 D/OplusAppListInterceptManager( 1923): shouldFilterTask::packageName = com.whatsapp
07-25 14:42:09.426 D/OplusAppListInterceptManager( 1923): shouldFilterTask
07-25 14:42:09.426 D/OplusAppListInterceptManager( 1923): shouldFilterTask::packageName = com.google.android.apps.nbu.paisa.user
07-25 14:42:09.426 D/OplusAppListInterceptManager( 1923): shouldFilterTask
07-25 14:42:09.426 D/OplusAppListInterceptManager( 1923): shouldFilterTask::packageName = com.google.android.dialer
07-25 14:42:09.426 D/ActivityTaskManager( 1923): after skip size 10
07-25 14:42:09.430 I/ColorAutomaticBrightnessController( 1923): updateAutoBrightness: Auto, sendUpdate = false adjustment=16060.784180,changed:12->4488,modified:4488->4488->4488,changed=true,cameraMode=-1,ProximityNear=false
07-25 14:42:09.431 D/DisplayPowerState[0]( 1923): updateRunnable run fadeLevle=0.0 state=OFF brightness changed:12.0->-1.0
07-25 14:42:09.432 D/DisplayPowerState[0]( 1923): Updating screen state: id=0, state=OFF, backlight=-1.0, sdrBacklight=-1.0
07-25 14:42:09.435 D/OplusSmartBrightnessController( 1923): requestDisplayState isFirstDisplay=true state=1 globalDisplayState=0x0
07-25 14:42:09.435 D/LocalDisplayAdapter( 1923): setDisplayState(id=4627039422300187648 isFirstDisplay=true state changed:ON->OFF) t-Name=PhotonicModulator
07-25 14:42:09.435 V/WindowManager( 1923): Changing focus from Window{b5ea154 u0 com.Slack/slack.features.messagedetails.MessageDetailsActivity} to null,diplayid=0
07-25 14:42:09.437 W/WindowManager( 1923): captureTaskSnapshot mSnapshotMode= 0
07-25 14:42:09.437 I/WindowManager( 1923): Attempted to take screenshot while display was off.
07-25 14:42:09.438 W/WindowManager( 1923): captureTaskSnapshot mSnapshotMode= 0
07-25 14:42:09.438 I/WindowManager( 1923): Attempted to take screenshot while display was off.
07-25 14:42:09.443 I/SurfaceAnimationRunner( 1923): startAnimation requiresEdgeExtension=false, animationLeash=Surface(name=Surface(name=Dim Layer for - Task=15736)/@0x1dbc0fd - animation-leash of dimmer)/@0xed41579, runningAnim=com.android.server.wm.SurfaceAnimationRunner$RunningAnimation@36e32be, mPreProcessingAnimations={}
07-25 14:42:09.446 I/TaskOrganizerController( 1923): onTaskInfoChanged taskid 15736 config { mBounds=Rect(0, 0 - 1080, 2412) mAppBounds=Rect(0, 96 - 1080, 2364) mMaxBounds=Rect(0, 0 - 1080, 2412) mDisplayRotation=ROTATION_0 mWindowingMode=fullscreen mDisplayWindowingMode=fullscreen mActivityType=standard mAlwaysOnTop=undefined mRotation=ROTATION_0}
07-25 14:42:09.446 D/FlexibleWindowManager( 1923): onFlexibleWindowTaskInfoChanged: mTaskId = 15736 oldIsTaskEmbedded = false   curIsTaskEmbedded = false  topActivity = ComponentInfo{com.Slack/slack.features.messagedetails.MessageDetailsActivity}
07-25 14:42:09.446 D/OplusFlexibleWindowMinimizedManagerHelper( 1923): onTaskInfoChanged taskInfo:TaskInfo{userId=0 taskId=15736 displayId=0 isRunning=true baseIntent=Intent { act=android.intent.action.MAIN cat=[android.intent.category.LAUNCHER] flg=0x10200000 cmp=com.Slack/slack.features.home.HomeActivity mCallingUid=10172 } baseActivity=ComponentInfo{com.Slack/slack.features.home.HomeActivity} topActivity=ComponentInfo{com.Slack/slack.features.messagedetails.MessageDetailsActivity} origActivity=null realActivity=ComponentInfo{com.Slack/slack.features.home.HomeActivity} numActivities=2 lastActiveTime=4077832576 supportsSplitScreenMultiWindow=true supportsMultiWindow=true supportsPocketStudioMultiWindow=true isInFlexibleEmbedded = false uid = 10363 pid = 10980 resizeMode=2 isResizeable=true minWidth=-1 minHeight=-1 defaultMinSize=220 token=WCT{RemoteToken{f01315 Task{15d71c5 #15736 type=standard A=10363:com.Slack}}} topActivityType=1 pictureInPictureParams=null shouldDockBigOverlays=false launchIntoPipHostTaskId=-1 lastParentTaskIdBeforePip=-1 displayCutoutSafeInsets=Rect(0, 96 - 0, 0) topActivityInfo=ActivityInfo{8f1749d slack.features.messagedetails.MessageDetailsActivity} launchCookies=[android.os.BinderProxy@ce2d289, android.os.BinderProxy@6f7325c] positionInParent=Point(0, 0) parentTaskId=-1 isFocused=true isVisible=false isVisibleRequested=false isSleeping=true topActivityInSizeCompat=false topActivityInOplusCompatMode=false topActivityEligibleForLetterboxEducation= false topActivityLetterboxed= false isFromDoubleTap= false topActivityLetterboxVerticalPosition= -1 topActivityLetterboxHorizontalPosition= -1 topActivityLetterboxWidth=-1 topActivityLetterboxHeight=-1 locusId=null displayAreaFeatureId=1 cameraCompatControlState=hidden locusId= null topActivityLetterboxInsets=Rect(0, 0 - 0, 0)} task:Task{15d71c5 #15736 type=standard A=10363:com.Slack}
07-25 14:42:09.448 D/ShellTaskOrganizer(14113): dispatchTaskEventToClientIfNeed, eventType:2, taskInfo:TaskInfo{userId=0 taskId=15736 displayId=0 isRunning=true baseIntent=Intent { act=android.intent.action.MAIN cat=[android.intent.category.LAUNCHER] flg=0x10200000 cmp=com.Slack/slack.features.home.HomeActivity mCallingUid=10172 } baseActivity=ComponentInfo{com.Slack/slack.features.home.HomeActivity} topActivity=ComponentInfo{com.Slack/slack.features.messagedetails.MessageDetailsActivity} origActivity=null realActivity=ComponentInfo{com.Slack/slack.features.home.HomeActivity} numActivities=2 lastActiveTime=4077832576 supportsSplitScreenMultiWindow=true supportsMultiWindow=true supportsPocketStudioMultiWindow=true isInFlexibleEmbedded = false uid = 10363 pid = 10980 resizeMode=2 isResizeable=true minWidth=-1 minHeight=-1 defaultMinSize=220 token=WCT{android.window.IWindowContainerToken$Stub$Proxy@c2f30d1} topActivityType=1 pictureInPictureParams=null shouldDockBigOverlays=false launchIntoPipHostTaskId=-1 lastParentTaskIdBeforePip=-1 displayCutoutSafeInsets=Rect(0, 96 - 0, 0) topActivityInfo=ActivityInfo{39da736 slack.features.messagedetails.MessageDetailsActivity} launchCookies=[android.os.BinderProxy@b07e2df, android.os.BinderProxy@d5d9e2d] positionInParent=Point(0, 0) parentTaskId=-1 isFocused=true isVisible=false isVisibleRequested=false isSleeping=true topActivityInSizeCompat=false topActivityInOplusCompatMode=false topActivityEligibleForLetterboxEducation= false topActivityLetterboxed= false isFromDoubleTap= false topActivityLetterboxVerticalPosition= -1 topActivityLetterboxHorizontalPosition= -1 topActivityLetterboxWidth=-1 topActivityLetterboxHeight=-1 locusId=null displayAreaFeatureId=1 cameraCompatControlState=hidden locusId= null topActivityLetterboxInsets=Rect(0, 0 - 0, 0)}, leash:null
07-25 14:42:09.451 I/DisplayDeviceRepository( 1923): Display device changed state: "Built-in screen", OFF
07-25 14:42:09.451 D/LogicalDisplayExt( 1923): set displayInfo flag FLAG_ROTATES_WITH_CONTENT
07-25 14:42:09.452 D/DisplayManagerServiceExtImpl( 1923): scheduleTraversalLocked intraversal=false
07-25 14:42:09.452 I/DisplayManagerServiceExtImpl( 1923): handle logical display changed logicalDisplay=id=0,stack=0,content=true,displayInfo{stack=0,type=1,id=0,uId=local:4627039422300187648,state=OFF,pkg=null}
07-25 14:42:09.457 D/SurfaceAnimationRunner( 1923): onAnimationStart:Surface(name=Surface(name=Dim Layer for - Task=15736)/@0x1dbc0fd - animation-leash of dimmer)/@0xed41579
07-25 14:42:09.459 D/DisplayManagerService( 1923): Delivering display event: displayId=0, event=2
07-25 14:42:09.459 I/WallpaperManagerServiceExt( 1923): removeDisplayData. displayId = 0
07-25 14:42:09.463 D/DisplayManagerService( 1923): MSG_REQUEST_TRAVERSAL pendingCompleted=false
07-25 14:42:09.466 D/OplusVFXScreenEffectFeature( 1923): notifySFCompatWindowStateChange entered false
07-25 14:42:09.466 D/FlexibleWindowManager( 1923): physicalDisplayChangedForFlexibleWindow displayId 0, current display info 1080 x 2412, new display info 1080 x 2412
07-25 14:42:09.466 D/FlexibleTaskController( 1923): onDisplayChanged displayId#0 ,cur:1080x2412 ,new:1080x2412
07-25 14:42:09.466 D/FlexibleTaskController( 1923): onDisplayChanged displayId not support flexible.
07-25 14:42:09.466 D/FlexibleWindowManager( 1923): physicalDisplayChangedForFlexibleWindow return for unsupported devices
07-25 14:42:09.470 D/DisplayManagerService( 1923): performTraversalInternal pendingTraversal
07-25 14:42:09.470 D/DisplayDevice( 1923): setLayerStackLocked id=local:4627039422300187648 token=android.os.BinderProxy@dde947c stack=0->-1
07-25 14:42:09.470 I/DisplayDevice( 1923): [0] Layerstack set to -1 for local:4627039422300187648
07-25 14:42:09.530 D/CompatibilityChangeReporter( 1923): Compat change id reported: 202110963; UID 1000; state: ENABLED
07-25 14:42:09.570 I/OplusStatusBarManagerServiceEnhance( 1923):  getTopIsFullscreen mTopIsFullscreen: false
07-25 14:42:09.570 W/ActivityManager( 1923): Permission Denial: getTopApplicationInfo from pid=20483, uid=10449 requires oplus.permission.OPLUS_COMPONENT_SAFE
07-25 14:42:09.571 D/NotificationService--OplusNotificationManagerServiceExtImpl( 1923): isForwardToAssistants: true, case : Is local notification
07-25 14:42:09.571 D/NotificationService( 1923): This application enqueue notifications is need postDelayed mcsAssistantDelayTime: 200
07-25 14:42:09.572 I/OplusStatusBarManagerServiceEnhance( 1923):  getTopIsFullscreen mTopIsFullscreen: false
07-25 14:42:09.573 D/NotificationService( 1923): vibrateLinearmotorIfNeed, content://settings/system/notification_sound
07-25 14:42:09.578 W/NotificationHistory( 1923): Attempted to add notif for locked/gone/disabled user 0
07-25 14:42:09.637 V/AutofillManagerServiceImpl( 1923): updateSessionLocked(): session gone for 2147483647(10363)
07-25 14:42:09.673 D/SurfaceAnimationRunner( 1923): onAnimationEnd:Surface(name=Surface(name=Dim Layer for - Task=15736)/@0x1dbc0fd - animation-leash of dimmer)/@0xed41579
07-25 14:42:09.691 D/Biometrics/Fingerprint21/Fingerprint21ServiceProviderExtImpl( 1923): dispatchTouchUp
07-25 14:42:09.737 I/DisplayDeviceRepository( 1923): Display device changed state: "Built-in screen", OFF
07-25 14:42:09.737 D/LogicalDisplayExt( 1923): set displayInfo flag FLAG_ROTATES_WITH_CONTENT
07-25 14:42:09.737 D/HidlDisplayPanelFeature( 1923): getDisplayPanelFeatureValue +++, featureID:20
07-25 14:42:09.739 D/DisplayManagerServiceExtImpl( 1923): scheduleTraversalLocked intraversal=false
07-25 14:42:09.739 D/HidlDisplayPanelFeature( 1923): getDisplayPanelFeatureValue, ret = 0
07-25 14:42:09.739 I/HidlDisplayPanelFeature( 1923): [0]
07-25 14:42:09.739 I/DisplayManagerServiceExtImpl( 1923): handle logical display changed logicalDisplay=id=0,stack=0,content=true,displayInfo{stack=0,type=1,id=0,uId=local:4627039422300187648,state=OFF,pkg=null}
07-25 14:42:09.739 D/HidlDisplayPanelFeature( 1923): getDisplayPanelFeatureValue ---, result = [0]
07-25 14:42:09.739 D/DisplayManagerService( 1923): Delivering display event: displayId=0, event=2
07-25 14:42:09.739 D/OplusSilentRebootManager( 1923): silence flags file value is :0
07-25 14:42:09.740 D/DisplayPowerState[0]( 1923): updateRunnable run fadeLevle=0.0 state=OFF brightness changed:12.0->-1.0
07-25 14:42:09.741 I/WallpaperManagerServiceExt( 1923): removeDisplayData. displayId = 0
07-25 14:42:09.744 D/DisplayManagerService( 1923): Ignore redundant display event 0/2 to 10121/11151
07-25 14:42:09.745 D/PowerManagerServiceExtImpl( 1923): aodEnable: true
07-25 14:42:09.745 D/DisplayManagerService( 1923): Ignore redundant display event 0/2 to 10249/15193
07-25 14:42:09.745 D/DisplayManagerService( 1923): Ignore redundant display event 0/2 to 10136/15605
07-25 14:42:09.745 D/DisplayManagerService( 1923): Ignore redundant display event 0/2 to 10093/15647
07-25 14:42:09.746 D/DisplayManagerService( 1923): Ignore redundant display event 0/2 to 10439/18436
07-25 14:42:09.746 D/DisplayManagerService( 1923): MSG_REQUEST_TRAVERSAL pendingCompleted=false
07-25 14:42:09.747 I/DreamManagerService( 1923): Entering dreamland.
07-25 14:42:09.748 D/OplusVFXScreenEffectFeature( 1923): notifySFCompatWindowStateChange entered false
07-25 14:42:09.748 I/PowerManagerService( 1923): Dozing...
07-25 14:42:09.749 D/FlexibleWindowManager( 1923): physicalDisplayChangedForFlexibleWindow displayId 0, current display info 1080 x 2412, new display info 1080 x 2412
07-25 14:42:09.749 D/FlexibleTaskController( 1923): onDisplayChanged displayId#0 ,cur:1080x2412 ,new:1080x2412
07-25 14:42:09.749 D/FlexibleTaskController( 1923): onDisplayChanged displayId not support flexible.
07-25 14:42:09.749 D/FlexibleWindowManager( 1923): physicalDisplayChangedForFlexibleWindow return for unsupported devices
07-25 14:42:09.762 I/DreamController( 1923): Starting dream: name=ComponentInfo{com.android.systemui/com.android.systemui.doze.DozeService}, isPreviewMode=false, canDoze=true, userId=0, reason='power manager request'
07-25 14:42:09.764 D/DisplayManagerService( 1923): performTraversalInternal pendingTraversal
07-25 14:42:09.764 D/DisplayDevice( 1923): setLayerStackLocked id=local:4627039422300187648 token=android.os.BinderProxy@dde947c stack=-1->-1
07-25 14:42:09.771 D/AutofillManagerService( 1923): Close system dialogs
07-25 14:42:09.772 V/AutofillUI( 1923): hideSaveUiUiThread(): mSaveUi=null, callback=null, mCallback=null
07-25 14:42:09.800 I/ActivityManager( 1923): Process com.oplus.romupdate (pid 21043) has died: cch+15 CEM 
07-25 14:42:09.803 D/WindowManagerServiceExtImpl( 1923): extractConfigInfoAndRealFlags rotation=0, screenDp=360, win=Window{b5ea154 u0 com.Slack/slack.features.messagedetails.MessageDetailsActivity}
07-25 14:42:09.803 V/WindowManager( 1923): Relayout Window{b5ea154 u0 com.Slack/slack.features.messagedetails.MessageDetailsActivity}: viewVisibility=8, oldvis=0, req=1080x2412, vsysui=LAYOUT_STABLE
07-25 14:42:09.811 D/DisplayManagerService( 1923): Drop pending events for gone uid 10152
07-25 14:42:09.815 D/VRI[MessageDetailsActivity](10980): relayoutWindow result, sizeChanged:false, surfaceControlChanged:true, transformHintChanged:false, mSurfaceSize:Point(1080, 2412), mLastSurfaceSize:Point(1080, 2412), mWidth:1080, mHeight:2412, requestedWidth:1080, requestedHeight:2412, transformHint:0, lastTransformHint:0, installOrientation:0, displayRotation:0, isSurfaceValid:false, attr.flag:-2122252030, useBlast:true, tmpFrames:ClientWindowFrames{frame=[0,0][1080,2412] display=[0,0][1080,2412] parentFrame=[0,0][0,0]}
07-25 14:42:09.816 E/OAPM    ( 1923): activity preload is not enabled
07-25 14:42:09.825 I/ActivityManager( 1923): Process com.heytap.mcs.appservice (pid 20996) has died: cch+25 CEM 
07-25 14:42:09.836 W/ActivityManager( 1923): Process 20343 does not match uid 10097 ignore setting hits oom adj
07-25 14:42:09.840 I/ActivityManager( 1923): Process com.google.process.gservices (pid 20343) has died: cch+45 CEM 
07-25 14:42:09.847 W/OplusStorageManagerFeature( 1923): turn screenOff, maintPrepared:false
07-25 14:42:09.849 D/WindowManagerServiceExtImpl( 1923): extractConfigInfoAndRealFlags rotation=0, screenDp=360, win=Window{c8b9190 u0 com.Slack/slack.features.home.HomeActivity}
07-25 14:42:09.850 V/WindowManager( 1923): Relayout Window{c8b9190 u0 com.Slack/slack.features.home.HomeActivity}: viewVisibility=8, oldvis=0, req=1080x2412, vsysui=LAYOUT_STABLE
07-25 14:42:09.856 D/VRI[HomeActivity](10980): relayoutWindow result, sizeChanged:false, surfaceControlChanged:true, transformHintChanged:false, mSurfaceSize:Point(1080, 2412), mLastSurfaceSize:Point(1080, 2412), mWidth:1080, mHeight:2412, requestedWidth:1080, requestedHeight:2412, transformHint:0, lastTransformHint:0, installOrientation:0, displayRotation:0, isSurfaceValid:false, attr.flag:-2122252032, useBlast:true, tmpFrames:ClientWindowFrames{frame=[0,0][1080,2412] display=[0,0][1080,2412] parentFrame=[0,0][0,0]}
07-25 14:42:09.860 D/vold    (  593): ufshid started
07-25 14:42:09.864 I/vold    (  593): [libfs_mgr] mgs test solvit start
07-25 14:42:09.865 I/vold    (  593): [libfs_mgr] stream not support 
07-25 14:42:09.867 D/vold    (  593): ufshid end
07-25 14:42:09.869 D/OplusFeatureAOD( 1923): key:1923 tmp:2
07-25 14:42:09.870 D/DisplayPowerController[0]( 1923): requestPowerState: policy=DOZE, useProximitySensor=false, screenBrightnessOverride=-1.0, useAutoBrightness=false, screenAutoBrightnessAdjustmentOverride=NaN, screenLowPowerBrightnessFactor=1.0, blockScreenOn=false, lowPowerMode=false, boostScreenBrightness=false, dozeScreenBrightness=NaN, dozeScreenState=UNKNOWN, waitForNegativeProximity=false displayReady=false pendingRequest=true
07-25 14:42:09.870 D/DisplayManagerServiceExtImpl( 1923): request size(1,1),dpc=com.android.server.display.DisplayPowerController@65c876f size(0,1),flags=0X200F,id(0,0,local:4627039422300187648),enable=true,ready=false,waitForNegativeProximity=false policy=DOZE,useProximitySensor=false,dozeState=UNKNOWN,screenBrightnessOverride=-1.000000,useAuto=false,lowPower=false,lowPowerFactor=1.000000
07-25 14:42:09.875 I/WindowManager( 1923): Window{b5ea154 u0 com.Slack/slack.features.messagedetails.MessageDetailsActivity} state from HAS_DRAWN to NO_SURFACE; reason: destroySurface
07-25 14:42:09.876 D/DisplayPowerController[0]( 1923): updatePowerStateInternal policy:OFF->DOZE,state:OFF->OFF policy=DOZE, useProximitySensor=false, screenBrightnessOverride=-1.0, useAutoBrightness=false, screenAutoBrightnessAdjustmentOverride=NaN, screenLowPowerBrightnessFactor=1.0, blockScreenOn=false, lowPowerMode=false, boostScreenBrightness=false, dozeScreenBrightness=NaN, dozeScreenState=UNKNOWN
07-25 14:42:09.876 D/OplusPowerManagerHelper( 1923): [onGoToSleep]
07-25 14:42:09.876 D/ActivityTaskManager( 1923): Clearing startingData for token=null
07-25 14:42:09.877 E/OplusCustomizeRestrictionManagerService( 1923): isBiometricDisabled start
07-25 14:42:09.877 D/OplusFeatureAOD( 1923): notifySfUnBlockScreenOn
07-25 14:42:09.887 D/NotifierExtImpl( 1923): notifyScreenOnOff: on = false
07-25 14:42:09.887 D/OplusPowerManagerServiceEnhance( 1923): notifyScreenOnOff on=false
07-25 14:42:09.887 I/WindowManager( 1923): Window{c8b9190 u0 com.Slack/slack.features.home.HomeActivity} state from HAS_DRAWN to NO_SURFACE; reason: destroySurface
07-25 14:42:09.887 I/ActivityManager( 1923): Process com.google.android.apps.messaging (pid 20309) has died: cch+25 CEM 
07-25 14:42:09.888 D/ActivityTaskManager( 1923): Clearing startingData for token=null
07-25 14:42:09.890 W/UsageStatsService( 1923): Unexpected activity event reported! (com.Slack/slack.features.home.HomeActivity event : 23 instanceId : 13739802)
07-25 14:42:09.893 D/CompatibilityChangeReporter( 1923): Compat change id reported: 157233955; UID 1000; state: ENABLED
07-25 14:42:09.905 D/OplusGuardElfFeature( 1923): ICharger service = vendor.oplus.hardware.charger.ICharger$Stub$Proxy@9b86fa6
07-25 14:42:09.909 D/OplusGuardElfFeature( 1923): ICharger set value = 0
07-25 14:42:09.909 D/OplusGuardElfFeature( 1923): calling class name = ThermalControlUtils
07-25 14:42:09.911 D/OplusBatteryManager( 4732): set charge value = 0
07-25 14:42:09.927 D/CompatibilityChangeReporter( 1923): Compat change id reported: 161145287; UID 1000; state: ENABLED
07-25 14:42:09.927 D/CompatibilityChangeReporter( 1923): Compat change id reported: 161145287; UID 1000; state: DISABLED
07-25 14:42:09.931 D/NAS-CallIssueController[0]( 2870): ActionsExecuteStateMachine recv msg:5
07-25 14:42:09.944 D/NAS-CallIssueController[1]( 2870): ActionsExecuteStateMachine recv msg:5
07-25 14:42:09.965 D/OplusAlarmAdjustment( 1923): MSG_SCREEN_OFF, mAlignInterval=300000 ms, mScreenOffElapsed=4077833145 ms
07-25 14:42:10.029 D/CompatibilityChangeReporter( 1923): Compat change id reported: 161145287; UID 10097; state: ENABLED
07-25 14:42:10.050 W/Looper  ( 1923): Slow dispatch took 131ms main h=android.app.ActivityThread$H c=android.app.LoadedApk$ReceiverDispatcher$Args$$ExternalSyntheticLambda0@3875f92 m=0
07-25 14:42:10.055 I/PowerManagerService( 1923): onFlip(): Face up.
07-25 14:42:10.055 D/PowerManagerService( 1923): onFlip: isFaceDown=false
07-25 14:42:10.055 D/PowerManagerService( 1923): userActivityNoUpdateLocked: groupId=0, eventTime=2006884829, event=other, flags=0x0, uid=1000
07-25 14:42:10.075 I/VibratorManagerServiceExtImpl( 1923): vibrate is uid=1000, pid=1923, opPkg=android, effect=Mono{mEffect=Composed{segments=[Step{amplitude=0.0, frequencyHz=0.0, duration=0}, Step{amplitude=-1.0, frequencyHz=0.0, duration=200}, Step{amplitude=0.0, frequencyHz=0.0, duration=200}, Step{amplitude=-1.0, frequencyHz=0.0, duration=0}], repeat=-1}}, attributes=VibrationAttributes: Usage=NOTIFICATION Audio Usage= USAGE_NOTIFICATION Flags=0, token=171011336
07-25 14:42:10.075 W/VibrationScaler( 1923): Got unexpected vibration intensity: 1800
07-25 14:42:10.075 E/VibrationScaler( 1923): No configured scaling level! (current=1800, default= 2)
07-25 14:42:10.086 D/OplusFeatureColorMode( 1923): +updateUserDreaming
07-25 14:42:10.098 D/OplusFeatureMEMCGame_PW( 1923): screen off
07-25 14:42:10.120 D/CompatibilityChangeReporter( 1923): Compat change id reported: 171306433; UID 1000; state: ENABLED
07-25 14:42:10.121 D/CompatibilityChangeReporter( 1923): Compat change id reported: 218533173; UID 1000; state: ENABLED
07-25 14:42:10.132 W/PackageManager( 1923): package com.Slack uid 10363 pid 10980 call SetEnabledSetting(com.Slack component = slack.features.customstatus.widget.CustomStatusWidgetReceiver, 2, 0)
07-25 14:42:10.134 D/OplusFeatureBrightnessBarController( 1923): screen state:false
07-25 14:42:10.137 D/OplusFeatureAOD( 1923): key:1923 tmp:3
07-25 14:42:10.138 D/DisplayPowerController[0]( 1923): requestPowerState: policy=DOZE, useProximitySensor=false, screenBrightnessOverride=-1.0, useAutoBrightness=false, screenAutoBrightnessAdjustmentOverride=NaN, screenLowPowerBrightnessFactor=1.0, blockScreenOn=false, lowPowerMode=false, boostScreenBrightness=false, dozeScreenBrightness=NaN, dozeScreenState=DOZE, waitForNegativeProximity=false displayReady=false pendingRequest=true
07-25 14:42:10.139 D/OplusUserManagerServiceEnhance( 1923): getMultiSystemUserId  res = -10000
07-25 14:42:10.141 D/DisplayManagerServiceExtImpl( 1923): request size(1,1),dpc=com.android.server.display.DisplayPowerController@65c876f size(0,1),flags=0X200F,id(0,0,local:4627039422300187648),enable=true,ready=false,waitForNegativeProximity=false policy=DOZE,useProximitySensor=false,dozeState=DOZE,screenBrightnessOverride=-1.000000,useAuto=false,lowPower=false,lowPowerFactor=1.000000
07-25 14:42:10.145 D/OplusUserManagerServiceEnhance( 1923): getMultiSystemUserId  res = -10000
07-25 14:42:10.150 D/OplusUserManagerServiceEnhance( 1923): getMultiSystemUserId  res = -10000
07-25 14:42:10.150 D/BackLightStat( 1923): setScreenState: state changed:OFF->DOZE
07-25 14:42:10.151 D/DeviceStateProviderImpl( 1923): keyguard show or sleep: false mLastReportedState 0
07-25 14:42:10.151 D/DisplayPowerState[0]( 1923): setColorFadeLevel: level=1.0
07-25 14:42:10.153 W/AlarmManager( 1923): Alarms must either supply a PendingIntent or an AlarmReceiver
07-25 14:42:10.154 D/VRR [OPlusRefreshRateService]( 1923): handleScreenStateChange state: 3
07-25 14:42:10.156 D/OplusFeatureHDREnhanceBrightness( 1923): setAnimating : displayId[0]=true
07-25 14:42:10.156 D/OplusFeatureReduceBrightness( 1923): setAnimating : animating = true
07-25 14:42:10.156 D/OplusFeatureEdrEnhanceBrightness( 1923): setAnimating: true
07-25 14:42:10.156 D/OplusFeaturePwEdrEnhanceBrightness( 1923): setAnimating: true
07-25 14:42:10.157 D/DpcExtImpl[0]( 1923): Animating brightness: target=12->0,rate=6400->6400,type=manual,byUse=false local:4627039422300187648
07-25 14:42:10.162 V/UsbDeviceManager( 1923): onKeyguardStateChanged: isShowing:false secure:true user:0
07-25 14:42:10.177 V/UsbDeviceManager( 1923): onKeyguardStateChanged: isShowing:false secure:true user:0
07-25 14:42:10.192 D/OplusSmartBrightnessController( 1923): add for debug Aod brightness set 1.0
07-25 14:42:10.193 D/DisplayPowerState[0]( 1923): Updating screen state: id=0, state=DOZE, backlight=1.0, sdrBacklight=1.0
07-25 14:42:10.193 D/OplusFeatureHDREnhanceBrightness( 1923): setAnimating : displayId[0]=false
07-25 14:42:10.193 D/OplusFeatureReduceBrightness( 1923): setAnimating : animating = false
07-25 14:42:10.196 D/OplusFeatureEdrEnhanceBrightness( 1923): setAnimating: false
07-25 14:42:10.196 D/OplusFeaturePwEdrEnhanceBrightness( 1923): setAnimating: false
07-25 14:42:10.196 D/OplusSmartBrightnessController( 1923): add for debug Aod brightness set 1.0
07-25 14:42:10.198 D/OplusSmartBrightnessController( 1923): requestDisplayState isFirstDisplay=true state=3 globalDisplayState=0x3
07-25 14:42:10.198 I/DisplayDeviceRepository( 1923): Display device changed state: "Built-in screen", DOZE
07-25 14:42:10.199 D/LogicalDisplayExt( 1923): set displayInfo flag FLAG_ROTATES_WITH_CONTENT
07-25 14:42:10.199 D/LocalDisplayAdapter( 1923): setDisplayState(id=4627039422300187648 isFirstDisplay=true state changed:OFF->DOZE) t-Name=PhotonicModulator
07-25 14:42:10.201 D/DisplayManagerServiceExtImpl( 1923): scheduleTraversalLocked intraversal=false
07-25 14:42:10.201 I/DisplayManagerServiceExtImpl( 1923): handle logical display changed logicalDisplay=id=0,stack=0,content=true,displayInfo{stack=0,type=1,id=0,uId=local:4627039422300187648,state=DOZE,pkg=null}
07-25 14:42:10.201 D/DisplayManagerService( 1923): Delivering display event: displayId=0, event=2
07-25 14:42:10.204 D/DisplayManagerService( 1923): Ignore redundant display event 0/2 to 10121/11151
07-25 14:42:10.204 D/DisplayManagerService( 1923): Ignore redundant display event 0/2 to 10249/15193
07-25 14:42:10.204 D/DisplayManagerService( 1923): Ignore redundant display event 0/2 to 10136/15605
07-25 14:42:10.204 D/DisplayManagerService( 1923): Ignore redundant display event 0/2 to 10093/15647
07-25 14:42:10.205 D/DisplayManagerService( 1923): Ignore redundant display event 0/2 to 10439/18436
07-25 14:42:10.205 D/DisplayManagerService( 1923): MSG_REQUEST_TRAVERSAL pendingCompleted=false
07-25 14:42:10.206 D/OplusVFXScreenEffectFeature( 1923): notifySFCompatWindowStateChange entered false
07-25 14:42:10.206 D/FlexibleWindowManager( 1923): physicalDisplayChangedForFlexibleWindow displayId 0, current display info 1080 x 2412, new display info 1080 x 2412
07-25 14:42:10.206 D/FlexibleTaskController( 1923): onDisplayChanged displayId#0 ,cur:1080x2412 ,new:1080x2412
07-25 14:42:10.206 D/FlexibleTaskController( 1923): onDisplayChanged displayId not support flexible.
07-25 14:42:10.206 D/FlexibleWindowManager( 1923): physicalDisplayChangedForFlexibleWindow return for unsupported devices
07-25 14:42:10.209 D/DisplayManagerService( 1923): performTraversalInternal pendingTraversal
07-25 14:42:10.209 D/DisplayDevice( 1923): setLayerStackLocked id=local:4627039422300187648 token=android.os.BinderProxy@dde947c stack=-1->0
07-25 14:42:10.209 I/DisplayDevice( 1923): [0] Layerstack set to 0 for local:4627039422300187648
07-25 14:42:10.231 D/OplusUserManagerServiceEnhance( 1923): getMultiSystemUserId  res = -10000
07-25 14:42:10.233 D/OplusUserManagerServiceEnhance( 1923): getMultiSystemUserId  res = -10000
07-25 14:42:10.235 I/WallpaperManagerServiceExt( 1923): removeDisplayData. displayId = 0
07-25 14:42:10.245 D/OplusBatteryManager( 1923): getPsyBatteryRm: 2640
07-25 14:42:10.246 D/OplusBatteryManager( 1923): getPsyBatteryRm: 2640
07-25 14:42:10.247 W/OplusStorageManagerFeature( 1923): turn screenOff, maintPrepared:false
07-25 14:42:10.250 D/vold    (  593): ufshid started
07-25 14:42:10.252 I/vold    (  593): [libfs_mgr] mgs test solvit start
07-25 14:42:10.252 I/vold    (  593): [libfs_mgr] stream not support 
07-25 14:42:10.253 D/vold    (  593): ufshid end
07-25 14:42:10.263 D/WindowManagerServiceExtImpl( 1923): extractConfigInfoAndRealFlags rotation=0, screenDp=720, win=Window{c31e6ba u0 NotificationShade}
07-25 14:42:10.264 V/WindowManager( 1923): Relayout Window{c31e6ba u0 NotificationShade}: viewVisibility=0, oldvis=4, req=1080x2412, vsysui=
07-25 14:42:10.264 I/WindowManager( 1923): Window{c31e6ba u0 NotificationShade} state from NO_SURFACE to DRAW_PENDING; reason: resetDrawState
07-25 14:42:10.267 I/OplusSmartBrightnessController( 1923): handleMessage MSG_SET_SETTINGS_MIN_BRI_PREVIEW false
07-25 14:42:10.272 D/DisplayContentExtImpl( 1923): target is same with the last, remove the ime snapshot immediately.
07-25 14:42:10.273 D/WindowManager( 1923): updateOrientation: mLastOrientation = SCREEN_ORIENTATION_UNSPECIFIED(-1) newOrientation = SCREEN_ORIENTATION_NOSENSOR(5) forceUpdate = false LastOrientationSource = Window{c31e6ba u0 NotificationShade}
07-25 14:42:10.274 D/WindowManager( 1923): rotation(ROTATION_0) no changed.
07-25 14:42:10.274 I/OplusAppSwitchManagerService( 1923): appswitch unregisterAppSwitchObserver pkgName = com.heytap.accessory config = OplusAppSwitchConfig = {  mConfigs = {} observerFingerPrint = 27051057}
07-25 14:42:10.274 I/OplusAppSwitchStateDispatcher( 1923): unregisterAppSwitchObserver ok, pkgName = com.heytap.accessory info = OplusAppSwitchRuleInfo = {  observer = null observerFingerPrint = 27051057}
07-25 14:42:10.276 W/VRI[NotificationShade](14113): updateBlastSurfaceIfNeeded, surfaceSize:Point(1080, 2412), lastSurfaceSize:Point(1080, 2412), format:-3, blastBufferQueue:null
07-25 14:42:10.429 I/WindowManager( 1923): Window{c31e6ba u0 NotificationShade} state from DRAW_PENDING to COMMIT_DRAW_PENDING; reason: finishDrawingLocked
07-25 14:42:10.432 I/WindowManager( 1923): Window{c31e6ba u0 NotificationShade} state from COMMIT_DRAW_PENDING to READY_TO_SHOW; reason: commitFinishDrawingLocked
07-25 14:42:10.436 I/WindowManager( 1923): Window{c31e6ba u0 NotificationShade} state from READY_TO_SHOW to HAS_DRAWN; reason: performShowLocked
07-25 14:42:10.445 I/DisplayDeviceRepository( 1923): Display device changed state: "Built-in screen", DOZE
07-25 14:42:10.445 D/LogicalDisplayExt( 1923): set displayInfo flag FLAG_ROTATES_WITH_CONTENT
07-25 14:42:10.452 D/DisplayManagerServiceExtImpl( 1923): scheduleTraversalLocked intraversal=false
07-25 14:42:10.452 I/DisplayManagerServiceExtImpl( 1923): handle logical display changed logicalDisplay=id=0,stack=0,content=true,displayInfo{stack=0,type=1,id=0,uId=local:4627039422300187648,state=DOZE,pkg=null}
07-25 14:42:10.452 D/DisplayManagerService( 1923): Delivering display event: displayId=0, event=2
07-25 14:42:10.459 I/WallpaperManagerServiceExt( 1923): removeDisplayData. displayId = 0
07-25 14:42:10.461 D/DisplayManagerService( 1923): Ignore redundant display event 0/2 to 10249/15193
07-25 14:42:10.461 D/DisplayManagerService( 1923): Ignore redundant display event 0/2 to 10136/15605
07-25 14:42:10.461 D/DisplayManagerService( 1923): Ignore redundant display event 0/2 to 10439/18436
07-25 14:42:10.462 D/DisplayManagerService( 1923): MSG_REQUEST_TRAVERSAL pendingCompleted=false
07-25 14:42:10.469 D/OplusFeatureMEMCGame_PW( 1923): OnNotificationChange enable=true mLastIrisIMVACT=false mLastIrisIMVPKG=false mLastIrisEMVMANUAL=false mLastIrisEMVAUTO=false mLastIrisSR=false mLastIrisSdr2hdr=false mLastIrisEdr=false mLastIrisHESR=false
07-25 14:42:10.469 D/DisplayManagerService( 1923): performTraversalInternal pendingTraversal
07-25 14:42:10.469 D/DisplayDevice( 1923): setLayerStackLocked id=local:4627039422300187648 token=android.os.BinderProxy@dde947c stack=0->0
07-25 14:42:10.471 D/OplusFeatureDCBacklight( 1923): notifySfRepaintEverything begin mCurrentDCMode:0brightness=1threshold=260
07-25 14:42:10.472 D/OplusSmartBrightnessController( 1923): brightness(primary) = 1, brightness color = 1.0, brightness nit = 1.9715624,id:4627039422300187648 provider=false,verbose[auto=false,dragging=false,lowAnimating=false,hdrAnimating=false,needUpdate=true,window=false,dolbyRecord=false,edrEnhance=false,cover=false,isFirst=true,onlyOne=false,isDragAnimating=false,noAnim=false,state=DOZE,smbPreview=false]
07-25 14:42:10.473 D/OplusSmartBrightnessController( 1923): add for debug Aod brightness set 1.0
07-25 14:42:10.477 D/OplusVFXScreenEffectFeature( 1923): notifySFCompatWindowStateChange entered false
07-25 14:42:10.477 D/FlexibleWindowManager( 1923): physicalDisplayChangedForFlexibleWindow displayId 0, current display info 1080 x 2412, new display info 1080 x 2412
07-25 14:42:10.477 D/FlexibleTaskController( 1923): onDisplayChanged displayId#0 ,cur:1080x2412 ,new:1080x2412
07-25 14:42:10.477 D/FlexibleTaskController( 1923): onDisplayChanged displayId not support flexible.
07-25 14:42:10.477 D/FlexibleWindowManager( 1923): physicalDisplayChangedForFlexibleWindow return for unsupported devices
07-25 14:42:10.485 D/OplusUserManagerServiceEnhance( 1923): getMultiSystemUserId  res = -10000
07-25 14:42:10.494 D/OplusUserManagerServiceEnhance( 1923): getMultiSystemUserId  res = -10000
07-25 14:42:10.498 D/OplusUserManagerServiceEnhance( 1923): getMultiSystemUserId  res = -10000
07-25 14:42:10.563 D/OplusUserManagerServiceEnhance( 1923): getMultiSystemUserId  res = -10000
07-25 14:42:10.567 D/OplusUserManagerServiceEnhance( 1923): getMultiSystemUserId  res = -10000
07-25 14:42:10.597 W/VRI[NotificationShade](14113): updateBlastSurfaceIfNeeded, surfaceSize:Point(1080, 2412), lastSurfaceSize:Point(1080, 2412), format:-3, blastBufferQueue:android.graphics.BLASTBufferQueue@2f1538d
07-25 14:42:10.602 D/WindowManagerServiceExtImpl( 1923): extractConfigInfoAndRealFlags rotation=0, screenDp=720, win=Window{c31e6ba u0 NotificationShade}
07-25 14:42:10.603 V/WindowManager( 1923): Relayout Window{c31e6ba u0 NotificationShade}: viewVisibility=0, oldvis=0, req=1080x2412, vsysui=
